ARM GAS  C:\Users\ingan\AppData\Local\Temp\ccksDoJR.s 			page 1


   1              		.syntax unified
   2              		.cpu cortex-m3
   3              		.fpu softvfp
   4              		.eabi_attribute 20, 1
   5              		.eabi_attribute 21, 1
   6              		.eabi_attribute 23, 3
   7              		.eabi_attribute 24, 1
   8              		.eabi_attribute 25, 1
   9              		.eabi_attribute 26, 1
  10              		.eabi_attribute 30, 4
  11              		.eabi_attribute 34, 1
  12              		.eabi_attribute 18, 4
  13              		.thumb
  14              		.syntax unified
  15              		.file	"Opamp_1.c"
  16              		.text
  17              	.Ltext0:
  18              		.cfi_sections	.debug_frame
  19              		.section	.text.Opamp_1_Enable,"ax",%progbits
  20              		.align	1
  21              		.global	Opamp_1_Enable
  22              		.thumb
  23              		.thumb_func
  24              		.type	Opamp_1_Enable, %function
  25              	Opamp_1_Enable:
  26              	.LFB1:
  27              		.file 1 "Generated_Source\\PSoC5\\Opamp_1.c"
   1:Generated_Source\PSoC5/Opamp_1.c **** /*******************************************************************************
   2:Generated_Source\PSoC5/Opamp_1.c **** * File Name: Opamp_1.c
   3:Generated_Source\PSoC5/Opamp_1.c **** * Version 1.90
   4:Generated_Source\PSoC5/Opamp_1.c **** *
   5:Generated_Source\PSoC5/Opamp_1.c **** * Description:
   6:Generated_Source\PSoC5/Opamp_1.c **** *  This file provides the source code to the API for OpAmp (Analog Buffer) 
   7:Generated_Source\PSoC5/Opamp_1.c **** *  Component.
   8:Generated_Source\PSoC5/Opamp_1.c **** *
   9:Generated_Source\PSoC5/Opamp_1.c **** * Note:
  10:Generated_Source\PSoC5/Opamp_1.c **** *
  11:Generated_Source\PSoC5/Opamp_1.c **** ********************************************************************************
  12:Generated_Source\PSoC5/Opamp_1.c **** * Copyright 2008-2012, Cypress Semiconductor Corporation.  All rights reserved.
  13:Generated_Source\PSoC5/Opamp_1.c **** * You may use this file only in accordance with the license, terms, conditions, 
  14:Generated_Source\PSoC5/Opamp_1.c **** * disclaimers, and limitations in the end user license agreement accompanying 
  15:Generated_Source\PSoC5/Opamp_1.c **** * the software package with which this file was provided.
  16:Generated_Source\PSoC5/Opamp_1.c **** *******************************************************************************/
  17:Generated_Source\PSoC5/Opamp_1.c **** 
  18:Generated_Source\PSoC5/Opamp_1.c **** #include "Opamp_1.h"
  19:Generated_Source\PSoC5/Opamp_1.c **** 
  20:Generated_Source\PSoC5/Opamp_1.c **** uint8 Opamp_1_initVar = 0u;
  21:Generated_Source\PSoC5/Opamp_1.c **** 
  22:Generated_Source\PSoC5/Opamp_1.c **** 
  23:Generated_Source\PSoC5/Opamp_1.c **** /*******************************************************************************   
  24:Generated_Source\PSoC5/Opamp_1.c **** * Function Name: Opamp_1_Init
  25:Generated_Source\PSoC5/Opamp_1.c **** ********************************************************************************
  26:Generated_Source\PSoC5/Opamp_1.c **** *
  27:Generated_Source\PSoC5/Opamp_1.c **** * Summary:
  28:Generated_Source\PSoC5/Opamp_1.c **** *  Initialize component's parameters to the parameters set by user in the 
  29:Generated_Source\PSoC5/Opamp_1.c **** *  customizer of the component placed onto schematic. Usually called in 
  30:Generated_Source\PSoC5/Opamp_1.c **** *  Opamp_1_Start().
ARM GAS  C:\Users\ingan\AppData\Local\Temp\ccksDoJR.s 			page 2


  31:Generated_Source\PSoC5/Opamp_1.c **** *
  32:Generated_Source\PSoC5/Opamp_1.c **** * Parameters:
  33:Generated_Source\PSoC5/Opamp_1.c **** *  void
  34:Generated_Source\PSoC5/Opamp_1.c **** *
  35:Generated_Source\PSoC5/Opamp_1.c **** * Return:
  36:Generated_Source\PSoC5/Opamp_1.c **** *  void
  37:Generated_Source\PSoC5/Opamp_1.c **** *
  38:Generated_Source\PSoC5/Opamp_1.c **** *******************************************************************************/
  39:Generated_Source\PSoC5/Opamp_1.c **** void Opamp_1_Init(void) 
  40:Generated_Source\PSoC5/Opamp_1.c **** {
  41:Generated_Source\PSoC5/Opamp_1.c ****     Opamp_1_SetPower(Opamp_1_DEFAULT_POWER);
  42:Generated_Source\PSoC5/Opamp_1.c **** }
  43:Generated_Source\PSoC5/Opamp_1.c **** 
  44:Generated_Source\PSoC5/Opamp_1.c **** 
  45:Generated_Source\PSoC5/Opamp_1.c **** /*******************************************************************************   
  46:Generated_Source\PSoC5/Opamp_1.c **** * Function Name: Opamp_1_Enable
  47:Generated_Source\PSoC5/Opamp_1.c **** ********************************************************************************
  48:Generated_Source\PSoC5/Opamp_1.c **** *
  49:Generated_Source\PSoC5/Opamp_1.c **** * Summary:
  50:Generated_Source\PSoC5/Opamp_1.c **** *  Enables the OpAmp block operation
  51:Generated_Source\PSoC5/Opamp_1.c **** *
  52:Generated_Source\PSoC5/Opamp_1.c **** * Parameters:
  53:Generated_Source\PSoC5/Opamp_1.c **** *  void
  54:Generated_Source\PSoC5/Opamp_1.c **** *
  55:Generated_Source\PSoC5/Opamp_1.c **** * Return:
  56:Generated_Source\PSoC5/Opamp_1.c **** *  void
  57:Generated_Source\PSoC5/Opamp_1.c **** *
  58:Generated_Source\PSoC5/Opamp_1.c **** *******************************************************************************/
  59:Generated_Source\PSoC5/Opamp_1.c **** void Opamp_1_Enable(void) 
  60:Generated_Source\PSoC5/Opamp_1.c **** {
  28              		.loc 1 60 0
  29              		.cfi_startproc
  30              		@ args = 0, pretend = 0, frame = 0
  31              		@ frame_needed = 0, uses_anonymous_args = 0
  32              		@ link register save eliminated.
  61:Generated_Source\PSoC5/Opamp_1.c ****     /* Enable negative charge pumps in ANIF */
  62:Generated_Source\PSoC5/Opamp_1.c ****     Opamp_1_PUMP_CR1_REG  |= (Opamp_1_PUMP_CR1_CLKSEL | Opamp_1_PUMP_CR1_FORCE);
  33              		.loc 1 62 0
  34 0000 084A     		ldr	r2, .L2
  35 0002 1378     		ldrb	r3, [r2]	@ zero_extendqisi2
  36 0004 43F06003 		orr	r3, r3, #96
  37 0008 1370     		strb	r3, [r2]
  63:Generated_Source\PSoC5/Opamp_1.c **** 
  64:Generated_Source\PSoC5/Opamp_1.c ****     /* Enable power to buffer in active mode */
  65:Generated_Source\PSoC5/Opamp_1.c ****     Opamp_1_PM_ACT_CFG_REG |= Opamp_1_ACT_PWR_EN;
  38              		.loc 1 65 0
  39 000a A2F5A652 		sub	r2, r2, #5312
  40 000e 133A     		subs	r2, r2, #19
  41 0010 1378     		ldrb	r3, [r2]	@ zero_extendqisi2
  42 0012 43F00803 		orr	r3, r3, #8
  43 0016 1370     		strb	r3, [r2]
  66:Generated_Source\PSoC5/Opamp_1.c **** 
  67:Generated_Source\PSoC5/Opamp_1.c ****     /* Enable power to buffer in alternative active mode */
  68:Generated_Source\PSoC5/Opamp_1.c ****     Opamp_1_PM_STBY_CFG_REG |= Opamp_1_STBY_PWR_EN;
  44              		.loc 1 68 0
  45 0018 137C     		ldrb	r3, [r2, #16]	@ zero_extendqisi2
  46 001a 43F00803 		orr	r3, r3, #8
ARM GAS  C:\Users\ingan\AppData\Local\Temp\ccksDoJR.s 			page 3


  47 001e 1374     		strb	r3, [r2, #16]
  48 0020 7047     		bx	lr
  49              	.L3:
  50 0022 00BF     		.align	2
  51              	.L2:
  52 0024 77580040 		.word	1073764471
  53              		.cfi_endproc
  54              	.LFE1:
  55              		.size	Opamp_1_Enable, .-Opamp_1_Enable
  56              		.section	.text.Opamp_1_Stop,"ax",%progbits
  57              		.align	1
  58              		.global	Opamp_1_Stop
  59              		.thumb
  60              		.thumb_func
  61              		.type	Opamp_1_Stop, %function
  62              	Opamp_1_Stop:
  63              	.LFB3:
  69:Generated_Source\PSoC5/Opamp_1.c **** }
  70:Generated_Source\PSoC5/Opamp_1.c **** 
  71:Generated_Source\PSoC5/Opamp_1.c **** 
  72:Generated_Source\PSoC5/Opamp_1.c **** /*******************************************************************************
  73:Generated_Source\PSoC5/Opamp_1.c **** * Function Name:   Opamp_1_Start
  74:Generated_Source\PSoC5/Opamp_1.c **** ********************************************************************************
  75:Generated_Source\PSoC5/Opamp_1.c **** *
  76:Generated_Source\PSoC5/Opamp_1.c **** * Summary:
  77:Generated_Source\PSoC5/Opamp_1.c **** *  The start function initializes the Analog Buffer with the default values and 
  78:Generated_Source\PSoC5/Opamp_1.c **** *  sets the power to the given level. A power level of 0, is same as 
  79:Generated_Source\PSoC5/Opamp_1.c **** *  executing the stop function.
  80:Generated_Source\PSoC5/Opamp_1.c **** *
  81:Generated_Source\PSoC5/Opamp_1.c **** * Parameters:
  82:Generated_Source\PSoC5/Opamp_1.c **** *  void
  83:Generated_Source\PSoC5/Opamp_1.c **** *
  84:Generated_Source\PSoC5/Opamp_1.c **** * Return:
  85:Generated_Source\PSoC5/Opamp_1.c **** *  void
  86:Generated_Source\PSoC5/Opamp_1.c **** *
  87:Generated_Source\PSoC5/Opamp_1.c **** * Global variables:
  88:Generated_Source\PSoC5/Opamp_1.c **** *  Opamp_1_initVar: Used to check the initial configuration, modified 
  89:Generated_Source\PSoC5/Opamp_1.c **** *  when this function is called for the first time.
  90:Generated_Source\PSoC5/Opamp_1.c **** *
  91:Generated_Source\PSoC5/Opamp_1.c **** *******************************************************************************/
  92:Generated_Source\PSoC5/Opamp_1.c **** void Opamp_1_Start(void) 
  93:Generated_Source\PSoC5/Opamp_1.c **** {
  94:Generated_Source\PSoC5/Opamp_1.c ****     if(Opamp_1_initVar == 0u)
  95:Generated_Source\PSoC5/Opamp_1.c ****     {
  96:Generated_Source\PSoC5/Opamp_1.c ****         Opamp_1_initVar = 1u;
  97:Generated_Source\PSoC5/Opamp_1.c ****         Opamp_1_Init();
  98:Generated_Source\PSoC5/Opamp_1.c ****     }
  99:Generated_Source\PSoC5/Opamp_1.c **** 
 100:Generated_Source\PSoC5/Opamp_1.c ****     Opamp_1_Enable();
 101:Generated_Source\PSoC5/Opamp_1.c **** }
 102:Generated_Source\PSoC5/Opamp_1.c **** 
 103:Generated_Source\PSoC5/Opamp_1.c **** 
 104:Generated_Source\PSoC5/Opamp_1.c **** /*******************************************************************************
 105:Generated_Source\PSoC5/Opamp_1.c **** * Function Name: Opamp_1_Stop
 106:Generated_Source\PSoC5/Opamp_1.c **** ********************************************************************************
 107:Generated_Source\PSoC5/Opamp_1.c **** *
 108:Generated_Source\PSoC5/Opamp_1.c **** * Summary:
ARM GAS  C:\Users\ingan\AppData\Local\Temp\ccksDoJR.s 			page 4


 109:Generated_Source\PSoC5/Opamp_1.c **** *  Powers down amplifier to lowest power state.
 110:Generated_Source\PSoC5/Opamp_1.c **** *
 111:Generated_Source\PSoC5/Opamp_1.c **** * Parameters:
 112:Generated_Source\PSoC5/Opamp_1.c **** *  void
 113:Generated_Source\PSoC5/Opamp_1.c **** *
 114:Generated_Source\PSoC5/Opamp_1.c **** * Return:
 115:Generated_Source\PSoC5/Opamp_1.c **** *  void
 116:Generated_Source\PSoC5/Opamp_1.c **** *
 117:Generated_Source\PSoC5/Opamp_1.c **** *******************************************************************************/
 118:Generated_Source\PSoC5/Opamp_1.c **** void Opamp_1_Stop(void) 
 119:Generated_Source\PSoC5/Opamp_1.c **** {
  64              		.loc 1 119 0
  65              		.cfi_startproc
  66              		@ args = 0, pretend = 0, frame = 0
  67              		@ frame_needed = 0, uses_anonymous_args = 0
  68              		@ link register save eliminated.
 120:Generated_Source\PSoC5/Opamp_1.c ****     /* Disable power to buffer in active mode template */
 121:Generated_Source\PSoC5/Opamp_1.c ****     Opamp_1_PM_ACT_CFG_REG &= (uint8)(~Opamp_1_ACT_PWR_EN);
  69              		.loc 1 121 0
  70 0000 084B     		ldr	r3, .L7
 122:Generated_Source\PSoC5/Opamp_1.c **** 
 123:Generated_Source\PSoC5/Opamp_1.c ****     /* Disable power to buffer in alternative active mode template */
 124:Generated_Source\PSoC5/Opamp_1.c ****     Opamp_1_PM_STBY_CFG_REG &= (uint8)(~Opamp_1_STBY_PWR_EN);
  71              		.loc 1 124 0
  72 0002 0949     		ldr	r1, .L7+4
 121:Generated_Source\PSoC5/Opamp_1.c **** 
  73              		.loc 1 121 0
  74 0004 1A78     		ldrb	r2, [r3]	@ zero_extendqisi2
  75 0006 02F0F702 		and	r2, r2, #247
  76 000a 1A70     		strb	r2, [r3]
  77              		.loc 1 124 0
  78 000c 0A78     		ldrb	r2, [r1]	@ zero_extendqisi2
  79 000e 02F0F702 		and	r2, r2, #247
  80 0012 0A70     		strb	r2, [r1]
 125:Generated_Source\PSoC5/Opamp_1.c ****     
 126:Generated_Source\PSoC5/Opamp_1.c ****     /* Disable negative charge pumps for ANIF only if all ABuf is turned OFF */
 127:Generated_Source\PSoC5/Opamp_1.c ****     if(Opamp_1_PM_ACT_CFG_REG == 0u)
  81              		.loc 1 127 0
  82 0014 1B78     		ldrb	r3, [r3]	@ zero_extendqisi2
  83 0016 23B9     		cbnz	r3, .L4
 128:Generated_Source\PSoC5/Opamp_1.c ****     {
 129:Generated_Source\PSoC5/Opamp_1.c ****         Opamp_1_PUMP_CR1_REG &= (uint8)(~(Opamp_1_PUMP_CR1_CLKSEL | Opamp_1_PUMP_CR1_FORCE));
  84              		.loc 1 129 0
  85 0018 044A     		ldr	r2, .L7+8
  86 001a 1378     		ldrb	r3, [r2]	@ zero_extendqisi2
  87 001c 03F09F03 		and	r3, r3, #159
  88 0020 1370     		strb	r3, [r2]
  89              	.L4:
  90 0022 7047     		bx	lr
  91              	.L8:
  92              		.align	2
  93              	.L7:
  94 0024 A4430040 		.word	1073759140
  95 0028 B4430040 		.word	1073759156
  96 002c 77580040 		.word	1073764471
  97              		.cfi_endproc
  98              	.LFE3:
ARM GAS  C:\Users\ingan\AppData\Local\Temp\ccksDoJR.s 			page 5


  99              		.size	Opamp_1_Stop, .-Opamp_1_Stop
 100              		.section	.text.Opamp_1_SetPower,"ax",%progbits
 101              		.align	1
 102              		.global	Opamp_1_SetPower
 103              		.thumb
 104              		.thumb_func
 105              		.type	Opamp_1_SetPower, %function
 106              	Opamp_1_SetPower:
 107              	.LFB4:
 130:Generated_Source\PSoC5/Opamp_1.c ****     }
 131:Generated_Source\PSoC5/Opamp_1.c **** }
 132:Generated_Source\PSoC5/Opamp_1.c **** 
 133:Generated_Source\PSoC5/Opamp_1.c **** 
 134:Generated_Source\PSoC5/Opamp_1.c **** /*******************************************************************************
 135:Generated_Source\PSoC5/Opamp_1.c **** * Function Name: Opamp_1_SetPower
 136:Generated_Source\PSoC5/Opamp_1.c **** ********************************************************************************
 137:Generated_Source\PSoC5/Opamp_1.c **** *
 138:Generated_Source\PSoC5/Opamp_1.c **** * Summary:
 139:Generated_Source\PSoC5/Opamp_1.c **** *  Sets power level of Analog buffer.
 140:Generated_Source\PSoC5/Opamp_1.c **** *
 141:Generated_Source\PSoC5/Opamp_1.c **** * Parameters: 
 142:Generated_Source\PSoC5/Opamp_1.c **** *  power: PSoC3: Sets power level between low (1) and high power (3).
 143:Generated_Source\PSoC5/Opamp_1.c **** *         PSoC5: Sets power level High (0)
 144:Generated_Source\PSoC5/Opamp_1.c **** *
 145:Generated_Source\PSoC5/Opamp_1.c **** * Return:
 146:Generated_Source\PSoC5/Opamp_1.c **** *  void
 147:Generated_Source\PSoC5/Opamp_1.c **** *
 148:Generated_Source\PSoC5/Opamp_1.c **** **********************************************************************************/
 149:Generated_Source\PSoC5/Opamp_1.c **** void Opamp_1_SetPower(uint8 power) 
 150:Generated_Source\PSoC5/Opamp_1.c **** {
 108              		.loc 1 150 0
 109              		.cfi_startproc
 110              		@ args = 0, pretend = 0, frame = 0
 111              		@ frame_needed = 0, uses_anonymous_args = 0
 112              		@ link register save eliminated.
 113              	.LVL0:
 151:Generated_Source\PSoC5/Opamp_1.c ****     #if (CY_PSOC3 || CY_PSOC5LP)
 152:Generated_Source\PSoC5/Opamp_1.c ****         Opamp_1_CR_REG &= (uint8)(~Opamp_1_PWR_MASK);
 114              		.loc 1 152 0
 115 0000 054B     		ldr	r3, .L10
 153:Generated_Source\PSoC5/Opamp_1.c ****         Opamp_1_CR_REG |= power & Opamp_1_PWR_MASK;      /* Set device power */
 116              		.loc 1 153 0
 117 0002 00F00300 		and	r0, r0, #3
 118              	.LVL1:
 152:Generated_Source\PSoC5/Opamp_1.c ****         Opamp_1_CR_REG |= power & Opamp_1_PWR_MASK;      /* Set device power */
 119              		.loc 1 152 0
 120 0006 1A78     		ldrb	r2, [r3]	@ zero_extendqisi2
 121 0008 02F0FC02 		and	r2, r2, #252
 122 000c 1A70     		strb	r2, [r3]
 123              		.loc 1 153 0
 124 000e 1A78     		ldrb	r2, [r3]	@ zero_extendqisi2
 125 0010 1043     		orrs	r0, r0, r2
 126 0012 1870     		strb	r0, [r3]
 127 0014 7047     		bx	lr
 128              	.L11:
 129 0016 00BF     		.align	2
 130              	.L10:
ARM GAS  C:\Users\ingan\AppData\Local\Temp\ccksDoJR.s 			page 6


 131 0018 5E580040 		.word	1073764446
 132              		.cfi_endproc
 133              	.LFE4:
 134              		.size	Opamp_1_SetPower, .-Opamp_1_SetPower
 135              		.section	.text.Opamp_1_Init,"ax",%progbits
 136              		.align	1
 137              		.global	Opamp_1_Init
 138              		.thumb
 139              		.thumb_func
 140              		.type	Opamp_1_Init, %function
 141              	Opamp_1_Init:
 142              	.LFB0:
  40:Generated_Source\PSoC5/Opamp_1.c ****     Opamp_1_SetPower(Opamp_1_DEFAULT_POWER);
 143              		.loc 1 40 0
 144              		.cfi_startproc
 145              		@ args = 0, pretend = 0, frame = 0
 146              		@ frame_needed = 0, uses_anonymous_args = 0
 147              		@ link register save eliminated.
  41:Generated_Source\PSoC5/Opamp_1.c **** }
 148              		.loc 1 41 0
 149 0000 0120     		movs	r0, #1
 150 0002 FFF7FEBF 		b	Opamp_1_SetPower
 151              	.LVL2:
 152              		.cfi_endproc
 153              	.LFE0:
 154              		.size	Opamp_1_Init, .-Opamp_1_Init
 155              		.section	.text.Opamp_1_Start,"ax",%progbits
 156              		.align	1
 157              		.global	Opamp_1_Start
 158              		.thumb
 159              		.thumb_func
 160              		.type	Opamp_1_Start, %function
 161              	Opamp_1_Start:
 162              	.LFB2:
  93:Generated_Source\PSoC5/Opamp_1.c ****     if(Opamp_1_initVar == 0u)
 163              		.loc 1 93 0
 164              		.cfi_startproc
 165              		@ args = 0, pretend = 0, frame = 0
 166              		@ frame_needed = 0, uses_anonymous_args = 0
 167 0000 08B5     		push	{r3, lr}
 168              		.cfi_def_cfa_offset 8
 169              		.cfi_offset 3, -8
 170              		.cfi_offset 14, -4
  94:Generated_Source\PSoC5/Opamp_1.c ****     {
 171              		.loc 1 94 0
 172 0002 054B     		ldr	r3, .L15
 173 0004 1A78     		ldrb	r2, [r3]	@ zero_extendqisi2
 174 0006 1AB9     		cbnz	r2, .L14
  96:Generated_Source\PSoC5/Opamp_1.c ****         Opamp_1_Init();
 175              		.loc 1 96 0
 176 0008 0122     		movs	r2, #1
 177 000a 1A70     		strb	r2, [r3]
  97:Generated_Source\PSoC5/Opamp_1.c ****     }
 178              		.loc 1 97 0
 179 000c FFF7FEFF 		bl	Opamp_1_Init
 180              	.LVL3:
 181              	.L14:
ARM GAS  C:\Users\ingan\AppData\Local\Temp\ccksDoJR.s 			page 7


 101:Generated_Source\PSoC5/Opamp_1.c **** 
 182              		.loc 1 101 0
 183 0010 BDE80840 		pop	{r3, lr}
 184              		.cfi_restore 14
 185              		.cfi_restore 3
 186              		.cfi_def_cfa_offset 0
 100:Generated_Source\PSoC5/Opamp_1.c **** }
 187              		.loc 1 100 0
 188 0014 FFF7FEBF 		b	Opamp_1_Enable
 189              	.LVL4:
 190              	.L16:
 191              		.align	2
 192              	.L15:
 193 0018 00000000 		.word	.LANCHOR0
 194              		.cfi_endproc
 195              	.LFE2:
 196              		.size	Opamp_1_Start, .-Opamp_1_Start
 197              		.global	Opamp_1_initVar
 198              		.bss
 199              		.set	.LANCHOR0,. + 0
 200              		.type	Opamp_1_initVar, %object
 201              		.size	Opamp_1_initVar, 1
 202              	Opamp_1_initVar:
 203 0000 00       		.space	1
 204              		.text
 205              	.Letext0:
 206              		.file 2 "Generated_Source\\PSoC5\\cytypes.h"
 207              		.section	.debug_info,"",%progbits
 208              	.Ldebug_info0:
 209 0000 4D010000 		.4byte	0x14d
 210 0004 0400     		.2byte	0x4
 211 0006 00000000 		.4byte	.Ldebug_abbrev0
 212 000a 04       		.byte	0x4
 213 000b 01       		.uleb128 0x1
 214 000c 1B010000 		.4byte	.LASF21
 215 0010 0C       		.byte	0xc
 216 0011 D9000000 		.4byte	.LASF22
 217 0015 1B000000 		.4byte	.LASF23
 218 0019 00000000 		.4byte	.Ldebug_ranges0+0
 219 001d 00000000 		.4byte	0
 220 0021 00000000 		.4byte	.Ldebug_line0
 221 0025 02       		.uleb128 0x2
 222 0026 01       		.byte	0x1
 223 0027 06       		.byte	0x6
 224 0028 BC010000 		.4byte	.LASF0
 225 002c 02       		.uleb128 0x2
 226 002d 01       		.byte	0x1
 227 002e 08       		.byte	0x8
 228 002f C6000000 		.4byte	.LASF1
 229 0033 02       		.uleb128 0x2
 230 0034 02       		.byte	0x2
 231 0035 05       		.byte	0x5
 232 0036 E2010000 		.4byte	.LASF2
 233 003a 02       		.uleb128 0x2
 234 003b 02       		.byte	0x2
 235 003c 07       		.byte	0x7
 236 003d A9010000 		.4byte	.LASF3
ARM GAS  C:\Users\ingan\AppData\Local\Temp\ccksDoJR.s 			page 8


 237 0041 02       		.uleb128 0x2
 238 0042 04       		.byte	0x4
 239 0043 05       		.byte	0x5
 240 0044 FA000000 		.4byte	.LASF4
 241 0048 02       		.uleb128 0x2
 242 0049 04       		.byte	0x4
 243 004a 07       		.byte	0x7
 244 004b 7A000000 		.4byte	.LASF5
 245 004f 02       		.uleb128 0x2
 246 0050 08       		.byte	0x8
 247 0051 05       		.byte	0x5
 248 0052 00000000 		.4byte	.LASF6
 249 0056 02       		.uleb128 0x2
 250 0057 08       		.byte	0x8
 251 0058 07       		.byte	0x7
 252 0059 8C000000 		.4byte	.LASF7
 253 005d 03       		.uleb128 0x3
 254 005e 04       		.byte	0x4
 255 005f 05       		.byte	0x5
 256 0060 696E7400 		.ascii	"int\000"
 257 0064 02       		.uleb128 0x2
 258 0065 04       		.byte	0x4
 259 0066 07       		.byte	0x7
 260 0067 0E000000 		.4byte	.LASF8
 261 006b 04       		.uleb128 0x4
 262 006c 74000000 		.4byte	.LASF12
 263 0070 02       		.byte	0x2
 264 0071 E401     		.2byte	0x1e4
 265 0073 2C000000 		.4byte	0x2c
 266 0077 02       		.uleb128 0x2
 267 0078 04       		.byte	0x4
 268 0079 04       		.byte	0x4
 269 007a A3000000 		.4byte	.LASF9
 270 007e 02       		.uleb128 0x2
 271 007f 08       		.byte	0x8
 272 0080 04       		.byte	0x4
 273 0081 03010000 		.4byte	.LASF10
 274 0085 02       		.uleb128 0x2
 275 0086 01       		.byte	0x1
 276 0087 08       		.byte	0x8
 277 0088 D4000000 		.4byte	.LASF11
 278 008c 04       		.uleb128 0x4
 279 008d EC010000 		.4byte	.LASF13
 280 0091 02       		.byte	0x2
 281 0092 8E02     		.2byte	0x28e
 282 0094 98000000 		.4byte	0x98
 283 0098 05       		.uleb128 0x5
 284 0099 6B000000 		.4byte	0x6b
 285 009d 02       		.uleb128 0x2
 286 009e 08       		.byte	0x8
 287 009f 04       		.byte	0x4
 288 00a0 C8010000 		.4byte	.LASF14
 289 00a4 02       		.uleb128 0x2
 290 00a5 04       		.byte	0x4
 291 00a6 07       		.byte	0x7
 292 00a7 F7010000 		.4byte	.LASF15
 293 00ab 06       		.uleb128 0x6
ARM GAS  C:\Users\ingan\AppData\Local\Temp\ccksDoJR.s 			page 9


 294 00ac 00020000 		.4byte	.LASF16
 295 00b0 01       		.byte	0x1
 296 00b1 3B       		.byte	0x3b
 297 00b2 00000000 		.4byte	.LFB1
 298 00b6 28000000 		.4byte	.LFE1-.LFB1
 299 00ba 01       		.uleb128 0x1
 300 00bb 9C       		.byte	0x9c
 301 00bc 06       		.uleb128 0x6
 302 00bd 67000000 		.4byte	.LASF17
 303 00c1 01       		.byte	0x1
 304 00c2 76       		.byte	0x76
 305 00c3 00000000 		.4byte	.LFB3
 306 00c7 30000000 		.4byte	.LFE3-.LFB3
 307 00cb 01       		.uleb128 0x1
 308 00cc 9C       		.byte	0x9c
 309 00cd 07       		.uleb128 0x7
 310 00ce 0A010000 		.4byte	.LASF18
 311 00d2 01       		.byte	0x1
 312 00d3 95       		.byte	0x95
 313 00d4 00000000 		.4byte	.LFB4
 314 00d8 1C000000 		.4byte	.LFE4-.LFB4
 315 00dc 01       		.uleb128 0x1
 316 00dd 9C       		.byte	0x9c
 317 00de F2000000 		.4byte	0xf2
 318 00e2 08       		.uleb128 0x8
 319 00e3 F1010000 		.4byte	.LASF24
 320 00e7 01       		.byte	0x1
 321 00e8 95       		.byte	0x95
 322 00e9 6B000000 		.4byte	0x6b
 323 00ed 00000000 		.4byte	.LLST0
 324 00f1 00       		.byte	0
 325 00f2 07       		.uleb128 0x7
 326 00f3 B9000000 		.4byte	.LASF19
 327 00f7 01       		.byte	0x1
 328 00f8 27       		.byte	0x27
 329 00f9 00000000 		.4byte	.LFB0
 330 00fd 06000000 		.4byte	.LFE0-.LFB0
 331 0101 01       		.uleb128 0x1
 332 0102 9C       		.byte	0x9c
 333 0103 17010000 		.4byte	0x117
 334 0107 09       		.uleb128 0x9
 335 0108 06000000 		.4byte	.LVL2
 336 010c CD000000 		.4byte	0xcd
 337 0110 0A       		.uleb128 0xa
 338 0111 01       		.uleb128 0x1
 339 0112 50       		.byte	0x50
 340 0113 01       		.uleb128 0x1
 341 0114 31       		.byte	0x31
 342 0115 00       		.byte	0
 343 0116 00       		.byte	0
 344 0117 07       		.uleb128 0x7
 345 0118 D4010000 		.4byte	.LASF20
 346 011c 01       		.byte	0x1
 347 011d 5C       		.byte	0x5c
 348 011e 00000000 		.4byte	.LFB2
 349 0122 1C000000 		.4byte	.LFE2-.LFB2
 350 0126 01       		.uleb128 0x1
ARM GAS  C:\Users\ingan\AppData\Local\Temp\ccksDoJR.s 			page 10


 351 0127 9C       		.byte	0x9c
 352 0128 3F010000 		.4byte	0x13f
 353 012c 0B       		.uleb128 0xb
 354 012d 10000000 		.4byte	.LVL3
 355 0131 F2000000 		.4byte	0xf2
 356 0135 0C       		.uleb128 0xc
 357 0136 18000000 		.4byte	.LVL4
 358 013a AB000000 		.4byte	0xab
 359 013e 00       		.byte	0
 360 013f 0D       		.uleb128 0xd
 361 0140 A9000000 		.4byte	.LASF25
 362 0144 01       		.byte	0x1
 363 0145 14       		.byte	0x14
 364 0146 6B000000 		.4byte	0x6b
 365 014a 05       		.uleb128 0x5
 366 014b 03       		.byte	0x3
 367 014c 00000000 		.4byte	Opamp_1_initVar
 368 0150 00       		.byte	0
 369              		.section	.debug_abbrev,"",%progbits
 370              	.Ldebug_abbrev0:
 371 0000 01       		.uleb128 0x1
 372 0001 11       		.uleb128 0x11
 373 0002 01       		.byte	0x1
 374 0003 25       		.uleb128 0x25
 375 0004 0E       		.uleb128 0xe
 376 0005 13       		.uleb128 0x13
 377 0006 0B       		.uleb128 0xb
 378 0007 03       		.uleb128 0x3
 379 0008 0E       		.uleb128 0xe
 380 0009 1B       		.uleb128 0x1b
 381 000a 0E       		.uleb128 0xe
 382 000b 55       		.uleb128 0x55
 383 000c 17       		.uleb128 0x17
 384 000d 11       		.uleb128 0x11
 385 000e 01       		.uleb128 0x1
 386 000f 10       		.uleb128 0x10
 387 0010 17       		.uleb128 0x17
 388 0011 00       		.byte	0
 389 0012 00       		.byte	0
 390 0013 02       		.uleb128 0x2
 391 0014 24       		.uleb128 0x24
 392 0015 00       		.byte	0
 393 0016 0B       		.uleb128 0xb
 394 0017 0B       		.uleb128 0xb
 395 0018 3E       		.uleb128 0x3e
 396 0019 0B       		.uleb128 0xb
 397 001a 03       		.uleb128 0x3
 398 001b 0E       		.uleb128 0xe
 399 001c 00       		.byte	0
 400 001d 00       		.byte	0
 401 001e 03       		.uleb128 0x3
 402 001f 24       		.uleb128 0x24
 403 0020 00       		.byte	0
 404 0021 0B       		.uleb128 0xb
 405 0022 0B       		.uleb128 0xb
 406 0023 3E       		.uleb128 0x3e
 407 0024 0B       		.uleb128 0xb
ARM GAS  C:\Users\ingan\AppData\Local\Temp\ccksDoJR.s 			page 11


 408 0025 03       		.uleb128 0x3
 409 0026 08       		.uleb128 0x8
 410 0027 00       		.byte	0
 411 0028 00       		.byte	0
 412 0029 04       		.uleb128 0x4
 413 002a 16       		.uleb128 0x16
 414 002b 00       		.byte	0
 415 002c 03       		.uleb128 0x3
 416 002d 0E       		.uleb128 0xe
 417 002e 3A       		.uleb128 0x3a
 418 002f 0B       		.uleb128 0xb
 419 0030 3B       		.uleb128 0x3b
 420 0031 05       		.uleb128 0x5
 421 0032 49       		.uleb128 0x49
 422 0033 13       		.uleb128 0x13
 423 0034 00       		.byte	0
 424 0035 00       		.byte	0
 425 0036 05       		.uleb128 0x5
 426 0037 35       		.uleb128 0x35
 427 0038 00       		.byte	0
 428 0039 49       		.uleb128 0x49
 429 003a 13       		.uleb128 0x13
 430 003b 00       		.byte	0
 431 003c 00       		.byte	0
 432 003d 06       		.uleb128 0x6
 433 003e 2E       		.uleb128 0x2e
 434 003f 00       		.byte	0
 435 0040 3F       		.uleb128 0x3f
 436 0041 19       		.uleb128 0x19
 437 0042 03       		.uleb128 0x3
 438 0043 0E       		.uleb128 0xe
 439 0044 3A       		.uleb128 0x3a
 440 0045 0B       		.uleb128 0xb
 441 0046 3B       		.uleb128 0x3b
 442 0047 0B       		.uleb128 0xb
 443 0048 27       		.uleb128 0x27
 444 0049 19       		.uleb128 0x19
 445 004a 11       		.uleb128 0x11
 446 004b 01       		.uleb128 0x1
 447 004c 12       		.uleb128 0x12
 448 004d 06       		.uleb128 0x6
 449 004e 40       		.uleb128 0x40
 450 004f 18       		.uleb128 0x18
 451 0050 9742     		.uleb128 0x2117
 452 0052 19       		.uleb128 0x19
 453 0053 00       		.byte	0
 454 0054 00       		.byte	0
 455 0055 07       		.uleb128 0x7
 456 0056 2E       		.uleb128 0x2e
 457 0057 01       		.byte	0x1
 458 0058 3F       		.uleb128 0x3f
 459 0059 19       		.uleb128 0x19
 460 005a 03       		.uleb128 0x3
 461 005b 0E       		.uleb128 0xe
 462 005c 3A       		.uleb128 0x3a
 463 005d 0B       		.uleb128 0xb
 464 005e 3B       		.uleb128 0x3b
ARM GAS  C:\Users\ingan\AppData\Local\Temp\ccksDoJR.s 			page 12


 465 005f 0B       		.uleb128 0xb
 466 0060 27       		.uleb128 0x27
 467 0061 19       		.uleb128 0x19
 468 0062 11       		.uleb128 0x11
 469 0063 01       		.uleb128 0x1
 470 0064 12       		.uleb128 0x12
 471 0065 06       		.uleb128 0x6
 472 0066 40       		.uleb128 0x40
 473 0067 18       		.uleb128 0x18
 474 0068 9742     		.uleb128 0x2117
 475 006a 19       		.uleb128 0x19
 476 006b 01       		.uleb128 0x1
 477 006c 13       		.uleb128 0x13
 478 006d 00       		.byte	0
 479 006e 00       		.byte	0
 480 006f 08       		.uleb128 0x8
 481 0070 05       		.uleb128 0x5
 482 0071 00       		.byte	0
 483 0072 03       		.uleb128 0x3
 484 0073 0E       		.uleb128 0xe
 485 0074 3A       		.uleb128 0x3a
 486 0075 0B       		.uleb128 0xb
 487 0076 3B       		.uleb128 0x3b
 488 0077 0B       		.uleb128 0xb
 489 0078 49       		.uleb128 0x49
 490 0079 13       		.uleb128 0x13
 491 007a 02       		.uleb128 0x2
 492 007b 17       		.uleb128 0x17
 493 007c 00       		.byte	0
 494 007d 00       		.byte	0
 495 007e 09       		.uleb128 0x9
 496 007f 898201   		.uleb128 0x4109
 497 0082 01       		.byte	0x1
 498 0083 11       		.uleb128 0x11
 499 0084 01       		.uleb128 0x1
 500 0085 9542     		.uleb128 0x2115
 501 0087 19       		.uleb128 0x19
 502 0088 31       		.uleb128 0x31
 503 0089 13       		.uleb128 0x13
 504 008a 00       		.byte	0
 505 008b 00       		.byte	0
 506 008c 0A       		.uleb128 0xa
 507 008d 8A8201   		.uleb128 0x410a
 508 0090 00       		.byte	0
 509 0091 02       		.uleb128 0x2
 510 0092 18       		.uleb128 0x18
 511 0093 9142     		.uleb128 0x2111
 512 0095 18       		.uleb128 0x18
 513 0096 00       		.byte	0
 514 0097 00       		.byte	0
 515 0098 0B       		.uleb128 0xb
 516 0099 898201   		.uleb128 0x4109
 517 009c 00       		.byte	0
 518 009d 11       		.uleb128 0x11
 519 009e 01       		.uleb128 0x1
 520 009f 31       		.uleb128 0x31
 521 00a0 13       		.uleb128 0x13
ARM GAS  C:\Users\ingan\AppData\Local\Temp\ccksDoJR.s 			page 13


 522 00a1 00       		.byte	0
 523 00a2 00       		.byte	0
 524 00a3 0C       		.uleb128 0xc
 525 00a4 898201   		.uleb128 0x4109
 526 00a7 00       		.byte	0
 527 00a8 11       		.uleb128 0x11
 528 00a9 01       		.uleb128 0x1
 529 00aa 9542     		.uleb128 0x2115
 530 00ac 19       		.uleb128 0x19
 531 00ad 31       		.uleb128 0x31
 532 00ae 13       		.uleb128 0x13
 533 00af 00       		.byte	0
 534 00b0 00       		.byte	0
 535 00b1 0D       		.uleb128 0xd
 536 00b2 34       		.uleb128 0x34
 537 00b3 00       		.byte	0
 538 00b4 03       		.uleb128 0x3
 539 00b5 0E       		.uleb128 0xe
 540 00b6 3A       		.uleb128 0x3a
 541 00b7 0B       		.uleb128 0xb
 542 00b8 3B       		.uleb128 0x3b
 543 00b9 0B       		.uleb128 0xb
 544 00ba 49       		.uleb128 0x49
 545 00bb 13       		.uleb128 0x13
 546 00bc 3F       		.uleb128 0x3f
 547 00bd 19       		.uleb128 0x19
 548 00be 02       		.uleb128 0x2
 549 00bf 18       		.uleb128 0x18
 550 00c0 00       		.byte	0
 551 00c1 00       		.byte	0
 552 00c2 00       		.byte	0
 553              		.section	.debug_loc,"",%progbits
 554              	.Ldebug_loc0:
 555              	.LLST0:
 556 0000 00000000 		.4byte	.LVL0
 557 0004 06000000 		.4byte	.LVL1
 558 0008 0100     		.2byte	0x1
 559 000a 50       		.byte	0x50
 560 000b 06000000 		.4byte	.LVL1
 561 000f 1C000000 		.4byte	.LFE4
 562 0013 0400     		.2byte	0x4
 563 0015 F3       		.byte	0xf3
 564 0016 01       		.uleb128 0x1
 565 0017 50       		.byte	0x50
 566 0018 9F       		.byte	0x9f
 567 0019 00000000 		.4byte	0
 568 001d 00000000 		.4byte	0
 569              		.section	.debug_aranges,"",%progbits
 570 0000 3C000000 		.4byte	0x3c
 571 0004 0200     		.2byte	0x2
 572 0006 00000000 		.4byte	.Ldebug_info0
 573 000a 04       		.byte	0x4
 574 000b 00       		.byte	0
 575 000c 0000     		.2byte	0
 576 000e 0000     		.2byte	0
 577 0010 00000000 		.4byte	.LFB1
 578 0014 28000000 		.4byte	.LFE1-.LFB1
ARM GAS  C:\Users\ingan\AppData\Local\Temp\ccksDoJR.s 			page 14


 579 0018 00000000 		.4byte	.LFB3
 580 001c 30000000 		.4byte	.LFE3-.LFB3
 581 0020 00000000 		.4byte	.LFB4
 582 0024 1C000000 		.4byte	.LFE4-.LFB4
 583 0028 00000000 		.4byte	.LFB0
 584 002c 06000000 		.4byte	.LFE0-.LFB0
 585 0030 00000000 		.4byte	.LFB2
 586 0034 1C000000 		.4byte	.LFE2-.LFB2
 587 0038 00000000 		.4byte	0
 588 003c 00000000 		.4byte	0
 589              		.section	.debug_ranges,"",%progbits
 590              	.Ldebug_ranges0:
 591 0000 00000000 		.4byte	.LFB1
 592 0004 28000000 		.4byte	.LFE1
 593 0008 00000000 		.4byte	.LFB3
 594 000c 30000000 		.4byte	.LFE3
 595 0010 00000000 		.4byte	.LFB4
 596 0014 1C000000 		.4byte	.LFE4
 597 0018 00000000 		.4byte	.LFB0
 598 001c 06000000 		.4byte	.LFE0
 599 0020 00000000 		.4byte	.LFB2
 600 0024 1C000000 		.4byte	.LFE2
 601 0028 00000000 		.4byte	0
 602 002c 00000000 		.4byte	0
 603              		.section	.debug_line,"",%progbits
 604              	.Ldebug_line0:
 605 0000 AB000000 		.section	.debug_str,"MS",%progbits,1
 605      02004400 
 605      00000201 
 605      FB0E0D00 
 605      01010101 
 606              	.LASF6:
 607 0000 6C6F6E67 		.ascii	"long long int\000"
 607      206C6F6E 
 607      6720696E 
 607      7400
 608              	.LASF8:
 609 000e 756E7369 		.ascii	"unsigned int\000"
 609      676E6564 
 609      20696E74 
 609      00
 610              	.LASF23:
 611 001b 433A5C55 		.ascii	"C:\\Users\\ingan\\Documents\\PSoC Creator\\MegaDriv"
 611      73657273 
 611      5C696E67 
 611      616E5C44 
 611      6F63756D 
 612 0049 655F706C 		.ascii	"e_player\\VGMPlayer_v0.1.cydsn\000"
 612      61796572 
 612      5C56474D 
 612      506C6179 
 612      65725F76 
 613              	.LASF17:
 614 0067 4F70616D 		.ascii	"Opamp_1_Stop\000"
 614      705F315F 
 614      53746F70 
 614      00
ARM GAS  C:\Users\ingan\AppData\Local\Temp\ccksDoJR.s 			page 15


 615              	.LASF12:
 616 0074 75696E74 		.ascii	"uint8\000"
 616      3800
 617              	.LASF5:
 618 007a 6C6F6E67 		.ascii	"long unsigned int\000"
 618      20756E73 
 618      69676E65 
 618      6420696E 
 618      7400
 619              	.LASF7:
 620 008c 6C6F6E67 		.ascii	"long long unsigned int\000"
 620      206C6F6E 
 620      6720756E 
 620      7369676E 
 620      65642069 
 621              	.LASF9:
 622 00a3 666C6F61 		.ascii	"float\000"
 622      7400
 623              	.LASF25:
 624 00a9 4F70616D 		.ascii	"Opamp_1_initVar\000"
 624      705F315F 
 624      696E6974 
 624      56617200 
 625              	.LASF19:
 626 00b9 4F70616D 		.ascii	"Opamp_1_Init\000"
 626      705F315F 
 626      496E6974 
 626      00
 627              	.LASF1:
 628 00c6 756E7369 		.ascii	"unsigned char\000"
 628      676E6564 
 628      20636861 
 628      7200
 629              	.LASF11:
 630 00d4 63686172 		.ascii	"char\000"
 630      00
 631              	.LASF22:
 632 00d9 47656E65 		.ascii	"Generated_Source\\PSoC5\\Opamp_1.c\000"
 632      72617465 
 632      645F536F 
 632      75726365 
 632      5C50536F 
 633              	.LASF4:
 634 00fa 6C6F6E67 		.ascii	"long int\000"
 634      20696E74 
 634      00
 635              	.LASF10:
 636 0103 646F7562 		.ascii	"double\000"
 636      6C6500
 637              	.LASF18:
 638 010a 4F70616D 		.ascii	"Opamp_1_SetPower\000"
 638      705F315F 
 638      53657450 
 638      6F776572 
 638      00
 639              	.LASF21:
 640 011b 474E5520 		.ascii	"GNU C11 5.4.1 20160609 (release) [ARM/embedded-5-br"
ARM GAS  C:\Users\ingan\AppData\Local\Temp\ccksDoJR.s 			page 16


 640      43313120 
 640      352E342E 
 640      31203230 
 640      31363036 
 641 014e 616E6368 		.ascii	"anch revision 237715] -mcpu=cortex-m3 -mthumb -g -O"
 641      20726576 
 641      6973696F 
 641      6E203233 
 641      37373135 
 642 0181 73202D66 		.ascii	"s -ffunction-sections -ffat-lto-objects\000"
 642      66756E63 
 642      74696F6E 
 642      2D736563 
 642      74696F6E 
 643              	.LASF3:
 644 01a9 73686F72 		.ascii	"short unsigned int\000"
 644      7420756E 
 644      7369676E 
 644      65642069 
 644      6E7400
 645              	.LASF0:
 646 01bc 7369676E 		.ascii	"signed char\000"
 646      65642063 
 646      68617200 
 647              	.LASF14:
 648 01c8 6C6F6E67 		.ascii	"long double\000"
 648      20646F75 
 648      626C6500 
 649              	.LASF20:
 650 01d4 4F70616D 		.ascii	"Opamp_1_Start\000"
 650      705F315F 
 650      53746172 
 650      7400
 651              	.LASF2:
 652 01e2 73686F72 		.ascii	"short int\000"
 652      7420696E 
 652      7400
 653              	.LASF13:
 654 01ec 72656738 		.ascii	"reg8\000"
 654      00
 655              	.LASF24:
 656 01f1 706F7765 		.ascii	"power\000"
 656      7200
 657              	.LASF15:
 658 01f7 73697A65 		.ascii	"sizetype\000"
 658      74797065 
 658      00
 659              	.LASF16:
 660 0200 4F70616D 		.ascii	"Opamp_1_Enable\000"
 660      705F315F 
 660      456E6162 
 660      6C6500
 661              		.ident	"GCC: (GNU Tools for ARM Embedded Processors) 5.4.1 20160609 (release) [ARM/embedded-5-bran
