Archive member included to satisfy reference by file (symbol)

.\CortexM3\ARM_GCC_541\Release\VGMPlayer_v0.1.a(CyLib.o)
                              .\CortexM3\ARM_GCC_541\Release\Cm3Start.o (CyHalt)
.\CortexM3\ARM_GCC_541\Release\VGMPlayer_v0.1.a(cyPm.o)
                              .\CortexM3\ARM_GCC_541\Release\VGMPlayer_v0.1.a(CyLib.o) (CyPmReadStatus)
.\CortexM3\ARM_GCC_541\Release\VGMPlayer_v0.1.a(YM_A1.o)
                              .\CortexM3\ARM_GCC_541\Release\main.o (YM_A1_Write)
.\CortexM3\ARM_GCC_541\Release\VGMPlayer_v0.1.a(YM_A0.o)
                              .\CortexM3\ARM_GCC_541\Release\main.o (YM_A0_Write)
.\CortexM3\ARM_GCC_541\Release\VGMPlayer_v0.1.a(YM_RD.o)
                              .\CortexM3\ARM_GCC_541\Release\main.o (YM_RD_Write)
.\CortexM3\ARM_GCC_541\Release\VGMPlayer_v0.1.a(YM_WR.o)
                              .\CortexM3\ARM_GCC_541\Release\main.o (YM_WR_Write)
.\CortexM3\ARM_GCC_541\Release\VGMPlayer_v0.1.a(YM_CS.o)
                              .\CortexM3\ARM_GCC_541\Release\main.o (YM_CS_Write)
.\CortexM3\ARM_GCC_541\Release\VGMPlayer_v0.1.a(SN_WE.o)
                              .\CortexM3\ARM_GCC_541\Release\main.o (SN_WE_Write)
.\CortexM3\ARM_GCC_541\Release\VGMPlayer_v0.1.a(YM_IC.o)
                              .\CortexM3\ARM_GCC_541\Release\main.o (YM_IC_Write)
.\CortexM3\ARM_GCC_541\Release\VGMPlayer_v0.1.a(Clock_1.o)
                              .\CortexM3\ARM_GCC_541\Release\main.o (Clock_1_Start)
.\CortexM3\ARM_GCC_541\Release\VGMPlayer_v0.1.a(Clock_2.o)
                              .\CortexM3\ARM_GCC_541\Release\main.o (Clock_2_Start)
.\CortexM3\ARM_GCC_541\Release\VGMPlayer_v0.1.a(Opamp_1.o)
                              .\CortexM3\ARM_GCC_541\Release\main.o (Opamp_1_Start)
.\CortexM3\ARM_GCC_541\Release\VGMPlayer_v0.1.a(Opamp_2.o)
                              .\CortexM3\ARM_GCC_541\Release\main.o (Opamp_2_Start)
.\CortexM3\ARM_GCC_541\Release\VGMPlayer_v0.1.a(Opamp_3.o)
                              .\CortexM3\ARM_GCC_541\Release\main.o (Opamp_3_Start)
.\CortexM3\ARM_GCC_541\Release\VGMPlayer_v0.1.a(YM_Data.o)
                              .\CortexM3\ARM_GCC_541\Release\main.o (YM_Data_Write)
.\CortexM3\ARM_GCC_541\Release\VGMPlayer_v0.1.a(Clock_3.o)
                              .\CortexM3\ARM_GCC_541\Release\main.o (Clock_3_Start)
.\CortexM3\ARM_GCC_541\Release\VGMPlayer_v0.1.a(isr_1.o)
                              .\CortexM3\ARM_GCC_541\Release\main.o (isr_1_StartEx)
.\CortexM3\ARM_GCC_541\Release\VGMPlayer_v0.1.a(CyBootAsmGnu.o)
                              .\CortexM3\ARM_GCC_541\Release\cyfitter_cfg.o (CyDelayCycles)
.\CortexM3\ARM_GCC_541\Release\VGMPlayer_v0.1.a(CyFlash.o)
                              .\CortexM3\ARM_GCC_541\Release\VGMPlayer_v0.1.a(cyPm.o) (CyFlash_SetWaitCycles)
.\CortexM3\ARM_GCC_541\Release\VGMPlayer_v0.1.a(CySpc.o)
                              .\CortexM3\ARM_GCC_541\Release\VGMPlayer_v0.1.a(CyFlash.o) (CySpcStart)
c:/program files (x86)/cypress/psoc creator/4.2/psoc creator/import/gnu/arm/5.4.1/bin/../lib/gcc/arm-none-eabi/5.4.1/../../../../arm-none-eabi/lib/armv7-m\libg_nano.a(lib_a-errno.o)
                              .\CortexM3\ARM_GCC_541\Release\Cm3Start.o (__errno)
c:/program files (x86)/cypress/psoc creator/4.2/psoc creator/import/gnu/arm/5.4.1/bin/../lib/gcc/arm-none-eabi/5.4.1/../../../../arm-none-eabi/lib/armv7-m\libg_nano.a(lib_a-exit.o)
                              c:/program files (x86)/cypress/psoc creator/4.2/psoc creator/import/gnu/arm/5.4.1/bin/../lib/gcc/arm-none-eabi/5.4.1/../../../../arm-none-eabi/lib/armv7-m/crt0.o (exit)
c:/program files (x86)/cypress/psoc creator/4.2/psoc creator/import/gnu/arm/5.4.1/bin/../lib/gcc/arm-none-eabi/5.4.1/../../../../arm-none-eabi/lib/armv7-m\libg_nano.a(lib_a-impure.o)
                              c:/program files (x86)/cypress/psoc creator/4.2/psoc creator/import/gnu/arm/5.4.1/bin/../lib/gcc/arm-none-eabi/5.4.1/../../../../arm-none-eabi/lib/armv7-m\libg_nano.a(lib_a-exit.o) (_global_impure_ptr)
c:/program files (x86)/cypress/psoc creator/4.2/psoc creator/import/gnu/arm/5.4.1/bin/../lib/gcc/arm-none-eabi/5.4.1/../../../../arm-none-eabi/lib/armv7-m\libg_nano.a(lib_a-init.o)
                              c:/program files (x86)/cypress/psoc creator/4.2/psoc creator/import/gnu/arm/5.4.1/bin/../lib/gcc/arm-none-eabi/5.4.1/../../../../arm-none-eabi/lib/armv7-m/crt0.o (__libc_init_array)
c:/program files (x86)/cypress/psoc creator/4.2/psoc creator/import/gnu/arm/5.4.1/bin/../lib/gcc/arm-none-eabi/5.4.1/../../../../arm-none-eabi/lib/armv7-m\libg_nano.a(lib_a-memset.o)
                              c:/program files (x86)/cypress/psoc creator/4.2/psoc creator/import/gnu/arm/5.4.1/bin/../lib/gcc/arm-none-eabi/5.4.1/../../../../arm-none-eabi/lib/armv7-m/crt0.o (memset)

Allocating common symbols
Common symbol       size              file

dieTemperature      0x2               .\CortexM3\ARM_GCC_541\Release\VGMPlayer_v0.1.a(CyFlash.o)

Discarded input sections

 .text          0x00000000        0x0 c:/program files (x86)/cypress/psoc creator/4.2/psoc creator/import/gnu/arm/5.4.1/bin/../lib/gcc/arm-none-eabi/5.4.1/armv7-m/crti.o
 .data          0x00000000        0x0 c:/program files (x86)/cypress/psoc creator/4.2/psoc creator/import/gnu/arm/5.4.1/bin/../lib/gcc/arm-none-eabi/5.4.1/armv7-m/crti.o
 .bss           0x00000000        0x0 c:/program files (x86)/cypress/psoc creator/4.2/psoc creator/import/gnu/arm/5.4.1/bin/../lib/gcc/arm-none-eabi/5.4.1/armv7-m/crti.o
 .data          0x00000000        0x4 c:/program files (x86)/cypress/psoc creator/4.2/psoc creator/import/gnu/arm/5.4.1/bin/../lib/gcc/arm-none-eabi/5.4.1/armv7-m/crtbegin.o
 .text          0x00000000       0x74 c:/program files (x86)/cypress/psoc creator/4.2/psoc creator/import/gnu/arm/5.4.1/bin/../lib/gcc/arm-none-eabi/5.4.1/../../../../arm-none-eabi/lib/armv7-m/crt0.o
 .data          0x00000000        0x0 c:/program files (x86)/cypress/psoc creator/4.2/psoc creator/import/gnu/arm/5.4.1/bin/../lib/gcc/arm-none-eabi/5.4.1/../../../../arm-none-eabi/lib/armv7-m/crt0.o
 .bss           0x00000000        0x0 c:/program files (x86)/cypress/psoc creator/4.2/psoc creator/import/gnu/arm/5.4.1/bin/../lib/gcc/arm-none-eabi/5.4.1/../../../../arm-none-eabi/lib/armv7-m/crt0.o
 .ARM.extab     0x00000000        0x0 c:/program files (x86)/cypress/psoc creator/4.2/psoc creator/import/gnu/arm/5.4.1/bin/../lib/gcc/arm-none-eabi/5.4.1/../../../../arm-none-eabi/lib/armv7-m/crt0.o
 .ARM.exidx     0x00000000        0x8 c:/program files (x86)/cypress/psoc creator/4.2/psoc creator/import/gnu/arm/5.4.1/bin/../lib/gcc/arm-none-eabi/5.4.1/../../../../arm-none-eabi/lib/armv7-m/crt0.o
 .text          0x00000000        0x0 .\CortexM3\ARM_GCC_541\Release\main.o
 .text.ym2612_soundTest
                0x00000000      0x1d6 .\CortexM3\ARM_GCC_541\Release\main.o
 .text          0x00000000        0x0 .\CortexM3\ARM_GCC_541\Release\cyfitter_cfg.o
 .data          0x00000000        0x0 .\CortexM3\ARM_GCC_541\Release\cyfitter_cfg.o
 .bss           0x00000000        0x0 .\CortexM3\ARM_GCC_541\Release\cyfitter_cfg.o
 .text.SetAnalogRoutingPumps
                0x00000000       0x10 .\CortexM3\ARM_GCC_541\Release\cyfitter_cfg.o
 .text          0x00000000        0x0 .\CortexM3\ARM_GCC_541\Release\cymetadata.o
 .data          0x00000000        0x0 .\CortexM3\ARM_GCC_541\Release\cymetadata.o
 .bss           0x00000000        0x0 .\CortexM3\ARM_GCC_541\Release\cymetadata.o
 .text          0x00000000        0x0 .\CortexM3\ARM_GCC_541\Release\Cm3Start.o
 .data          0x00000000        0x4 .\CortexM3\ARM_GCC_541\Release\Cm3Start.o
 .bss           0x00000000        0x0 .\CortexM3\ARM_GCC_541\Release\Cm3Start.o
 .text._exit    0x00000000        0xa .\CortexM3\ARM_GCC_541\Release\Cm3Start.o
 .text._sbrk    0x00000000       0x2c .\CortexM3\ARM_GCC_541\Release\Cm3Start.o
 .text          0x00000000        0x0 .\CortexM3\ARM_GCC_541\Release\VGMPlayer_v0.1.a(CyLib.o)
 .bss           0x00000000       0x1c .\CortexM3\ARM_GCC_541\Release\VGMPlayer_v0.1.a(CyLib.o)
 .text.CyIMO_SetTrimValue
                0x00000000       0xb8 .\CortexM3\ARM_GCC_541\Release\VGMPlayer_v0.1.a(CyLib.o)
 .text.CyBusClk_Internal_SetDivider
                0x00000000       0x44 .\CortexM3\ARM_GCC_541\Release\VGMPlayer_v0.1.a(CyLib.o)
 .text.CyPLL_OUT_Stop
                0x00000000       0x10 .\CortexM3\ARM_GCC_541\Release\VGMPlayer_v0.1.a(CyLib.o)
 .text.CyPLL_OUT_SetPQ
                0x00000000       0x34 .\CortexM3\ARM_GCC_541\Release\VGMPlayer_v0.1.a(CyLib.o)
 .text.CyPLL_OUT_SetSource
                0x00000000       0x14 .\CortexM3\ARM_GCC_541\Release\VGMPlayer_v0.1.a(CyLib.o)
 .text.CyIMO_Stop
                0x00000000       0x18 .\CortexM3\ARM_GCC_541\Release\VGMPlayer_v0.1.a(CyLib.o)
 .text.CyIMO_SetSource
                0x00000000       0x40 .\CortexM3\ARM_GCC_541\Release\VGMPlayer_v0.1.a(CyLib.o)
 .text.CyIMO_EnableDoubler
                0x00000000       0x10 .\CortexM3\ARM_GCC_541\Release\VGMPlayer_v0.1.a(CyLib.o)
 .text.CyIMO_DisableDoubler
                0x00000000       0x10 .\CortexM3\ARM_GCC_541\Release\VGMPlayer_v0.1.a(CyLib.o)
 .text.CyIMO_SetFreq
                0x00000000       0xcc .\CortexM3\ARM_GCC_541\Release\VGMPlayer_v0.1.a(CyLib.o)
 .text.CyMasterClk_SetSource
                0x00000000       0x18 .\CortexM3\ARM_GCC_541\Release\VGMPlayer_v0.1.a(CyLib.o)
 .text.CyMasterClk_SetDivider
                0x00000000        0xc .\CortexM3\ARM_GCC_541\Release\VGMPlayer_v0.1.a(CyLib.o)
 .text.CyBusClk_SetDivider
                0x00000000       0x70 .\CortexM3\ARM_GCC_541\Release\VGMPlayer_v0.1.a(CyLib.o)
 .text.CyUsbClk_SetSource
                0x00000000       0x18 .\CortexM3\ARM_GCC_541\Release\VGMPlayer_v0.1.a(CyLib.o)
 .text.CyILO_Start1K
                0x00000000       0x10 .\CortexM3\ARM_GCC_541\Release\VGMPlayer_v0.1.a(CyLib.o)
 .text.CyILO_Stop1K
                0x00000000       0x10 .\CortexM3\ARM_GCC_541\Release\VGMPlayer_v0.1.a(CyLib.o)
 .text.CyILO_Start100K
                0x00000000       0x10 .\CortexM3\ARM_GCC_541\Release\VGMPlayer_v0.1.a(CyLib.o)
 .text.CyILO_Stop100K
                0x00000000       0x10 .\CortexM3\ARM_GCC_541\Release\VGMPlayer_v0.1.a(CyLib.o)
 .text.CyPLL_OUT_Start
                0x00000000       0x74 .\CortexM3\ARM_GCC_541\Release\VGMPlayer_v0.1.a(CyLib.o)
 .text.CyIMO_Start
                0x00000000       0x5c .\CortexM3\ARM_GCC_541\Release\VGMPlayer_v0.1.a(CyLib.o)
 .text.CyILO_Enable33K
                0x00000000       0x10 .\CortexM3\ARM_GCC_541\Release\VGMPlayer_v0.1.a(CyLib.o)
 .text.CyILO_Disable33K
                0x00000000       0x10 .\CortexM3\ARM_GCC_541\Release\VGMPlayer_v0.1.a(CyLib.o)
 .text.CyILO_SetSource
                0x00000000       0x16 .\CortexM3\ARM_GCC_541\Release\VGMPlayer_v0.1.a(CyLib.o)
 .text.CyILO_SetPowerMode
                0x00000000       0x20 .\CortexM3\ARM_GCC_541\Release\VGMPlayer_v0.1.a(CyLib.o)
 .text.CyXTAL_32KHZ_Stop
                0x00000000       0x30 .\CortexM3\ARM_GCC_541\Release\VGMPlayer_v0.1.a(CyLib.o)
 .text.CyXTAL_32KHZ_ReadStatus
                0x00000000       0x10 .\CortexM3\ARM_GCC_541\Release\VGMPlayer_v0.1.a(CyLib.o)
 .text.CyXTAL_Start
                0x00000000       0xa0 .\CortexM3\ARM_GCC_541\Release\VGMPlayer_v0.1.a(CyLib.o)
 .text.CyXTAL_Stop
                0x00000000       0x10 .\CortexM3\ARM_GCC_541\Release\VGMPlayer_v0.1.a(CyLib.o)
 .text.CyXTAL_EnableErrStatus
                0x00000000       0x10 .\CortexM3\ARM_GCC_541\Release\VGMPlayer_v0.1.a(CyLib.o)
 .text.CyXTAL_DisableErrStatus
                0x00000000       0x10 .\CortexM3\ARM_GCC_541\Release\VGMPlayer_v0.1.a(CyLib.o)
 .text.CyXTAL_ReadStatus
                0x00000000        0xc .\CortexM3\ARM_GCC_541\Release\VGMPlayer_v0.1.a(CyLib.o)
 .text.CyXTAL_EnableFaultRecovery
                0x00000000       0x10 .\CortexM3\ARM_GCC_541\Release\VGMPlayer_v0.1.a(CyLib.o)
 .text.CyXTAL_DisableFaultRecovery
                0x00000000       0x10 .\CortexM3\ARM_GCC_541\Release\VGMPlayer_v0.1.a(CyLib.o)
 .text.CyXTAL_SetStartup
                0x00000000       0x18 .\CortexM3\ARM_GCC_541\Release\VGMPlayer_v0.1.a(CyLib.o)
 .text.CyXTAL_SetFbVoltage
                0x00000000       0x18 .\CortexM3\ARM_GCC_541\Release\VGMPlayer_v0.1.a(CyLib.o)
 .text.CyXTAL_SetWdVoltage
                0x00000000       0x18 .\CortexM3\ARM_GCC_541\Release\VGMPlayer_v0.1.a(CyLib.o)
 .text.CyHalt   0x00000000        0x4 .\CortexM3\ARM_GCC_541\Release\VGMPlayer_v0.1.a(CyLib.o)
 .text.CySoftwareReset
                0x00000000       0x10 .\CortexM3\ARM_GCC_541\Release\VGMPlayer_v0.1.a(CyLib.o)
 .text.CyXTAL_32KHZ_SetPowerMode
                0x00000000       0x6c .\CortexM3\ARM_GCC_541\Release\VGMPlayer_v0.1.a(CyLib.o)
 .text.CyXTAL_32KHZ_Start
                0x00000000       0x6c .\CortexM3\ARM_GCC_541\Release\VGMPlayer_v0.1.a(CyLib.o)
 .text.CyDelayFreq
                0x00000000       0x40 .\CortexM3\ARM_GCC_541\Release\VGMPlayer_v0.1.a(CyLib.o)
 .text.CyWdtStart
                0x00000000       0x40 .\CortexM3\ARM_GCC_541\Release\VGMPlayer_v0.1.a(CyLib.o)
 .text.CyWdtClear
                0x00000000        0xc .\CortexM3\ARM_GCC_541\Release\VGMPlayer_v0.1.a(CyLib.o)
 .text.CyVdStickyStatus
                0x00000000       0x2c .\CortexM3\ARM_GCC_541\Release\VGMPlayer_v0.1.a(CyLib.o)
 .text.CyVdLvDigitEnable
                0x00000000       0x84 .\CortexM3\ARM_GCC_541\Release\VGMPlayer_v0.1.a(CyLib.o)
 .text.CyVdLvAnalogEnable
                0x00000000       0x80 .\CortexM3\ARM_GCC_541\Release\VGMPlayer_v0.1.a(CyLib.o)
 .text.CyVdLvDigitDisable
                0x00000000       0x2c .\CortexM3\ARM_GCC_541\Release\VGMPlayer_v0.1.a(CyLib.o)
 .text.CyVdLvAnalogDisable
                0x00000000       0x24 .\CortexM3\ARM_GCC_541\Release\VGMPlayer_v0.1.a(CyLib.o)
 .text.CyVdHvAnalogEnable
                0x00000000       0x58 .\CortexM3\ARM_GCC_541\Release\VGMPlayer_v0.1.a(CyLib.o)
 .text.CyVdHvAnalogDisable
                0x00000000       0x1c .\CortexM3\ARM_GCC_541\Release\VGMPlayer_v0.1.a(CyLib.o)
 .text.CyVdRealTimeStatus
                0x00000000       0x1c .\CortexM3\ARM_GCC_541\Release\VGMPlayer_v0.1.a(CyLib.o)
 .text.CyDisableInts
                0x00000000       0x1c .\CortexM3\ARM_GCC_541\Release\VGMPlayer_v0.1.a(CyLib.o)
 .text.CyEnableInts
                0x00000000       0x18 .\CortexM3\ARM_GCC_541\Release\VGMPlayer_v0.1.a(CyLib.o)
 .text.CyFlushCache
                0x00000000       0x44 .\CortexM3\ARM_GCC_541\Release\VGMPlayer_v0.1.a(CyLib.o)
 .text.CyIntSetSysVector
                0x00000000       0x18 .\CortexM3\ARM_GCC_541\Release\VGMPlayer_v0.1.a(CyLib.o)
 .text.CyIntGetSysVector
                0x00000000       0x14 .\CortexM3\ARM_GCC_541\Release\VGMPlayer_v0.1.a(CyLib.o)
 .text.CyIntSetVector
                0x00000000       0x1c .\CortexM3\ARM_GCC_541\Release\VGMPlayer_v0.1.a(CyLib.o)
 .text.CyIntGetVector
                0x00000000       0x14 .\CortexM3\ARM_GCC_541\Release\VGMPlayer_v0.1.a(CyLib.o)
 .text.CyIntSetPriority
                0x00000000       0x14 .\CortexM3\ARM_GCC_541\Release\VGMPlayer_v0.1.a(CyLib.o)
 .text.CyIntGetPriority
                0x00000000       0x12 .\CortexM3\ARM_GCC_541\Release\VGMPlayer_v0.1.a(CyLib.o)
 .text.CyIntGetState
                0x00000000       0x18 .\CortexM3\ARM_GCC_541\Release\VGMPlayer_v0.1.a(CyLib.o)
 .text.CySysTickInit
                0x00000000       0x58 .\CortexM3\ARM_GCC_541\Release\VGMPlayer_v0.1.a(CyLib.o)
 .text.CySysTickStop
                0x00000000       0x10 .\CortexM3\ARM_GCC_541\Release\VGMPlayer_v0.1.a(CyLib.o)
 .text.CySysTickEnableInterrupt
                0x00000000       0x10 .\CortexM3\ARM_GCC_541\Release\VGMPlayer_v0.1.a(CyLib.o)
 .text.CySysTickEnable
                0x00000000       0x18 .\CortexM3\ARM_GCC_541\Release\VGMPlayer_v0.1.a(CyLib.o)
 .text.CySysTickStart
                0x00000000       0x1c .\CortexM3\ARM_GCC_541\Release\VGMPlayer_v0.1.a(CyLib.o)
 .text.CySysTickDisableInterrupt
                0x00000000       0x10 .\CortexM3\ARM_GCC_541\Release\VGMPlayer_v0.1.a(CyLib.o)
 .text.CySysTickSetReload
                0x00000000       0x10 .\CortexM3\ARM_GCC_541\Release\VGMPlayer_v0.1.a(CyLib.o)
 .text.CySysTickGetReload
                0x00000000       0x10 .\CortexM3\ARM_GCC_541\Release\VGMPlayer_v0.1.a(CyLib.o)
 .text.CySysTickGetValue
                0x00000000       0x10 .\CortexM3\ARM_GCC_541\Release\VGMPlayer_v0.1.a(CyLib.o)
 .text.CySysTickSetClockSource
                0x00000000       0x18 .\CortexM3\ARM_GCC_541\Release\VGMPlayer_v0.1.a(CyLib.o)
 .text.CySysTickGetClockSource
                0x00000000       0x10 .\CortexM3\ARM_GCC_541\Release\VGMPlayer_v0.1.a(CyLib.o)
 .text.CySysTickGetCountFlag
                0x00000000       0x10 .\CortexM3\ARM_GCC_541\Release\VGMPlayer_v0.1.a(CyLib.o)
 .text.CySysTickServiceCallbacks
                0x00000000       0x24 .\CortexM3\ARM_GCC_541\Release\VGMPlayer_v0.1.a(CyLib.o)
 .text.CySysTickClear
                0x00000000        0xc .\CortexM3\ARM_GCC_541\Release\VGMPlayer_v0.1.a(CyLib.o)
 .text.CySysTickSetCallback
                0x00000000       0x10 .\CortexM3\ARM_GCC_541\Release\VGMPlayer_v0.1.a(CyLib.o)
 .text.CySysTickGetCallback
                0x00000000       0x10 .\CortexM3\ARM_GCC_541\Release\VGMPlayer_v0.1.a(CyLib.o)
 .text.CyGetUniqueId
                0x00000000       0x70 .\CortexM3\ARM_GCC_541\Release\VGMPlayer_v0.1.a(CyLib.o)
 .text          0x00000000        0x0 .\CortexM3\ARM_GCC_541\Release\VGMPlayer_v0.1.a(cyPm.o)
 .data          0x00000000        0x0 .\CortexM3\ARM_GCC_541\Release\VGMPlayer_v0.1.a(cyPm.o)
 .bss           0x00000000       0x43 .\CortexM3\ARM_GCC_541\Release\VGMPlayer_v0.1.a(cyPm.o)
 .text.CyPmHibSlpSaveSet
                0x00000000      0x1c4 .\CortexM3\ARM_GCC_541\Release\VGMPlayer_v0.1.a(cyPm.o)
 .text.CyPmHibSlpRestore
                0x00000000       0xc0 .\CortexM3\ARM_GCC_541\Release\VGMPlayer_v0.1.a(cyPm.o)
 .text.CyPmSaveClocks
                0x00000000      0x1e0 .\CortexM3\ARM_GCC_541\Release\VGMPlayer_v0.1.a(cyPm.o)
 .text.CyPmRestoreClocks
                0x00000000      0x214 .\CortexM3\ARM_GCC_541\Release\VGMPlayer_v0.1.a(cyPm.o)
 .text.CyPmAltAct
                0x00000000       0x60 .\CortexM3\ARM_GCC_541\Release\VGMPlayer_v0.1.a(cyPm.o)
 .text.CyPmSleep
                0x00000000       0xe4 .\CortexM3\ARM_GCC_541\Release\VGMPlayer_v0.1.a(cyPm.o)
 .text.CyPmHibernateEx
                0x00000000      0x290 .\CortexM3\ARM_GCC_541\Release\VGMPlayer_v0.1.a(cyPm.o)
 .text.CyPmHibernate
                0x00000000        0x6 .\CortexM3\ARM_GCC_541\Release\VGMPlayer_v0.1.a(cyPm.o)
 .text.CyPmReadStatus
                0x00000000       0x30 .\CortexM3\ARM_GCC_541\Release\VGMPlayer_v0.1.a(cyPm.o)
 .text.CyPmCtwSetInterval
                0x00000000       0x50 .\CortexM3\ARM_GCC_541\Release\VGMPlayer_v0.1.a(cyPm.o)
 .text.CyPmOppsSet
                0x00000000       0x2c .\CortexM3\ARM_GCC_541\Release\VGMPlayer_v0.1.a(cyPm.o)
 .text.CyPmFtwSetInterval
                0x00000000       0x50 .\CortexM3\ARM_GCC_541\Release\VGMPlayer_v0.1.a(cyPm.o)
 .rodata        0x00000000        0xe .\CortexM3\ARM_GCC_541\Release\VGMPlayer_v0.1.a(cyPm.o)
 .text          0x00000000        0x0 .\CortexM3\ARM_GCC_541\Release\VGMPlayer_v0.1.a(YM_A1.o)
 .data          0x00000000        0x0 .\CortexM3\ARM_GCC_541\Release\VGMPlayer_v0.1.a(YM_A1.o)
 .bss           0x00000000        0x0 .\CortexM3\ARM_GCC_541\Release\VGMPlayer_v0.1.a(YM_A1.o)
 .text.YM_A1_SetDriveMode
                0x00000000       0x18 .\CortexM3\ARM_GCC_541\Release\VGMPlayer_v0.1.a(YM_A1.o)
 .text.YM_A1_Read
                0x00000000        0xc .\CortexM3\ARM_GCC_541\Release\VGMPlayer_v0.1.a(YM_A1.o)
 .text.YM_A1_ReadDataReg
                0x00000000        0xc .\CortexM3\ARM_GCC_541\Release\VGMPlayer_v0.1.a(YM_A1.o)
 .text          0x00000000        0x0 .\CortexM3\ARM_GCC_541\Release\VGMPlayer_v0.1.a(YM_A0.o)
 .data          0x00000000        0x0 .\CortexM3\ARM_GCC_541\Release\VGMPlayer_v0.1.a(YM_A0.o)
 .bss           0x00000000        0x0 .\CortexM3\ARM_GCC_541\Release\VGMPlayer_v0.1.a(YM_A0.o)
 .text.YM_A0_SetDriveMode
                0x00000000       0x18 .\CortexM3\ARM_GCC_541\Release\VGMPlayer_v0.1.a(YM_A0.o)
 .text.YM_A0_Read
                0x00000000       0x10 .\CortexM3\ARM_GCC_541\Release\VGMPlayer_v0.1.a(YM_A0.o)
 .text.YM_A0_ReadDataReg
                0x00000000       0x10 .\CortexM3\ARM_GCC_541\Release\VGMPlayer_v0.1.a(YM_A0.o)
 .text          0x00000000        0x0 .\CortexM3\ARM_GCC_541\Release\VGMPlayer_v0.1.a(YM_RD.o)
 .data          0x00000000        0x0 .\CortexM3\ARM_GCC_541\Release\VGMPlayer_v0.1.a(YM_RD.o)
 .bss           0x00000000        0x0 .\CortexM3\ARM_GCC_541\Release\VGMPlayer_v0.1.a(YM_RD.o)
 .text.YM_RD_SetDriveMode
                0x00000000       0x18 .\CortexM3\ARM_GCC_541\Release\VGMPlayer_v0.1.a(YM_RD.o)
 .text.YM_RD_Read
                0x00000000       0x10 .\CortexM3\ARM_GCC_541\Release\VGMPlayer_v0.1.a(YM_RD.o)
 .text.YM_RD_ReadDataReg
                0x00000000       0x10 .\CortexM3\ARM_GCC_541\Release\VGMPlayer_v0.1.a(YM_RD.o)
 .text          0x00000000        0x0 .\CortexM3\ARM_GCC_541\Release\VGMPlayer_v0.1.a(YM_WR.o)
 .data          0x00000000        0x0 .\CortexM3\ARM_GCC_541\Release\VGMPlayer_v0.1.a(YM_WR.o)
 .bss           0x00000000        0x0 .\CortexM3\ARM_GCC_541\Release\VGMPlayer_v0.1.a(YM_WR.o)
 .text.YM_WR_SetDriveMode
                0x00000000       0x18 .\CortexM3\ARM_GCC_541\Release\VGMPlayer_v0.1.a(YM_WR.o)
 .text.YM_WR_Read
                0x00000000        0xc .\CortexM3\ARM_GCC_541\Release\VGMPlayer_v0.1.a(YM_WR.o)
 .text.YM_WR_ReadDataReg
                0x00000000        0xc .\CortexM3\ARM_GCC_541\Release\VGMPlayer_v0.1.a(YM_WR.o)
 .text          0x00000000        0x0 .\CortexM3\ARM_GCC_541\Release\VGMPlayer_v0.1.a(YM_CS.o)
 .data          0x00000000        0x0 .\CortexM3\ARM_GCC_541\Release\VGMPlayer_v0.1.a(YM_CS.o)
 .bss           0x00000000        0x0 .\CortexM3\ARM_GCC_541\Release\VGMPlayer_v0.1.a(YM_CS.o)
 .text.YM_CS_SetDriveMode
                0x00000000       0x18 .\CortexM3\ARM_GCC_541\Release\VGMPlayer_v0.1.a(YM_CS.o)
 .text.YM_CS_Read
                0x00000000       0x10 .\CortexM3\ARM_GCC_541\Release\VGMPlayer_v0.1.a(YM_CS.o)
 .text.YM_CS_ReadDataReg
                0x00000000       0x10 .\CortexM3\ARM_GCC_541\Release\VGMPlayer_v0.1.a(YM_CS.o)
 .text          0x00000000        0x0 .\CortexM3\ARM_GCC_541\Release\VGMPlayer_v0.1.a(SN_WE.o)
 .data          0x00000000        0x0 .\CortexM3\ARM_GCC_541\Release\VGMPlayer_v0.1.a(SN_WE.o)
 .bss           0x00000000        0x0 .\CortexM3\ARM_GCC_541\Release\VGMPlayer_v0.1.a(SN_WE.o)
 .text.SN_WE_SetDriveMode
                0x00000000       0x18 .\CortexM3\ARM_GCC_541\Release\VGMPlayer_v0.1.a(SN_WE.o)
 .text.SN_WE_Read
                0x00000000       0x10 .\CortexM3\ARM_GCC_541\Release\VGMPlayer_v0.1.a(SN_WE.o)
 .text.SN_WE_ReadDataReg
                0x00000000       0x10 .\CortexM3\ARM_GCC_541\Release\VGMPlayer_v0.1.a(SN_WE.o)
 .text          0x00000000        0x0 .\CortexM3\ARM_GCC_541\Release\VGMPlayer_v0.1.a(YM_IC.o)
 .data          0x00000000        0x0 .\CortexM3\ARM_GCC_541\Release\VGMPlayer_v0.1.a(YM_IC.o)
 .bss           0x00000000        0x0 .\CortexM3\ARM_GCC_541\Release\VGMPlayer_v0.1.a(YM_IC.o)
 .text.YM_IC_SetDriveMode
                0x00000000       0x18 .\CortexM3\ARM_GCC_541\Release\VGMPlayer_v0.1.a(YM_IC.o)
 .text.YM_IC_Read
                0x00000000       0x10 .\CortexM3\ARM_GCC_541\Release\VGMPlayer_v0.1.a(YM_IC.o)
 .text.YM_IC_ReadDataReg
                0x00000000       0x10 .\CortexM3\ARM_GCC_541\Release\VGMPlayer_v0.1.a(YM_IC.o)
 .text          0x00000000        0x0 .\CortexM3\ARM_GCC_541\Release\VGMPlayer_v0.1.a(Clock_1.o)
 .data          0x00000000        0x0 .\CortexM3\ARM_GCC_541\Release\VGMPlayer_v0.1.a(Clock_1.o)
 .bss           0x00000000        0x0 .\CortexM3\ARM_GCC_541\Release\VGMPlayer_v0.1.a(Clock_1.o)
 .text.Clock_1_Stop
                0x00000000       0x18 .\CortexM3\ARM_GCC_541\Release\VGMPlayer_v0.1.a(Clock_1.o)
 .text.Clock_1_StopBlock
                0x00000000       0x6c .\CortexM3\ARM_GCC_541\Release\VGMPlayer_v0.1.a(Clock_1.o)
 .text.Clock_1_StandbyPower
                0x00000000       0x18 .\CortexM3\ARM_GCC_541\Release\VGMPlayer_v0.1.a(Clock_1.o)
 .text.Clock_1_SetDividerRegister
                0x00000000       0xcc .\CortexM3\ARM_GCC_541\Release\VGMPlayer_v0.1.a(Clock_1.o)
 .text.Clock_1_GetDividerRegister
                0x00000000        0xc .\CortexM3\ARM_GCC_541\Release\VGMPlayer_v0.1.a(Clock_1.o)
 .text.Clock_1_SetModeRegister
                0x00000000       0x14 .\CortexM3\ARM_GCC_541\Release\VGMPlayer_v0.1.a(Clock_1.o)
 .text.Clock_1_ClearModeRegister
                0x00000000       0x14 .\CortexM3\ARM_GCC_541\Release\VGMPlayer_v0.1.a(Clock_1.o)
 .text.Clock_1_GetModeRegister
                0x00000000       0x10 .\CortexM3\ARM_GCC_541\Release\VGMPlayer_v0.1.a(Clock_1.o)
 .text.Clock_1_SetSourceRegister
                0x00000000       0x50 .\CortexM3\ARM_GCC_541\Release\VGMPlayer_v0.1.a(Clock_1.o)
 .text.Clock_1_GetSourceRegister
                0x00000000       0x10 .\CortexM3\ARM_GCC_541\Release\VGMPlayer_v0.1.a(Clock_1.o)
 .text          0x00000000        0x0 .\CortexM3\ARM_GCC_541\Release\VGMPlayer_v0.1.a(Clock_2.o)
 .data          0x00000000        0x0 .\CortexM3\ARM_GCC_541\Release\VGMPlayer_v0.1.a(Clock_2.o)
 .bss           0x00000000        0x0 .\CortexM3\ARM_GCC_541\Release\VGMPlayer_v0.1.a(Clock_2.o)
 .text.Clock_2_Stop
                0x00000000       0x18 .\CortexM3\ARM_GCC_541\Release\VGMPlayer_v0.1.a(Clock_2.o)
 .text.Clock_2_StopBlock
                0x00000000       0x6c .\CortexM3\ARM_GCC_541\Release\VGMPlayer_v0.1.a(Clock_2.o)
 .text.Clock_2_StandbyPower
                0x00000000       0x18 .\CortexM3\ARM_GCC_541\Release\VGMPlayer_v0.1.a(Clock_2.o)
 .text.Clock_2_SetDividerRegister
                0x00000000       0xc8 .\CortexM3\ARM_GCC_541\Release\VGMPlayer_v0.1.a(Clock_2.o)
 .text.Clock_2_GetDividerRegister
                0x00000000        0xc .\CortexM3\ARM_GCC_541\Release\VGMPlayer_v0.1.a(Clock_2.o)
 .text.Clock_2_SetModeRegister
                0x00000000       0x14 .\CortexM3\ARM_GCC_541\Release\VGMPlayer_v0.1.a(Clock_2.o)
 .text.Clock_2_ClearModeRegister
                0x00000000       0x14 .\CortexM3\ARM_GCC_541\Release\VGMPlayer_v0.1.a(Clock_2.o)
 .text.Clock_2_GetModeRegister
                0x00000000       0x10 .\CortexM3\ARM_GCC_541\Release\VGMPlayer_v0.1.a(Clock_2.o)
 .text.Clock_2_SetSourceRegister
                0x00000000       0x50 .\CortexM3\ARM_GCC_541\Release\VGMPlayer_v0.1.a(Clock_2.o)
 .text.Clock_2_GetSourceRegister
                0x00000000       0x10 .\CortexM3\ARM_GCC_541\Release\VGMPlayer_v0.1.a(Clock_2.o)
 .text          0x00000000        0x0 .\CortexM3\ARM_GCC_541\Release\VGMPlayer_v0.1.a(Opamp_1.o)
 .data          0x00000000        0x0 .\CortexM3\ARM_GCC_541\Release\VGMPlayer_v0.1.a(Opamp_1.o)
 .text.Opamp_1_Stop
                0x00000000       0x30 .\CortexM3\ARM_GCC_541\Release\VGMPlayer_v0.1.a(Opamp_1.o)
 .text          0x00000000        0x0 .\CortexM3\ARM_GCC_541\Release\VGMPlayer_v0.1.a(Opamp_2.o)
 .data          0x00000000        0x0 .\CortexM3\ARM_GCC_541\Release\VGMPlayer_v0.1.a(Opamp_2.o)
 .text.Opamp_2_Stop
                0x00000000       0x30 .\CortexM3\ARM_GCC_541\Release\VGMPlayer_v0.1.a(Opamp_2.o)
 .text          0x00000000        0x0 .\CortexM3\ARM_GCC_541\Release\VGMPlayer_v0.1.a(Opamp_3.o)
 .data          0x00000000        0x0 .\CortexM3\ARM_GCC_541\Release\VGMPlayer_v0.1.a(Opamp_3.o)
 .text.Opamp_3_Stop
                0x00000000       0x30 .\CortexM3\ARM_GCC_541\Release\VGMPlayer_v0.1.a(Opamp_3.o)
 .text          0x00000000        0x0 .\CortexM3\ARM_GCC_541\Release\VGMPlayer_v0.1.a(YM_Data.o)
 .data          0x00000000        0x0 .\CortexM3\ARM_GCC_541\Release\VGMPlayer_v0.1.a(YM_Data.o)
 .bss           0x00000000        0x0 .\CortexM3\ARM_GCC_541\Release\VGMPlayer_v0.1.a(YM_Data.o)
 .text.YM_Data_SetDriveMode
                0x00000000       0x5c .\CortexM3\ARM_GCC_541\Release\VGMPlayer_v0.1.a(YM_Data.o)
 .text.YM_Data_Read
                0x00000000        0xc .\CortexM3\ARM_GCC_541\Release\VGMPlayer_v0.1.a(YM_Data.o)
 .text.YM_Data_ReadDataReg
                0x00000000        0xc .\CortexM3\ARM_GCC_541\Release\VGMPlayer_v0.1.a(YM_Data.o)
 .text          0x00000000        0x0 .\CortexM3\ARM_GCC_541\Release\VGMPlayer_v0.1.a(Clock_3.o)
 .data          0x00000000        0x0 .\CortexM3\ARM_GCC_541\Release\VGMPlayer_v0.1.a(Clock_3.o)
 .bss           0x00000000        0x0 .\CortexM3\ARM_GCC_541\Release\VGMPlayer_v0.1.a(Clock_3.o)
 .text.Clock_3_Stop
                0x00000000       0x18 .\CortexM3\ARM_GCC_541\Release\VGMPlayer_v0.1.a(Clock_3.o)
 .text.Clock_3_StopBlock
                0x00000000       0x6c .\CortexM3\ARM_GCC_541\Release\VGMPlayer_v0.1.a(Clock_3.o)
 .text.Clock_3_StandbyPower
                0x00000000       0x18 .\CortexM3\ARM_GCC_541\Release\VGMPlayer_v0.1.a(Clock_3.o)
 .text.Clock_3_SetDividerRegister
                0x00000000       0xcc .\CortexM3\ARM_GCC_541\Release\VGMPlayer_v0.1.a(Clock_3.o)
 .text.Clock_3_GetDividerRegister
                0x00000000        0xc .\CortexM3\ARM_GCC_541\Release\VGMPlayer_v0.1.a(Clock_3.o)
 .text.Clock_3_SetModeRegister
                0x00000000       0x14 .\CortexM3\ARM_GCC_541\Release\VGMPlayer_v0.1.a(Clock_3.o)
 .text.Clock_3_ClearModeRegister
                0x00000000       0x14 .\CortexM3\ARM_GCC_541\Release\VGMPlayer_v0.1.a(Clock_3.o)
 .text.Clock_3_GetModeRegister
                0x00000000       0x10 .\CortexM3\ARM_GCC_541\Release\VGMPlayer_v0.1.a(Clock_3.o)
 .text.Clock_3_SetSourceRegister
                0x00000000       0x50 .\CortexM3\ARM_GCC_541\Release\VGMPlayer_v0.1.a(Clock_3.o)
 .text.Clock_3_GetSourceRegister
                0x00000000       0x10 .\CortexM3\ARM_GCC_541\Release\VGMPlayer_v0.1.a(Clock_3.o)
 .text          0x00000000        0x0 .\CortexM3\ARM_GCC_541\Release\VGMPlayer_v0.1.a(isr_1.o)
 .data          0x00000000        0x0 .\CortexM3\ARM_GCC_541\Release\VGMPlayer_v0.1.a(isr_1.o)
 .bss           0x00000000        0x0 .\CortexM3\ARM_GCC_541\Release\VGMPlayer_v0.1.a(isr_1.o)
 .text.isr_1_Interrupt
                0x00000000        0x2 .\CortexM3\ARM_GCC_541\Release\VGMPlayer_v0.1.a(isr_1.o)
 .text.isr_1_Start
                0x00000000       0x2c .\CortexM3\ARM_GCC_541\Release\VGMPlayer_v0.1.a(isr_1.o)
 .text.isr_1_Stop
                0x00000000       0x1c .\CortexM3\ARM_GCC_541\Release\VGMPlayer_v0.1.a(isr_1.o)
 .text.isr_1_SetVector
                0x00000000        0xc .\CortexM3\ARM_GCC_541\Release\VGMPlayer_v0.1.a(isr_1.o)
 .text.isr_1_GetVector
                0x00000000        0xc .\CortexM3\ARM_GCC_541\Release\VGMPlayer_v0.1.a(isr_1.o)
 .text.isr_1_SetPriority
                0x00000000       0x10 .\CortexM3\ARM_GCC_541\Release\VGMPlayer_v0.1.a(isr_1.o)
 .text.isr_1_GetPriority
                0x00000000        0xc .\CortexM3\ARM_GCC_541\Release\VGMPlayer_v0.1.a(isr_1.o)
 .text.isr_1_Enable
                0x00000000        0xc .\CortexM3\ARM_GCC_541\Release\VGMPlayer_v0.1.a(isr_1.o)
 .text.isr_1_GetState
                0x00000000       0x10 .\CortexM3\ARM_GCC_541\Release\VGMPlayer_v0.1.a(isr_1.o)
 .text.isr_1_Disable
                0x00000000        0xc .\CortexM3\ARM_GCC_541\Release\VGMPlayer_v0.1.a(isr_1.o)
 .text.isr_1_SetPending
                0x00000000        0xc .\CortexM3\ARM_GCC_541\Release\VGMPlayer_v0.1.a(isr_1.o)
 .text.isr_1_ClearPending
                0x00000000        0xc .\CortexM3\ARM_GCC_541\Release\VGMPlayer_v0.1.a(isr_1.o)
 .data          0x00000000        0x0 .\CortexM3\ARM_GCC_541\Release\VGMPlayer_v0.1.a(CyBootAsmGnu.o)
 .bss           0x00000000        0x0 .\CortexM3\ARM_GCC_541\Release\VGMPlayer_v0.1.a(CyBootAsmGnu.o)
 .text          0x00000000        0x0 .\CortexM3\ARM_GCC_541\Release\VGMPlayer_v0.1.a(CyFlash.o)
 .data          0x00000000        0x0 .\CortexM3\ARM_GCC_541\Release\VGMPlayer_v0.1.a(CyFlash.o)
 .bss           0x00000000        0x0 .\CortexM3\ARM_GCC_541\Release\VGMPlayer_v0.1.a(CyFlash.o)
 .text.CyFlash_Start
                0x00000000       0x50 .\CortexM3\ARM_GCC_541\Release\VGMPlayer_v0.1.a(CyFlash.o)
 .text.CyFlash_Stop
                0x00000000       0x24 .\CortexM3\ARM_GCC_541\Release\VGMPlayer_v0.1.a(CyFlash.o)
 .text.CyFlash_EraseRow
                0x00000000       0x70 .\CortexM3\ARM_GCC_541\Release\VGMPlayer_v0.1.a(CyFlash.o)
 .text.CyFlashGetSpcAlgorithm
                0x00000000       0x48 .\CortexM3\ARM_GCC_541\Release\VGMPlayer_v0.1.a(CyFlash.o)
 .text.CySetTemp
                0x00000000       0x5c .\CortexM3\ARM_GCC_541\Release\VGMPlayer_v0.1.a(CyFlash.o)
 .text.CySetFlashEEBuffer
                0x00000000       0x22 .\CortexM3\ARM_GCC_541\Release\VGMPlayer_v0.1.a(CyFlash.o)
 .text.CyWriteRowFull
                0x00000000       0xcc .\CortexM3\ARM_GCC_541\Release\VGMPlayer_v0.1.a(CyFlash.o)
 .text.CyWriteRowData
                0x00000000        0xe .\CortexM3\ARM_GCC_541\Release\VGMPlayer_v0.1.a(CyFlash.o)
 .text.CyFlash_SetWaitCycles
                0x00000000       0x6c .\CortexM3\ARM_GCC_541\Release\VGMPlayer_v0.1.a(CyFlash.o)
 .text.CyEEPROM_Start
                0x00000000       0x50 .\CortexM3\ARM_GCC_541\Release\VGMPlayer_v0.1.a(CyFlash.o)
 .text.CyEEPROM_Stop
                0x00000000       0x24 .\CortexM3\ARM_GCC_541\Release\VGMPlayer_v0.1.a(CyFlash.o)
 .text.CyEEPROM_ReadReserve
                0x00000000       0x18 .\CortexM3\ARM_GCC_541\Release\VGMPlayer_v0.1.a(CyFlash.o)
 .text.CyEEPROM_ReadRelease
                0x00000000       0x10 .\CortexM3\ARM_GCC_541\Release\VGMPlayer_v0.1.a(CyFlash.o)
 COMMON         0x00000000        0x2 .\CortexM3\ARM_GCC_541\Release\VGMPlayer_v0.1.a(CyFlash.o)
 .text          0x00000000        0x0 .\CortexM3\ARM_GCC_541\Release\VGMPlayer_v0.1.a(CySpc.o)
 .data          0x00000000        0x0 .\CortexM3\ARM_GCC_541\Release\VGMPlayer_v0.1.a(CySpc.o)
 .bss           0x00000000        0x8 .\CortexM3\ARM_GCC_541\Release\VGMPlayer_v0.1.a(CySpc.o)
 .text.CySpcStart
                0x00000000       0x24 .\CortexM3\ARM_GCC_541\Release\VGMPlayer_v0.1.a(CySpc.o)
 .text.CySpcStop
                0x00000000       0x24 .\CortexM3\ARM_GCC_541\Release\VGMPlayer_v0.1.a(CySpc.o)
 .text.CySpcReadData
                0x00000000       0x3c .\CortexM3\ARM_GCC_541\Release\VGMPlayer_v0.1.a(CySpc.o)
 .text.CySpcLoadMultiByte
                0x00000000       0x6c .\CortexM3\ARM_GCC_541\Release\VGMPlayer_v0.1.a(CySpc.o)
 .text.CySpcLoadRow
                0x00000000       0x48 .\CortexM3\ARM_GCC_541\Release\VGMPlayer_v0.1.a(CySpc.o)
 .text.CySpcLoadRowFull
                0x00000000       0x6c .\CortexM3\ARM_GCC_541\Release\VGMPlayer_v0.1.a(CySpc.o)
 .text.CySpcWriteRow
                0x00000000       0x40 .\CortexM3\ARM_GCC_541\Release\VGMPlayer_v0.1.a(CySpc.o)
 .text.CySpcEraseSector
                0x00000000       0x38 .\CortexM3\ARM_GCC_541\Release\VGMPlayer_v0.1.a(CySpc.o)
 .text.CySpcEraseRow
                0x00000000       0x40 .\CortexM3\ARM_GCC_541\Release\VGMPlayer_v0.1.a(CySpc.o)
 .text.CySpcGetTemp
                0x00000000       0x34 .\CortexM3\ARM_GCC_541\Release\VGMPlayer_v0.1.a(CySpc.o)
 .text.CySpcLock
                0x00000000       0x40 .\CortexM3\ARM_GCC_541\Release\VGMPlayer_v0.1.a(CySpc.o)
 .text.CySpcUnlock
                0x00000000       0x34 .\CortexM3\ARM_GCC_541\Release\VGMPlayer_v0.1.a(CySpc.o)
 .text.CySpcGetAlgorithm
                0x00000000       0x28 .\CortexM3\ARM_GCC_541\Release\VGMPlayer_v0.1.a(CySpc.o)
 .text          0x00000000        0x0 c:/program files (x86)/cypress/psoc creator/4.2/psoc creator/import/gnu/arm/5.4.1/bin/../lib/gcc/arm-none-eabi/5.4.1/../../../../arm-none-eabi/lib/armv7-m\libg_nano.a(lib_a-errno.o)
 .data          0x00000000        0x0 c:/program files (x86)/cypress/psoc creator/4.2/psoc creator/import/gnu/arm/5.4.1/bin/../lib/gcc/arm-none-eabi/5.4.1/../../../../arm-none-eabi/lib/armv7-m\libg_nano.a(lib_a-errno.o)
 .bss           0x00000000        0x0 c:/program files (x86)/cypress/psoc creator/4.2/psoc creator/import/gnu/arm/5.4.1/bin/../lib/gcc/arm-none-eabi/5.4.1/../../../../arm-none-eabi/lib/armv7-m\libg_nano.a(lib_a-errno.o)
 .text          0x00000000        0x0 c:/program files (x86)/cypress/psoc creator/4.2/psoc creator/import/gnu/arm/5.4.1/bin/../lib/gcc/arm-none-eabi/5.4.1/../../../../arm-none-eabi/lib/armv7-m\libg_nano.a(lib_a-exit.o)
 .data          0x00000000        0x0 c:/program files (x86)/cypress/psoc creator/4.2/psoc creator/import/gnu/arm/5.4.1/bin/../lib/gcc/arm-none-eabi/5.4.1/../../../../arm-none-eabi/lib/armv7-m\libg_nano.a(lib_a-exit.o)
 .bss           0x00000000        0x0 c:/program files (x86)/cypress/psoc creator/4.2/psoc creator/import/gnu/arm/5.4.1/bin/../lib/gcc/arm-none-eabi/5.4.1/../../../../arm-none-eabi/lib/armv7-m\libg_nano.a(lib_a-exit.o)
 .text.exit     0x00000000       0x28 c:/program files (x86)/cypress/psoc creator/4.2/psoc creator/import/gnu/arm/5.4.1/bin/../lib/gcc/arm-none-eabi/5.4.1/../../../../arm-none-eabi/lib/armv7-m\libg_nano.a(lib_a-exit.o)
 .text          0x00000000        0x0 c:/program files (x86)/cypress/psoc creator/4.2/psoc creator/import/gnu/arm/5.4.1/bin/../lib/gcc/arm-none-eabi/5.4.1/../../../../arm-none-eabi/lib/armv7-m\libg_nano.a(lib_a-impure.o)
 .data          0x00000000        0x0 c:/program files (x86)/cypress/psoc creator/4.2/psoc creator/import/gnu/arm/5.4.1/bin/../lib/gcc/arm-none-eabi/5.4.1/../../../../arm-none-eabi/lib/armv7-m\libg_nano.a(lib_a-impure.o)
 .bss           0x00000000        0x0 c:/program files (x86)/cypress/psoc creator/4.2/psoc creator/import/gnu/arm/5.4.1/bin/../lib/gcc/arm-none-eabi/5.4.1/../../../../arm-none-eabi/lib/armv7-m\libg_nano.a(lib_a-impure.o)
 .rodata._global_impure_ptr
                0x00000000        0x4 c:/program files (x86)/cypress/psoc creator/4.2/psoc creator/import/gnu/arm/5.4.1/bin/../lib/gcc/arm-none-eabi/5.4.1/../../../../arm-none-eabi/lib/armv7-m\libg_nano.a(lib_a-impure.o)
 .text          0x00000000        0x0 c:/program files (x86)/cypress/psoc creator/4.2/psoc creator/import/gnu/arm/5.4.1/bin/../lib/gcc/arm-none-eabi/5.4.1/../../../../arm-none-eabi/lib/armv7-m\libg_nano.a(lib_a-init.o)
 .data          0x00000000        0x0 c:/program files (x86)/cypress/psoc creator/4.2/psoc creator/import/gnu/arm/5.4.1/bin/../lib/gcc/arm-none-eabi/5.4.1/../../../../arm-none-eabi/lib/armv7-m\libg_nano.a(lib_a-init.o)
 .bss           0x00000000        0x0 c:/program files (x86)/cypress/psoc creator/4.2/psoc creator/import/gnu/arm/5.4.1/bin/../lib/gcc/arm-none-eabi/5.4.1/../../../../arm-none-eabi/lib/armv7-m\libg_nano.a(lib_a-init.o)
 .text          0x00000000        0x0 c:/program files (x86)/cypress/psoc creator/4.2/psoc creator/import/gnu/arm/5.4.1/bin/../lib/gcc/arm-none-eabi/5.4.1/../../../../arm-none-eabi/lib/armv7-m\libg_nano.a(lib_a-memset.o)
 .data          0x00000000        0x0 c:/program files (x86)/cypress/psoc creator/4.2/psoc creator/import/gnu/arm/5.4.1/bin/../lib/gcc/arm-none-eabi/5.4.1/../../../../arm-none-eabi/lib/armv7-m\libg_nano.a(lib_a-memset.o)
 .bss           0x00000000        0x0 c:/program files (x86)/cypress/psoc creator/4.2/psoc creator/import/gnu/arm/5.4.1/bin/../lib/gcc/arm-none-eabi/5.4.1/../../../../arm-none-eabi/lib/armv7-m\libg_nano.a(lib_a-memset.o)
 .text          0x00000000        0x0 c:/program files (x86)/cypress/psoc creator/4.2/psoc creator/import/gnu/arm/5.4.1/bin/../lib/gcc/arm-none-eabi/5.4.1/armv7-m/crtend.o
 .data          0x00000000        0x0 c:/program files (x86)/cypress/psoc creator/4.2/psoc creator/import/gnu/arm/5.4.1/bin/../lib/gcc/arm-none-eabi/5.4.1/armv7-m/crtend.o
 .bss           0x00000000        0x0 c:/program files (x86)/cypress/psoc creator/4.2/psoc creator/import/gnu/arm/5.4.1/bin/../lib/gcc/arm-none-eabi/5.4.1/armv7-m/crtend.o
 .text          0x00000000        0x0 c:/program files (x86)/cypress/psoc creator/4.2/psoc creator/import/gnu/arm/5.4.1/bin/../lib/gcc/arm-none-eabi/5.4.1/armv7-m/crtn.o
 .data          0x00000000        0x0 c:/program files (x86)/cypress/psoc creator/4.2/psoc creator/import/gnu/arm/5.4.1/bin/../lib/gcc/arm-none-eabi/5.4.1/armv7-m/crtn.o
 .bss           0x00000000        0x0 c:/program files (x86)/cypress/psoc creator/4.2/psoc creator/import/gnu/arm/5.4.1/bin/../lib/gcc/arm-none-eabi/5.4.1/armv7-m/crtn.o

Memory Configuration

Name             Origin             Length             Attributes
rom              0x00000000         0x00040000         xr
ram              0x1fff8000         0x00010000         xrw
*default*        0x00000000         0xffffffff

Linker script and memory map

LOAD c:/program files (x86)/cypress/psoc creator/4.2/psoc creator/import/gnu/arm/5.4.1/bin/../lib/gcc/arm-none-eabi/5.4.1/armv7-m/crti.o
LOAD c:/program files (x86)/cypress/psoc creator/4.2/psoc creator/import/gnu/arm/5.4.1/bin/../lib/gcc/arm-none-eabi/5.4.1/armv7-m/crtbegin.o
LOAD c:/program files (x86)/cypress/psoc creator/4.2/psoc creator/import/gnu/arm/5.4.1/bin/../lib/gcc/arm-none-eabi/5.4.1/../../../../arm-none-eabi/lib/armv7-m/crt0.o
START GROUP
LOAD .\CortexM3\ARM_GCC_541\Release\main.o
LOAD .\CortexM3\ARM_GCC_541\Release\cyfitter_cfg.o
LOAD .\CortexM3\ARM_GCC_541\Release\cymetadata.o
LOAD .\CortexM3\ARM_GCC_541\Release\Cm3Start.o
LOAD .\CortexM3\ARM_GCC_541\Release\VGMPlayer_v0.1.a
LOAD C:\Program Files (x86)\Cypress\PSoC Creator\4.2\PSoC Creator\psoc\content\cycomponentlibrary\CyComponentLibrary.cylib\CortexM3\ARM_GCC_541\Release\CyComponentLibrary.a
END GROUP
START GROUP
LOAD c:/program files (x86)/cypress/psoc creator/4.2/psoc creator/import/gnu/arm/5.4.1/bin/../lib/gcc/arm-none-eabi/5.4.1/armv7-m\libgcc.a
LOAD c:/program files (x86)/cypress/psoc creator/4.2/psoc creator/import/gnu/arm/5.4.1/bin/../lib/gcc/arm-none-eabi/5.4.1/../../../../arm-none-eabi/lib/armv7-m\libg_nano.a
LOAD c:/program files (x86)/cypress/psoc creator/4.2/psoc creator/import/gnu/arm/5.4.1/bin/../lib/gcc/arm-none-eabi/5.4.1/../../../../arm-none-eabi/lib/armv7-m\libc_nano.a
END GROUP
START GROUP
LOAD c:/program files (x86)/cypress/psoc creator/4.2/psoc creator/import/gnu/arm/5.4.1/bin/../lib/gcc/arm-none-eabi/5.4.1/armv7-m\libgcc.a
LOAD c:/program files (x86)/cypress/psoc creator/4.2/psoc creator/import/gnu/arm/5.4.1/bin/../lib/gcc/arm-none-eabi/5.4.1/../../../../arm-none-eabi/lib/armv7-m\libc_nano.a
END GROUP
LOAD c:/program files (x86)/cypress/psoc creator/4.2/psoc creator/import/gnu/arm/5.4.1/bin/../lib/gcc/arm-none-eabi/5.4.1/armv7-m/crtend.o
LOAD c:/program files (x86)/cypress/psoc creator/4.2/psoc creator/import/gnu/arm/5.4.1/bin/../lib/gcc/arm-none-eabi/5.4.1/armv7-m/crtn.o
START GROUP
LOAD c:/program files (x86)/cypress/psoc creator/4.2/psoc creator/import/gnu/arm/5.4.1/bin/../lib/gcc/arm-none-eabi/5.4.1/armv7-m\libgcc.a
LOAD c:/program files (x86)/cypress/psoc creator/4.2/psoc creator/import/gnu/arm/5.4.1/bin/../lib/gcc/arm-none-eabi/5.4.1/../../../../arm-none-eabi/lib/armv7-m\libc.a
LOAD c:/program files (x86)/cypress/psoc creator/4.2/psoc creator/import/gnu/arm/5.4.1/bin/../lib/gcc/arm-none-eabi/5.4.1/../../../../arm-none-eabi/lib/armv7-m\libnosys.a
END GROUP
                0x00000000                CY_APPL_ORIGIN = 0x0
                0x00000100                CY_FLASH_ROW_SIZE = 0x100
                0x00000020                CY_ECC_ROW_SIZE = 0x20
                0x00000000                CY_EE_IN_BTLDR = 0x0
                0x00000000                CY_APPL_LOADABLE = 0x0
                0x00000800                CY_EE_SIZE = 0x800
                0x00000001                CY_APPL_NUM = 0x1
                0x00000001                CY_APPL_MAX = 0x1
                0x00000040                CY_METADATA_SIZE = 0x40
                0x00000000                CY_APPL_LOADABLE = 0x0
                0x00000000                CY_CHECKSUM_EXCLUDE_SIZE = ALIGN (0x0, CY_FLASH_ROW_SIZE)
                [!provide]                PROVIDE (__cy_heap_start, _end)
                0x00000001                PROVIDE (__cy_region_num, ((__cy_regions_end - __cy_regions) / 0x10))
                0x20008000                PROVIDE (__cy_stack, (ORIGIN (ram) + LENGTH (ram)))
                [!provide]                PROVIDE (__cy_heap_end, (__cy_stack - 0x800))

.cybootloader   0x00000000        0x0
 *(.cybootloader)
                0x00000000                appl1_start = CY_APPL_ORIGIN?CY_APPL_ORIGIN:ALIGN (CY_FLASH_ROW_SIZE)
                0x0001ff00                appl2_start = (appl1_start + ALIGN ((((LENGTH (rom) - appl1_start) - (0x2 * CY_FLASH_ROW_SIZE)) / 0x2), CY_FLASH_ROW_SIZE))
                0x00000000                appl_start = (CY_APPL_NUM == 0x1)?appl1_start:appl2_start
                0x00000000                ecc_offset = ((appl_start / CY_FLASH_ROW_SIZE) * CY_ECC_ROW_SIZE)
                0x00000000                ee_offset = (CY_APPL_LOADABLE && ! (CY_EE_IN_BTLDR))?((CY_EE_SIZE / CY_APPL_MAX) * (CY_APPL_NUM - 0x1)):0x0
                0x00000800                ee_size = (CY_APPL_LOADABLE && ! (CY_EE_IN_BTLDR))?(CY_EE_SIZE / CY_APPL_MAX):CY_EE_SIZE
                [!provide]                PROVIDE (CY_ECC_OFFSET, ecc_offset)

.text           0x00000000      0x908
 CREATE_OBJECT_SYMBOLS
                0x00000000                PROVIDE (__cy_interrupt_vector, RomVectors)
 *(.romvectors)
 .romvectors    0x00000000       0x10 .\CortexM3\ARM_GCC_541\Release\Cm3Start.o
                0x00000000                RomVectors
                0x00000001                ASSERT ((. != __cy_interrupt_vector), No interrupt vector)
                0x00000001                ASSERT (CY_APPL_ORIGIN?(SIZEOF (.cybootloader) <= CY_APPL_ORIGIN):0x1, Wrong image location)
                0x00000010                PROVIDE (__cy_reset, Reset)
 *(.text.Reset)
 .text.Reset    0x00000010       0x18 .\CortexM3\ARM_GCC_541\Release\Cm3Start.o
                0x00000010                Reset
                0x00000001                ASSERT ((. != __cy_reset), No reset code)
 *(.dma_init)
                0x00000001                ASSERT ((((appl_start + .) <= 0x10000) || 0x1), DMA Init must be within the first 64k of flash)
 *(.text .text.* .gnu.linkonce.t.*)
 .text          0x00000028       0x5c c:/program files (x86)/cypress/psoc creator/4.2/psoc creator/import/gnu/arm/5.4.1/bin/../lib/gcc/arm-none-eabi/5.4.1/armv7-m/crtbegin.o
 .text.sampleRateIRQ
                0x00000084        0xc .\CortexM3\ARM_GCC_541\Release\main.o
                0x00000084                sampleRateIRQ
 .text.get_vgm_ui8
                0x00000090       0x14 .\CortexM3\ARM_GCC_541\Release\main.o
                0x00000090                get_vgm_ui8
 .text.get_vgm_ui16
                0x000000a4       0x14 .\CortexM3\ARM_GCC_541\Release\main.o
                0x000000a4                get_vgm_ui16
 .text.get_vgm_ui32
                0x000000b8       0x22 .\CortexM3\ARM_GCC_541\Release\main.o
                0x000000b8                get_vgm_ui32
 .text.ym2612_write_step
                0x000000da       0x3e .\CortexM3\ARM_GCC_541\Release\main.o
                0x000000da                ym2612_write_step
 .text.ym2612_write
                0x00000118       0x28 .\CortexM3\ARM_GCC_541\Release\main.o
                0x00000118                ym2612_write
 .text.sn76489_write
                0x00000140       0x26 .\CortexM3\ARM_GCC_541\Release\main.o
                0x00000140                sn76489_write
 .text.ym2612_reset
                0x00000166       0x1e .\CortexM3\ARM_GCC_541\Release\main.o
                0x00000166                ym2612_reset
 .text.ym2612_init
                0x00000184       0x30 .\CortexM3\ARM_GCC_541\Release\main.o
                0x00000184                ym2612_init
 .text.SilenceAllChannels
                0x000001b4       0x26 .\CortexM3\ARM_GCC_541\Release\main.o
                0x000001b4                SilenceAllChannels
 *fill*         0x000001da        0x2 
 .text.startup.main
                0x000001dc      0x170 .\CortexM3\ARM_GCC_541\Release\main.o
                0x000001dc                main
 .text.cyfitter_cfg
                0x0000034c      0x1d4 .\CortexM3\ARM_GCC_541\Release\cyfitter_cfg.o
                0x0000034c                cyfitter_cfg
 .text.IntDefaultHandler
                0x00000520       0x10 .\CortexM3\ARM_GCC_541\Release\Cm3Start.o
                0x00000520                IntDefaultHandler
 .text.Start_c  0x00000530       0x50 .\CortexM3\ARM_GCC_541\Release\Cm3Start.o
                0x00000530                Start_c
 .text.startup.initialize_psoc
                0x00000580       0x68 .\CortexM3\ARM_GCC_541\Release\Cm3Start.o
                0x00000580                initialize_psoc
 .text.CyDelay  0x000005e8       0x2c .\CortexM3\ARM_GCC_541\Release\VGMPlayer_v0.1.a(CyLib.o)
                0x000005e8                CyDelay
 .text.CyDelayUs
                0x00000614       0x10 .\CortexM3\ARM_GCC_541\Release\VGMPlayer_v0.1.a(CyLib.o)
                0x00000614                CyDelayUs
 .text.YM_A1_Write
                0x00000624       0x18 .\CortexM3\ARM_GCC_541\Release\VGMPlayer_v0.1.a(YM_A1.o)
                0x00000624                YM_A1_Write
 .text.YM_A0_Write
                0x0000063c       0x18 .\CortexM3\ARM_GCC_541\Release\VGMPlayer_v0.1.a(YM_A0.o)
                0x0000063c                YM_A0_Write
 .text.YM_RD_Write
                0x00000654       0x18 .\CortexM3\ARM_GCC_541\Release\VGMPlayer_v0.1.a(YM_RD.o)
                0x00000654                YM_RD_Write
 .text.YM_WR_Write
                0x0000066c       0x18 .\CortexM3\ARM_GCC_541\Release\VGMPlayer_v0.1.a(YM_WR.o)
                0x0000066c                YM_WR_Write
 .text.YM_CS_Write
                0x00000684       0x18 .\CortexM3\ARM_GCC_541\Release\VGMPlayer_v0.1.a(YM_CS.o)
                0x00000684                YM_CS_Write
 .text.SN_WE_Write
                0x0000069c       0x18 .\CortexM3\ARM_GCC_541\Release\VGMPlayer_v0.1.a(SN_WE.o)
                0x0000069c                SN_WE_Write
 .text.YM_IC_Write
                0x000006b4       0x18 .\CortexM3\ARM_GCC_541\Release\VGMPlayer_v0.1.a(YM_IC.o)
                0x000006b4                YM_IC_Write
 .text.Clock_1_Start
                0x000006cc       0x18 .\CortexM3\ARM_GCC_541\Release\VGMPlayer_v0.1.a(Clock_1.o)
                0x000006cc                Clock_1_Start
 .text.Clock_2_Start
                0x000006e4       0x18 .\CortexM3\ARM_GCC_541\Release\VGMPlayer_v0.1.a(Clock_2.o)
                0x000006e4                Clock_2_Start
 .text.Opamp_1_Enable
                0x000006fc       0x28 .\CortexM3\ARM_GCC_541\Release\VGMPlayer_v0.1.a(Opamp_1.o)
                0x000006fc                Opamp_1_Enable
 .text.Opamp_1_SetPower
                0x00000724       0x1c .\CortexM3\ARM_GCC_541\Release\VGMPlayer_v0.1.a(Opamp_1.o)
                0x00000724                Opamp_1_SetPower
 .text.Opamp_1_Init
                0x00000740        0x6 .\CortexM3\ARM_GCC_541\Release\VGMPlayer_v0.1.a(Opamp_1.o)
                0x00000740                Opamp_1_Init
 *fill*         0x00000746        0x2 
 .text.Opamp_1_Start
                0x00000748       0x1c .\CortexM3\ARM_GCC_541\Release\VGMPlayer_v0.1.a(Opamp_1.o)
                0x00000748                Opamp_1_Start
 .text.Opamp_2_Enable
                0x00000764       0x28 .\CortexM3\ARM_GCC_541\Release\VGMPlayer_v0.1.a(Opamp_2.o)
                0x00000764                Opamp_2_Enable
 .text.Opamp_2_SetPower
                0x0000078c       0x1c .\CortexM3\ARM_GCC_541\Release\VGMPlayer_v0.1.a(Opamp_2.o)
                0x0000078c                Opamp_2_SetPower
 .text.Opamp_2_Init
                0x000007a8        0x6 .\CortexM3\ARM_GCC_541\Release\VGMPlayer_v0.1.a(Opamp_2.o)
                0x000007a8                Opamp_2_Init
 *fill*         0x000007ae        0x2 
 .text.Opamp_2_Start
                0x000007b0       0x1c .\CortexM3\ARM_GCC_541\Release\VGMPlayer_v0.1.a(Opamp_2.o)
                0x000007b0                Opamp_2_Start
 .text.Opamp_3_Enable
                0x000007cc       0x28 .\CortexM3\ARM_GCC_541\Release\VGMPlayer_v0.1.a(Opamp_3.o)
                0x000007cc                Opamp_3_Enable
 .text.Opamp_3_SetPower
                0x000007f4       0x1c .\CortexM3\ARM_GCC_541\Release\VGMPlayer_v0.1.a(Opamp_3.o)
                0x000007f4                Opamp_3_SetPower
 .text.Opamp_3_Init
                0x00000810        0x6 .\CortexM3\ARM_GCC_541\Release\VGMPlayer_v0.1.a(Opamp_3.o)
                0x00000810                Opamp_3_Init
 *fill*         0x00000816        0x2 
 .text.Opamp_3_Start
                0x00000818       0x1c .\CortexM3\ARM_GCC_541\Release\VGMPlayer_v0.1.a(Opamp_3.o)
                0x00000818                Opamp_3_Start
 .text.YM_Data_Write
                0x00000834        0xc .\CortexM3\ARM_GCC_541\Release\VGMPlayer_v0.1.a(YM_Data.o)
                0x00000834                YM_Data_Write
 .text.Clock_3_Start
                0x00000840       0x18 .\CortexM3\ARM_GCC_541\Release\VGMPlayer_v0.1.a(Clock_3.o)
                0x00000840                Clock_3_Start
 .text.isr_1_StartEx
                0x00000858       0x24 .\CortexM3\ARM_GCC_541\Release\VGMPlayer_v0.1.a(isr_1.o)
                0x00000858                isr_1_StartEx
 *fill*         0x0000087c        0x4 
 .text          0x00000880       0x20 .\CortexM3\ARM_GCC_541\Release\VGMPlayer_v0.1.a(CyBootAsmGnu.o)
                0x00000880                CyDelayCycles
                0x00000890                CyEnterCriticalSection
                0x00000898                CyExitCriticalSection
 .text.__errno  0x000008a0        0xc c:/program files (x86)/cypress/psoc creator/4.2/psoc creator/import/gnu/arm/5.4.1/bin/../lib/gcc/arm-none-eabi/5.4.1/../../../../arm-none-eabi/lib/armv7-m\libg_nano.a(lib_a-errno.o)
                0x000008a0                __errno
 .text.__libc_init_array
                0x000008ac       0x4c c:/program files (x86)/cypress/psoc creator/4.2/psoc creator/import/gnu/arm/5.4.1/bin/../lib/gcc/arm-none-eabi/5.4.1/../../../../arm-none-eabi/lib/armv7-m\libg_nano.a(lib_a-init.o)
                0x000008ac                __libc_init_array
 .text.memset   0x000008f8       0x10 c:/program files (x86)/cypress/psoc creator/4.2/psoc creator/import/gnu/arm/5.4.1/bin/../lib/gcc/arm-none-eabi/5.4.1/../../../../arm-none-eabi/lib/armv7-m\libg_nano.a(lib_a-memset.o)
                0x000008f8                memset
 *(.plt)
 *(.gnu.warning)
 *(.glue_7t)
 .glue_7t       0x00000908        0x0 linker stubs
 *(.glue_7)
 .glue_7        0x00000908        0x0 linker stubs
 *(.vfp11_veneer)
 .vfp11_veneer  0x00000908        0x0 linker stubs
 *(.bootloader)
 *(.ARM.extab* .gnu.linkonce.armextab.*)
 *(.gcc_except_table)

.v4_bx          0x00000908        0x0
 .v4_bx         0x00000908        0x0 linker stubs

.iplt           0x00000908        0x0
 .iplt          0x00000908        0x0 c:/program files (x86)/cypress/psoc creator/4.2/psoc creator/import/gnu/arm/5.4.1/bin/../lib/gcc/arm-none-eabi/5.4.1/armv7-m/crtbegin.o

.eh_frame_hdr
 *(.eh_frame_hdr)

.eh_frame       0x00000908        0x4
 *(.eh_frame)
 .eh_frame      0x00000908        0x0 c:/program files (x86)/cypress/psoc creator/4.2/psoc creator/import/gnu/arm/5.4.1/bin/../lib/gcc/arm-none-eabi/5.4.1/armv7-m/crtbegin.o
 .eh_frame      0x00000908        0x4 c:/program files (x86)/cypress/psoc creator/4.2/psoc creator/import/gnu/arm/5.4.1/bin/../lib/gcc/arm-none-eabi/5.4.1/armv7-m/crtend.o
                [!provide]                PROVIDE (__exidx_start, .)

.ARM.exidx
 *(.ARM.exidx* .gnu.linkonce.armexidx.*)
                0x0000090c                __exidx_end = .

.rodata         0x0000090c    0x393a4
 *(.rodata .rodata.* .gnu.linkonce.r.*)
 .rodata        0x0000090c    0x3933e .\CortexM3\ARM_GCC_541\Release\main.o
                0x0000090c                rawData
 .rodata        0x00039c4a       0x2a .\CortexM3\ARM_GCC_541\Release\cyfitter_cfg.o
 .rodata.str1.1
                0x00039c74        0x2 c:/program files (x86)/cypress/psoc creator/4.2/psoc creator/import/gnu/arm/5.4.1/bin/../lib/gcc/arm-none-eabi/5.4.1/../../../../arm-none-eabi/lib/armv7-m\libg_nano.a(lib_a-impure.o)
                0x00039c78                . = ALIGN (0x4)
 *fill*         0x00039c76        0x2 
 *(.init)
 .init          0x00039c78        0x4 c:/program files (x86)/cypress/psoc creator/4.2/psoc creator/import/gnu/arm/5.4.1/bin/../lib/gcc/arm-none-eabi/5.4.1/armv7-m/crti.o
                0x00039c78                _init
 .init          0x00039c7c        0x8 c:/program files (x86)/cypress/psoc creator/4.2/psoc creator/import/gnu/arm/5.4.1/bin/../lib/gcc/arm-none-eabi/5.4.1/armv7-m/crtn.o
                0x00039c84                . = ALIGN (0x4)
                0x00039c84                __preinit_array_start = .
 *(.preinit_array)
                0x00039c84                __preinit_array_end = .
                0x00039c84                . = ALIGN (0x4)
                0x00039c84                __init_array_start = .
 *(SORT(.init_array.*))
 *(.init_array)
 .init_array    0x00039c84        0x4 c:/program files (x86)/cypress/psoc creator/4.2/psoc creator/import/gnu/arm/5.4.1/bin/../lib/gcc/arm-none-eabi/5.4.1/armv7-m/crtbegin.o
 .init_array    0x00039c88        0x4 .\CortexM3\ARM_GCC_541\Release\Cm3Start.o
                0x00039c8c                __init_array_end = .
                0x00039c8c                . = ALIGN (0x4)
 *(.fini)
 .fini          0x00039c8c        0x4 c:/program files (x86)/cypress/psoc creator/4.2/psoc creator/import/gnu/arm/5.4.1/bin/../lib/gcc/arm-none-eabi/5.4.1/armv7-m/crti.o
                0x00039c8c                _fini
 .fini          0x00039c90        0x8 c:/program files (x86)/cypress/psoc creator/4.2/psoc creator/import/gnu/arm/5.4.1/bin/../lib/gcc/arm-none-eabi/5.4.1/armv7-m/crtn.o
                0x00039c98                . = ALIGN (0x4)
                0x00039c98                __fini_array_start = .
 *(.fini_array)
 .fini_array    0x00039c98        0x4 c:/program files (x86)/cypress/psoc creator/4.2/psoc creator/import/gnu/arm/5.4.1/bin/../lib/gcc/arm-none-eabi/5.4.1/armv7-m/crtbegin.o
 *(SORT(.fini_array.*))
                0x00039c9c                __fini_array_end = .
                0x00039c9c                . = ALIGN (0x4)
 *crtbegin.o(.ctors)
 *(EXCLUDE_FILE(*crtend.o) .ctors)
 *(SORT(.ctors.*))
 *crtend.o(.ctors)
                0x00039c9c                . = ALIGN (0x4)
 *crtbegin.o(.dtors)
 *(EXCLUDE_FILE(*crtend.o) .dtors)
 *(SORT(.dtors.*))
 *crtend.o(.dtors)
                0x00039c9c                . = ALIGN (0x4)
                0x00039c9c                __cy_regions = .
                0x00039c9c        0x4 LONG 0x39cb0 __cy_region_init_ram
                0x00039ca0        0x4 LONG 0x1fff80c8 __cy_region_start_data
                0x00039ca4        0x4 LONG 0x80 __cy_region_init_size_ram
                0x00039ca8        0x4 LONG 0x28 __cy_region_zero_size_ram
                0x00039cac                __cy_regions_end = .
                0x00039cb0                . = ALIGN (0x8)
 *fill*         0x00039cac        0x4 
                0x00039cb0                _etext = .

.cy_checksum_exclude
                0x00039cb0        0x0
 *(.cy_checksum_exclude)

.ramvectors     0x1fff8000       0xc0
                0x1fff8000                __cy_region_start_ram = .
 *(.ramvectors)
 .ramvectors    0x1fff8000       0xc0 .\CortexM3\ARM_GCC_541\Release\Cm3Start.o
                0x1fff8000                CyRamVectors

.noinit         0x1fff80c0        0x1
 *(.noinit)
 .noinit        0x1fff80c0        0x1 .\CortexM3\ARM_GCC_541\Release\VGMPlayer_v0.1.a(CyLib.o)
                0x1fff80c0                CyResetStatus

.data           0x1fff80c8       0x80 load address 0x00039cb0
                0x1fff80c8                __cy_region_start_data = .
 *(.jcr)
 .jcr           0x1fff80c8        0x0 c:/program files (x86)/cypress/psoc creator/4.2/psoc creator/import/gnu/arm/5.4.1/bin/../lib/gcc/arm-none-eabi/5.4.1/armv7-m/crtbegin.o
 .jcr           0x1fff80c8        0x4 c:/program files (x86)/cypress/psoc creator/4.2/psoc creator/import/gnu/arm/5.4.1/bin/../lib/gcc/arm-none-eabi/5.4.1/armv7-m/crtend.o
 *(.got.plt)
 *(.got)
 *(.shdata)
 *(.data .data.* .gnu.linkonce.d.*)
 .data          0x1fff80cc        0x8 .\CortexM3\ARM_GCC_541\Release\main.o
                0x1fff80cc                vgm
                0x1fff80d0                vgm_pos
 .data          0x1fff80d4       0x10 .\CortexM3\ARM_GCC_541\Release\VGMPlayer_v0.1.a(CyLib.o)
                0x1fff80d4                cydelay_32k_ms
                0x1fff80d8                cydelay_freq_khz
                0x1fff80dc                cydelay_freq_mhz
                0x1fff80e0                cydelay_freq_hz
 .data.impure_data
                0x1fff80e4       0x60 c:/program files (x86)/cypress/psoc creator/4.2/psoc creator/import/gnu/arm/5.4.1/bin/../lib/gcc/arm-none-eabi/5.4.1/../../../../arm-none-eabi/lib/armv7-m\libg_nano.a(lib_a-impure.o)
 .data._impure_ptr
                0x1fff8144        0x4 c:/program files (x86)/cypress/psoc creator/4.2/psoc creator/import/gnu/arm/5.4.1/bin/../lib/gcc/arm-none-eabi/5.4.1/../../../../arm-none-eabi/lib/armv7-m\libg_nano.a(lib_a-impure.o)
                0x1fff8144                _impure_ptr
                0x1fff8148                . = ALIGN (0x8)
 *(.ram)
                0x1fff8148                _edata = .

.igot.plt       0x1fff8148        0x0 load address 0x00039d30
 .igot.plt      0x1fff8148        0x0 c:/program files (x86)/cypress/psoc creator/4.2/psoc creator/import/gnu/arm/5.4.1/bin/../lib/gcc/arm-none-eabi/5.4.1/armv7-m/crtbegin.o

.bss            0x1fff8148       0x28 load address 0x00039d30
                0x1fff8148                PROVIDE (__bss_start__, .)
 *(.shbss)
 *(.bss .bss.* .gnu.linkonce.b.*)
 .bss           0x1fff8148       0x1c c:/program files (x86)/cypress/psoc creator/4.2/psoc creator/import/gnu/arm/5.4.1/bin/../lib/gcc/arm-none-eabi/5.4.1/armv7-m/crtbegin.o
 .bss           0x1fff8164        0x8 .\CortexM3\ARM_GCC_541\Release\main.o
                0x1fff8164                isrFlag
                0x1fff8168                vgm_loop_offset
 .bss           0x1fff816c        0x1 .\CortexM3\ARM_GCC_541\Release\VGMPlayer_v0.1.a(Opamp_1.o)
                0x1fff816c                Opamp_1_initVar
 .bss           0x1fff816d        0x1 .\CortexM3\ARM_GCC_541\Release\VGMPlayer_v0.1.a(Opamp_2.o)
                0x1fff816d                Opamp_2_initVar
 .bss           0x1fff816e        0x1 .\CortexM3\ARM_GCC_541\Release\VGMPlayer_v0.1.a(Opamp_3.o)
                0x1fff816e                Opamp_3_initVar
 *(COMMON)
                0x1fff8170                . = ALIGN (0x8)
 *fill*         0x1fff816f        0x1 
 *(.ram.b)
                0x1fff8170                _end = .
                0x1fff8170                __end = .
                0x1fff8170                PROVIDE (end, .)
                0x1fff8170                PROVIDE (__bss_end__, .)
                0x00039cb0                __cy_region_init_ram = LOADADDR (.data)
                0x00000080                __cy_region_init_size_ram = (_edata - ADDR (.data))
                0x00000028                __cy_region_zero_size_ram = (_end - _edata)

.heap           0x1fff8170       0x80 load address 0x00039d30
                0x1fff8170                . = _end
                0x1fff81f0                . = (. + 0x80)
 *fill*         0x1fff8170       0x80 
                0x1fff81f0                __cy_heap_limit = .

.stack          0x20007800      0x800
                0x20007800                __cy_stack_limit = .
                0x20008000                . = (. + 0x800)
 *fill*         0x20007800      0x800 
                0x00000001                ASSERT ((__cy_stack_limit >= __cy_heap_limit), region RAM overflowed with stack)
                0x00000000                cy_checksum_exclude_size = (CY_APPL_LOADABLE == 0x1)?SIZEOF (.cy_checksum_exclude):0x0
                0x00000001                ASSERT ((cy_checksum_exclude_size <= CY_CHECKSUM_EXCLUDE_SIZE), CY_BOOT: Section .cy_checksum_exclude size exceedes specified limit.)

.cyloadermeta
 *(.cyloadermeta)

.cyloadablemeta
 *(.cyloadablemeta)

.cyconfigecc    0x80000000       0x74
 *(.cyconfigecc)
 .cyconfigecc   0x80000000       0x74 .\CortexM3\ARM_GCC_541\Release\cymetadata.o
                0x80000000                cy_meta_configecc

.cycustnvl      0x90000000        0x4
 *(.cycustnvl)
 .cycustnvl     0x90000000        0x4 .\CortexM3\ARM_GCC_541\Release\cymetadata.o
                0x90000000                cy_meta_custnvl

.cywolatch      0x90100000        0x4
 *(.cywolatch)
 .cywolatch     0x90100000        0x4 .\CortexM3\ARM_GCC_541\Release\cymetadata.o
                0x90100000                cy_meta_wonvl

.cyeeprom       0x90200000        0x0
 *(.cyeeprom)
                0x00000001                ASSERT ((. <= ((0x90200000 + ee_offset) + ee_size)), .cyeeprom data will not fit in EEPROM)

.cyflashprotect
                0x90400000      0x100
 *(.cyflashprotect)
 .cyflashprotect
                0x90400000      0x100 .\CortexM3\ARM_GCC_541\Release\cymetadata.o
                0x90400000                cy_meta_flashprotect

.cymeta         0x90500000        0xc
 *(.cymeta)
 .cymeta        0x90500000        0xc .\CortexM3\ARM_GCC_541\Release\cymetadata.o
                0x90500000                cy_metadata

.rel.dyn        0x00039d30        0x0 load address 0x9050000c
 .rel.iplt      0x00039d30        0x0 c:/program files (x86)/cypress/psoc creator/4.2/psoc creator/import/gnu/arm/5.4.1/bin/../lib/gcc/arm-none-eabi/5.4.1/armv7-m/crtbegin.o

.stab
 *(.stab)

.stabstr
 *(.stabstr)

.debug
 *(.debug)

.line
 *(.line)

.debug_srcinfo
 *(.debug_srcinfo)

.debug_sfnames
 *(.debug_sfnames)

.debug_aranges  0x00000000      0x980
 *(.debug_aranges)
 .debug_aranges
                0x00000000       0x78 .\CortexM3\ARM_GCC_541\Release\main.o
 .debug_aranges
                0x00000078       0x28 .\CortexM3\ARM_GCC_541\Release\cyfitter_cfg.o
 .debug_aranges
                0x000000a0       0x18 .\CortexM3\ARM_GCC_541\Release\cymetadata.o
 .debug_aranges
                0x000000b8       0x48 .\CortexM3\ARM_GCC_541\Release\Cm3Start.o
 .debug_aranges
                0x00000100      0x298 .\CortexM3\ARM_GCC_541\Release\VGMPlayer_v0.1.a(CyLib.o)
 .debug_aranges
                0x00000398       0x78 .\CortexM3\ARM_GCC_541\Release\VGMPlayer_v0.1.a(cyPm.o)
 .debug_aranges
                0x00000410       0x38 .\CortexM3\ARM_GCC_541\Release\VGMPlayer_v0.1.a(YM_A1.o)
 .debug_aranges
                0x00000448       0x38 .\CortexM3\ARM_GCC_541\Release\VGMPlayer_v0.1.a(YM_A0.o)
 .debug_aranges
                0x00000480       0x38 .\CortexM3\ARM_GCC_541\Release\VGMPlayer_v0.1.a(YM_RD.o)
 .debug_aranges
                0x000004b8       0x38 .\CortexM3\ARM_GCC_541\Release\VGMPlayer_v0.1.a(YM_WR.o)
 .debug_aranges
                0x000004f0       0x38 .\CortexM3\ARM_GCC_541\Release\VGMPlayer_v0.1.a(YM_CS.o)
 .debug_aranges
                0x00000528       0x38 .\CortexM3\ARM_GCC_541\Release\VGMPlayer_v0.1.a(SN_WE.o)
 .debug_aranges
                0x00000560       0x38 .\CortexM3\ARM_GCC_541\Release\VGMPlayer_v0.1.a(YM_IC.o)
 .debug_aranges
                0x00000598       0x70 .\CortexM3\ARM_GCC_541\Release\VGMPlayer_v0.1.a(Clock_1.o)
 .debug_aranges
                0x00000608       0x70 .\CortexM3\ARM_GCC_541\Release\VGMPlayer_v0.1.a(Clock_2.o)
 .debug_aranges
                0x00000678       0x40 .\CortexM3\ARM_GCC_541\Release\VGMPlayer_v0.1.a(Opamp_1.o)
 .debug_aranges
                0x000006b8       0x40 .\CortexM3\ARM_GCC_541\Release\VGMPlayer_v0.1.a(Opamp_2.o)
 .debug_aranges
                0x000006f8       0x40 .\CortexM3\ARM_GCC_541\Release\VGMPlayer_v0.1.a(Opamp_3.o)
 .debug_aranges
                0x00000738       0x38 .\CortexM3\ARM_GCC_541\Release\VGMPlayer_v0.1.a(YM_Data.o)
 .debug_aranges
                0x00000770       0x70 .\CortexM3\ARM_GCC_541\Release\VGMPlayer_v0.1.a(Clock_3.o)
 .debug_aranges
                0x000007e0       0x80 .\CortexM3\ARM_GCC_541\Release\VGMPlayer_v0.1.a(isr_1.o)
 .debug_aranges
                0x00000860       0x20 .\CortexM3\ARM_GCC_541\Release\VGMPlayer_v0.1.a(CyBootAsmGnu.o)
 .debug_aranges
                0x00000880       0x80 .\CortexM3\ARM_GCC_541\Release\VGMPlayer_v0.1.a(CyFlash.o)
 .debug_aranges
                0x00000900       0x80 .\CortexM3\ARM_GCC_541\Release\VGMPlayer_v0.1.a(CySpc.o)

.debug_pubnames
 *(.debug_pubnames)

.debug_info     0x00000000     0x58e7
 *(.debug_info .gnu.linkonce.wi.*)
 .debug_info    0x00000000      0xd3b .\CortexM3\ARM_GCC_541\Release\main.o
 .debug_info    0x00000d3b      0x504 .\CortexM3\ARM_GCC_541\Release\cyfitter_cfg.o
 .debug_info    0x0000123f      0x134 .\CortexM3\ARM_GCC_541\Release\cymetadata.o
 .debug_info    0x00001373      0x3b7 .\CortexM3\ARM_GCC_541\Release\Cm3Start.o
 .debug_info    0x0000172a     0x1343 .\CortexM3\ARM_GCC_541\Release\VGMPlayer_v0.1.a(CyLib.o)
 .debug_info    0x00002a6d      0x97e .\CortexM3\ARM_GCC_541\Release\VGMPlayer_v0.1.a(cyPm.o)
 .debug_info    0x000033eb      0x121 .\CortexM3\ARM_GCC_541\Release\VGMPlayer_v0.1.a(YM_A1.o)
 .debug_info    0x0000350c      0x121 .\CortexM3\ARM_GCC_541\Release\VGMPlayer_v0.1.a(YM_A0.o)
 .debug_info    0x0000362d      0x121 .\CortexM3\ARM_GCC_541\Release\VGMPlayer_v0.1.a(YM_RD.o)
 .debug_info    0x0000374e      0x121 .\CortexM3\ARM_GCC_541\Release\VGMPlayer_v0.1.a(YM_WR.o)
 .debug_info    0x0000386f      0x121 .\CortexM3\ARM_GCC_541\Release\VGMPlayer_v0.1.a(YM_CS.o)
 .debug_info    0x00003990      0x121 .\CortexM3\ARM_GCC_541\Release\VGMPlayer_v0.1.a(SN_WE.o)
 .debug_info    0x00003ab1      0x121 .\CortexM3\ARM_GCC_541\Release\VGMPlayer_v0.1.a(YM_IC.o)
 .debug_info    0x00003bd2      0x29d .\CortexM3\ARM_GCC_541\Release\VGMPlayer_v0.1.a(Clock_1.o)
 .debug_info    0x00003e6f      0x29d .\CortexM3\ARM_GCC_541\Release\VGMPlayer_v0.1.a(Clock_2.o)
 .debug_info    0x0000410c      0x151 .\CortexM3\ARM_GCC_541\Release\VGMPlayer_v0.1.a(Opamp_1.o)
 .debug_info    0x0000425d      0x151 .\CortexM3\ARM_GCC_541\Release\VGMPlayer_v0.1.a(Opamp_2.o)
 .debug_info    0x000043ae      0x151 .\CortexM3\ARM_GCC_541\Release\VGMPlayer_v0.1.a(Opamp_3.o)
 .debug_info    0x000044ff      0x11c .\CortexM3\ARM_GCC_541\Release\VGMPlayer_v0.1.a(YM_Data.o)
 .debug_info    0x0000461b      0x29d .\CortexM3\ARM_GCC_541\Release\VGMPlayer_v0.1.a(Clock_3.o)
 .debug_info    0x000048b8      0x385 .\CortexM3\ARM_GCC_541\Release\VGMPlayer_v0.1.a(isr_1.o)
 .debug_info    0x00004c3d       0x9a .\CortexM3\ARM_GCC_541\Release\VGMPlayer_v0.1.a(CyBootAsmGnu.o)
 .debug_info    0x00004cd7      0x6c0 .\CortexM3\ARM_GCC_541\Release\VGMPlayer_v0.1.a(CyFlash.o)
 .debug_info    0x00005397      0x550 .\CortexM3\ARM_GCC_541\Release\VGMPlayer_v0.1.a(CySpc.o)

.debug_abbrev   0x00000000     0x1c46
 *(.debug_abbrev)
 .debug_abbrev  0x00000000      0x1e1 .\CortexM3\ARM_GCC_541\Release\main.o
 .debug_abbrev  0x000001e1      0x20e .\CortexM3\ARM_GCC_541\Release\cyfitter_cfg.o
 .debug_abbrev  0x000003ef       0x5d .\CortexM3\ARM_GCC_541\Release\cymetadata.o
 .debug_abbrev  0x0000044c      0x1f4 .\CortexM3\ARM_GCC_541\Release\Cm3Start.o
 .debug_abbrev  0x00000640      0x390 .\CortexM3\ARM_GCC_541\Release\VGMPlayer_v0.1.a(CyLib.o)
 .debug_abbrev  0x000009d0      0x1d5 .\CortexM3\ARM_GCC_541\Release\VGMPlayer_v0.1.a(cyPm.o)
 .debug_abbrev  0x00000ba5       0x90 .\CortexM3\ARM_GCC_541\Release\VGMPlayer_v0.1.a(YM_A1.o)
 .debug_abbrev  0x00000c35       0x90 .\CortexM3\ARM_GCC_541\Release\VGMPlayer_v0.1.a(YM_A0.o)
 .debug_abbrev  0x00000cc5       0x90 .\CortexM3\ARM_GCC_541\Release\VGMPlayer_v0.1.a(YM_RD.o)
 .debug_abbrev  0x00000d55       0x90 .\CortexM3\ARM_GCC_541\Release\VGMPlayer_v0.1.a(YM_WR.o)
 .debug_abbrev  0x00000de5       0x90 .\CortexM3\ARM_GCC_541\Release\VGMPlayer_v0.1.a(YM_CS.o)
 .debug_abbrev  0x00000e75       0x90 .\CortexM3\ARM_GCC_541\Release\VGMPlayer_v0.1.a(SN_WE.o)
 .debug_abbrev  0x00000f05       0x90 .\CortexM3\ARM_GCC_541\Release\VGMPlayer_v0.1.a(YM_IC.o)
 .debug_abbrev  0x00000f95      0x144 .\CortexM3\ARM_GCC_541\Release\VGMPlayer_v0.1.a(Clock_1.o)
 .debug_abbrev  0x000010d9      0x144 .\CortexM3\ARM_GCC_541\Release\VGMPlayer_v0.1.a(Clock_2.o)
 .debug_abbrev  0x0000121d       0xc3 .\CortexM3\ARM_GCC_541\Release\VGMPlayer_v0.1.a(Opamp_1.o)
 .debug_abbrev  0x000012e0       0xc3 .\CortexM3\ARM_GCC_541\Release\VGMPlayer_v0.1.a(Opamp_2.o)
 .debug_abbrev  0x000013a3       0xc3 .\CortexM3\ARM_GCC_541\Release\VGMPlayer_v0.1.a(Opamp_3.o)
 .debug_abbrev  0x00001466       0x9f .\CortexM3\ARM_GCC_541\Release\VGMPlayer_v0.1.a(YM_Data.o)
 .debug_abbrev  0x00001505      0x144 .\CortexM3\ARM_GCC_541\Release\VGMPlayer_v0.1.a(Clock_3.o)
 .debug_abbrev  0x00001649      0x212 .\CortexM3\ARM_GCC_541\Release\VGMPlayer_v0.1.a(isr_1.o)
 .debug_abbrev  0x0000185b       0x14 .\CortexM3\ARM_GCC_541\Release\VGMPlayer_v0.1.a(CyBootAsmGnu.o)
 .debug_abbrev  0x0000186f      0x235 .\CortexM3\ARM_GCC_541\Release\VGMPlayer_v0.1.a(CyFlash.o)
 .debug_abbrev  0x00001aa4      0x1a2 .\CortexM3\ARM_GCC_541\Release\VGMPlayer_v0.1.a(CySpc.o)

.debug_line     0x00000000     0x263b
 *(.debug_line)
 .debug_line    0x00000000      0x3b7 .\CortexM3\ARM_GCC_541\Release\main.o
 .debug_line    0x000003b7      0x1a8 .\CortexM3\ARM_GCC_541\Release\cyfitter_cfg.o
 .debug_line    0x0000055f      0x141 .\CortexM3\ARM_GCC_541\Release\cymetadata.o
 .debug_line    0x000006a0      0x21f .\CortexM3\ARM_GCC_541\Release\Cm3Start.o
 .debug_line    0x000008bf      0x7fc .\CortexM3\ARM_GCC_541\Release\VGMPlayer_v0.1.a(CyLib.o)
 .debug_line    0x000010bb      0x3be .\CortexM3\ARM_GCC_541\Release\VGMPlayer_v0.1.a(cyPm.o)
 .debug_line    0x00001479       0x92 .\CortexM3\ARM_GCC_541\Release\VGMPlayer_v0.1.a(YM_A1.o)
 .debug_line    0x0000150b       0x94 .\CortexM3\ARM_GCC_541\Release\VGMPlayer_v0.1.a(YM_A0.o)
 .debug_line    0x0000159f       0x94 .\CortexM3\ARM_GCC_541\Release\VGMPlayer_v0.1.a(YM_RD.o)
 .debug_line    0x00001633       0x92 .\CortexM3\ARM_GCC_541\Release\VGMPlayer_v0.1.a(YM_WR.o)
 .debug_line    0x000016c5       0x94 .\CortexM3\ARM_GCC_541\Release\VGMPlayer_v0.1.a(YM_CS.o)
 .debug_line    0x00001759       0x94 .\CortexM3\ARM_GCC_541\Release\VGMPlayer_v0.1.a(SN_WE.o)
 .debug_line    0x000017ed       0x94 .\CortexM3\ARM_GCC_541\Release\VGMPlayer_v0.1.a(YM_IC.o)
 .debug_line    0x00001881      0x1ae .\CortexM3\ARM_GCC_541\Release\VGMPlayer_v0.1.a(Clock_1.o)
 .debug_line    0x00001a2f      0x1ab .\CortexM3\ARM_GCC_541\Release\VGMPlayer_v0.1.a(Clock_2.o)
 .debug_line    0x00001bda       0xaf .\CortexM3\ARM_GCC_541\Release\VGMPlayer_v0.1.a(Opamp_1.o)
 .debug_line    0x00001c89       0xaf .\CortexM3\ARM_GCC_541\Release\VGMPlayer_v0.1.a(Opamp_2.o)
 .debug_line    0x00001d38       0xaf .\CortexM3\ARM_GCC_541\Release\VGMPlayer_v0.1.a(Opamp_3.o)
 .debug_line    0x00001de7       0x9b .\CortexM3\ARM_GCC_541\Release\VGMPlayer_v0.1.a(YM_Data.o)
 .debug_line    0x00001e82      0x1ae .\CortexM3\ARM_GCC_541\Release\VGMPlayer_v0.1.a(Clock_3.o)
 .debug_line    0x00002030      0x155 .\CortexM3\ARM_GCC_541\Release\VGMPlayer_v0.1.a(isr_1.o)
 .debug_line    0x00002185       0x66 .\CortexM3\ARM_GCC_541\Release\VGMPlayer_v0.1.a(CyBootAsmGnu.o)
 .debug_line    0x000021eb      0x204 .\CortexM3\ARM_GCC_541\Release\VGMPlayer_v0.1.a(CyFlash.o)
 .debug_line    0x000023ef      0x24c .\CortexM3\ARM_GCC_541\Release\VGMPlayer_v0.1.a(CySpc.o)

.debug_frame    0x00000000     0x163c
 *(.debug_frame)
 .debug_frame   0x00000000      0x184 .\CortexM3\ARM_GCC_541\Release\main.o
 .debug_frame   0x00000184       0x48 .\CortexM3\ARM_GCC_541\Release\cyfitter_cfg.o
 .debug_frame   0x000001cc       0xb8 .\CortexM3\ARM_GCC_541\Release\Cm3Start.o
 .debug_frame   0x00000284      0x6f8 .\CortexM3\ARM_GCC_541\Release\VGMPlayer_v0.1.a(CyLib.o)
 .debug_frame   0x0000097c      0x1c8 .\CortexM3\ARM_GCC_541\Release\VGMPlayer_v0.1.a(cyPm.o)
 .debug_frame   0x00000b44       0x50 .\CortexM3\ARM_GCC_541\Release\VGMPlayer_v0.1.a(YM_A1.o)
 .debug_frame   0x00000b94       0x50 .\CortexM3\ARM_GCC_541\Release\VGMPlayer_v0.1.a(YM_A0.o)
 .debug_frame   0x00000be4       0x50 .\CortexM3\ARM_GCC_541\Release\VGMPlayer_v0.1.a(YM_RD.o)
 .debug_frame   0x00000c34       0x50 .\CortexM3\ARM_GCC_541\Release\VGMPlayer_v0.1.a(YM_WR.o)
 .debug_frame   0x00000c84       0x50 .\CortexM3\ARM_GCC_541\Release\VGMPlayer_v0.1.a(YM_CS.o)
 .debug_frame   0x00000cd4       0x50 .\CortexM3\ARM_GCC_541\Release\VGMPlayer_v0.1.a(SN_WE.o)
 .debug_frame   0x00000d24       0x50 .\CortexM3\ARM_GCC_541\Release\VGMPlayer_v0.1.a(YM_IC.o)
 .debug_frame   0x00000d74       0xe0 .\CortexM3\ARM_GCC_541\Release\VGMPlayer_v0.1.a(Clock_1.o)
 .debug_frame   0x00000e54       0xe0 .\CortexM3\ARM_GCC_541\Release\VGMPlayer_v0.1.a(Clock_2.o)
 .debug_frame   0x00000f34       0x70 .\CortexM3\ARM_GCC_541\Release\VGMPlayer_v0.1.a(Opamp_1.o)
 .debug_frame   0x00000fa4       0x70 .\CortexM3\ARM_GCC_541\Release\VGMPlayer_v0.1.a(Opamp_2.o)
 .debug_frame   0x00001014       0x70 .\CortexM3\ARM_GCC_541\Release\VGMPlayer_v0.1.a(Opamp_3.o)
 .debug_frame   0x00001084       0x50 .\CortexM3\ARM_GCC_541\Release\VGMPlayer_v0.1.a(YM_Data.o)
 .debug_frame   0x000010d4       0xe0 .\CortexM3\ARM_GCC_541\Release\VGMPlayer_v0.1.a(Clock_3.o)
 .debug_frame   0x000011b4       0xe0 .\CortexM3\ARM_GCC_541\Release\VGMPlayer_v0.1.a(isr_1.o)
 .debug_frame   0x00001294      0x184 .\CortexM3\ARM_GCC_541\Release\VGMPlayer_v0.1.a(CyFlash.o)
 .debug_frame   0x00001418      0x190 .\CortexM3\ARM_GCC_541\Release\VGMPlayer_v0.1.a(CySpc.o)
 .debug_frame   0x000015a8       0x20 c:/program files (x86)/cypress/psoc creator/4.2/psoc creator/import/gnu/arm/5.4.1/bin/../lib/gcc/arm-none-eabi/5.4.1/../../../../arm-none-eabi/lib/armv7-m\libg_nano.a(lib_a-errno.o)
 .debug_frame   0x000015c8       0x28 c:/program files (x86)/cypress/psoc creator/4.2/psoc creator/import/gnu/arm/5.4.1/bin/../lib/gcc/arm-none-eabi/5.4.1/../../../../arm-none-eabi/lib/armv7-m\libg_nano.a(lib_a-exit.o)
 .debug_frame   0x000015f0       0x2c c:/program files (x86)/cypress/psoc creator/4.2/psoc creator/import/gnu/arm/5.4.1/bin/../lib/gcc/arm-none-eabi/5.4.1/../../../../arm-none-eabi/lib/armv7-m\libg_nano.a(lib_a-init.o)
 .debug_frame   0x0000161c       0x20 c:/program files (x86)/cypress/psoc creator/4.2/psoc creator/import/gnu/arm/5.4.1/bin/../lib/gcc/arm-none-eabi/5.4.1/../../../../arm-none-eabi/lib/armv7-m\libg_nano.a(lib_a-memset.o)

.debug_str      0x00000000     0x1ca4
 *(.debug_str)
 .debug_str     0x00000000      0x35f .\CortexM3\ARM_GCC_541\Release\main.o
                                0x3c6 (size before relaxing)
 .debug_str     0x0000035f      0x179 .\CortexM3\ARM_GCC_541\Release\cyfitter_cfg.o
                                0x312 (size before relaxing)
 .debug_str     0x000004d8       0x75 .\CortexM3\ARM_GCC_541\Release\cymetadata.o
                                0x1ee (size before relaxing)
 .debug_str     0x0000054d      0x13f .\CortexM3\ARM_GCC_541\Release\Cm3Start.o
                                0x314 (size before relaxing)
 .debug_str     0x0000068c      0x83c .\CortexM3\ARM_GCC_541\Release\VGMPlayer_v0.1.a(CyLib.o)
                                0xa51 (size before relaxing)
 .debug_str     0x00000ec8      0x365 .\CortexM3\ARM_GCC_541\Release\VGMPlayer_v0.1.a(cyPm.o)
                                0x736 (size before relaxing)
 .debug_str     0x0000122d       0x5a .\CortexM3\ARM_GCC_541\Release\VGMPlayer_v0.1.a(YM_A1.o)
                                0x1ec (size before relaxing)
 .debug_str     0x00001287       0x4f .\CortexM3\ARM_GCC_541\Release\VGMPlayer_v0.1.a(YM_A0.o)
                                0x1ec (size before relaxing)
 .debug_str     0x000012d6       0x4f .\CortexM3\ARM_GCC_541\Release\VGMPlayer_v0.1.a(YM_RD.o)
                                0x1ec (size before relaxing)
 .debug_str     0x00001325       0x4f .\CortexM3\ARM_GCC_541\Release\VGMPlayer_v0.1.a(YM_WR.o)
                                0x1ec (size before relaxing)
 .debug_str     0x00001374       0x4f .\CortexM3\ARM_GCC_541\Release\VGMPlayer_v0.1.a(YM_CS.o)
                                0x1ec (size before relaxing)
 .debug_str     0x000013c3       0x4f .\CortexM3\ARM_GCC_541\Release\VGMPlayer_v0.1.a(SN_WE.o)
                                0x1ec (size before relaxing)
 .debug_str     0x00001412       0x4f .\CortexM3\ARM_GCC_541\Release\VGMPlayer_v0.1.a(YM_IC.o)
                                0x1ec (size before relaxing)
 .debug_str     0x00001461      0x154 .\CortexM3\ARM_GCC_541\Release\VGMPlayer_v0.1.a(Clock_1.o)
                                0x2f8 (size before relaxing)
 .debug_str     0x000015b5      0x109 .\CortexM3\ARM_GCC_541\Release\VGMPlayer_v0.1.a(Clock_2.o)
                                0x2f8 (size before relaxing)
 .debug_str     0x000016be       0x71 .\CortexM3\ARM_GCC_541\Release\VGMPlayer_v0.1.a(Opamp_1.o)
                                0x20f (size before relaxing)
 .debug_str     0x0000172f       0x6b .\CortexM3\ARM_GCC_541\Release\VGMPlayer_v0.1.a(Opamp_2.o)
                                0x20f (size before relaxing)
 .debug_str     0x0000179a       0x6b .\CortexM3\ARM_GCC_541\Release\VGMPlayer_v0.1.a(Opamp_3.o)
                                0x20f (size before relaxing)
 .debug_str     0x00001805       0x57 .\CortexM3\ARM_GCC_541\Release\VGMPlayer_v0.1.a(YM_Data.o)
                                0x1f6 (size before relaxing)
 .debug_str     0x0000185c      0x109 .\CortexM3\ARM_GCC_541\Release\VGMPlayer_v0.1.a(Clock_3.o)
                                0x2f8 (size before relaxing)
 .debug_str     0x00001965       0xd8 .\CortexM3\ARM_GCC_541\Release\VGMPlayer_v0.1.a(isr_1.o)
                                0x2b0 (size before relaxing)
 .debug_str     0x00001a3d      0x1bb .\CortexM3\ARM_GCC_541\Release\VGMPlayer_v0.1.a(CyFlash.o)
                                0x3c3 (size before relaxing)
 .debug_str     0x00001bf8       0xac .\CortexM3\ARM_GCC_541\Release\VGMPlayer_v0.1.a(CySpc.o)
                                0x342 (size before relaxing)

.debug_loc      0x00000000     0x24e5
 *(.debug_loc)
 .debug_loc     0x00000000      0x302 .\CortexM3\ARM_GCC_541\Release\main.o
 .debug_loc     0x00000302      0x30f .\CortexM3\ARM_GCC_541\Release\cyfitter_cfg.o
 .debug_loc     0x00000611      0x1af .\CortexM3\ARM_GCC_541\Release\Cm3Start.o
 .debug_loc     0x000007c0      0xa20 .\CortexM3\ARM_GCC_541\Release\VGMPlayer_v0.1.a(CyLib.o)
 .debug_loc     0x000011e0      0x1d6 .\CortexM3\ARM_GCC_541\Release\VGMPlayer_v0.1.a(cyPm.o)
 .debug_loc     0x000013b6       0x5a .\CortexM3\ARM_GCC_541\Release\VGMPlayer_v0.1.a(YM_A1.o)
 .debug_loc     0x00001410       0x5a .\CortexM3\ARM_GCC_541\Release\VGMPlayer_v0.1.a(YM_A0.o)
 .debug_loc     0x0000146a       0x5a .\CortexM3\ARM_GCC_541\Release\VGMPlayer_v0.1.a(YM_RD.o)
 .debug_loc     0x000014c4       0x5a .\CortexM3\ARM_GCC_541\Release\VGMPlayer_v0.1.a(YM_WR.o)
 .debug_loc     0x0000151e       0x5a .\CortexM3\ARM_GCC_541\Release\VGMPlayer_v0.1.a(YM_CS.o)
 .debug_loc     0x00001578       0x5a .\CortexM3\ARM_GCC_541\Release\VGMPlayer_v0.1.a(SN_WE.o)
 .debug_loc     0x000015d2       0x5a .\CortexM3\ARM_GCC_541\Release\VGMPlayer_v0.1.a(YM_IC.o)
 .debug_loc     0x0000162c       0xa6 .\CortexM3\ARM_GCC_541\Release\VGMPlayer_v0.1.a(Clock_1.o)
 .debug_loc     0x000016d2       0xa6 .\CortexM3\ARM_GCC_541\Release\VGMPlayer_v0.1.a(Clock_2.o)
 .debug_loc     0x00001778       0x21 .\CortexM3\ARM_GCC_541\Release\VGMPlayer_v0.1.a(Opamp_1.o)
 .debug_loc     0x00001799       0x21 .\CortexM3\ARM_GCC_541\Release\VGMPlayer_v0.1.a(Opamp_2.o)
 .debug_loc     0x000017ba       0x21 .\CortexM3\ARM_GCC_541\Release\VGMPlayer_v0.1.a(Opamp_3.o)
 .debug_loc     0x000017db       0x21 .\CortexM3\ARM_GCC_541\Release\VGMPlayer_v0.1.a(YM_Data.o)
 .debug_loc     0x000017fc       0xa6 .\CortexM3\ARM_GCC_541\Release\VGMPlayer_v0.1.a(Clock_3.o)
 .debug_loc     0x000018a2       0xf3 .\CortexM3\ARM_GCC_541\Release\VGMPlayer_v0.1.a(isr_1.o)
 .debug_loc     0x00001995      0x4b7 .\CortexM3\ARM_GCC_541\Release\VGMPlayer_v0.1.a(CyFlash.o)
 .debug_loc     0x00001e4c      0x699 .\CortexM3\ARM_GCC_541\Release\VGMPlayer_v0.1.a(CySpc.o)

.debug_macinfo
 *(.debug_macinfo)

.debug_ranges   0x00000000      0xa80
 *(.debug_ranges)
 .debug_ranges  0x00000000       0x68 .\CortexM3\ARM_GCC_541\Release\main.o
 .debug_ranges  0x00000068       0xf0 .\CortexM3\ARM_GCC_541\Release\cyfitter_cfg.o
 .debug_ranges  0x00000158       0x50 .\CortexM3\ARM_GCC_541\Release\Cm3Start.o
 .debug_ranges  0x000001a8      0x2b8 .\CortexM3\ARM_GCC_541\Release\VGMPlayer_v0.1.a(CyLib.o)
 .debug_ranges  0x00000460       0x90 .\CortexM3\ARM_GCC_541\Release\VGMPlayer_v0.1.a(cyPm.o)
 .debug_ranges  0x000004f0       0x28 .\CortexM3\ARM_GCC_541\Release\VGMPlayer_v0.1.a(YM_A1.o)
 .debug_ranges  0x00000518       0x28 .\CortexM3\ARM_GCC_541\Release\VGMPlayer_v0.1.a(YM_A0.o)
 .debug_ranges  0x00000540       0x28 .\CortexM3\ARM_GCC_541\Release\VGMPlayer_v0.1.a(YM_RD.o)
 .debug_ranges  0x00000568       0x28 .\CortexM3\ARM_GCC_541\Release\VGMPlayer_v0.1.a(YM_WR.o)
 .debug_ranges  0x00000590       0x28 .\CortexM3\ARM_GCC_541\Release\VGMPlayer_v0.1.a(YM_CS.o)
 .debug_ranges  0x000005b8       0x28 .\CortexM3\ARM_GCC_541\Release\VGMPlayer_v0.1.a(SN_WE.o)
 .debug_ranges  0x000005e0       0x28 .\CortexM3\ARM_GCC_541\Release\VGMPlayer_v0.1.a(YM_IC.o)
 .debug_ranges  0x00000608       0xb8 .\CortexM3\ARM_GCC_541\Release\VGMPlayer_v0.1.a(Clock_1.o)
 .debug_ranges  0x000006c0       0xb8 .\CortexM3\ARM_GCC_541\Release\VGMPlayer_v0.1.a(Clock_2.o)
 .debug_ranges  0x00000778       0x30 .\CortexM3\ARM_GCC_541\Release\VGMPlayer_v0.1.a(Opamp_1.o)
 .debug_ranges  0x000007a8       0x30 .\CortexM3\ARM_GCC_541\Release\VGMPlayer_v0.1.a(Opamp_2.o)
 .debug_ranges  0x000007d8       0x30 .\CortexM3\ARM_GCC_541\Release\VGMPlayer_v0.1.a(Opamp_3.o)
 .debug_ranges  0x00000808       0x28 .\CortexM3\ARM_GCC_541\Release\VGMPlayer_v0.1.a(YM_Data.o)
 .debug_ranges  0x00000830       0xb8 .\CortexM3\ARM_GCC_541\Release\VGMPlayer_v0.1.a(Clock_3.o)
 .debug_ranges  0x000008e8       0xa0 .\CortexM3\ARM_GCC_541\Release\VGMPlayer_v0.1.a(isr_1.o)
 .debug_ranges  0x00000988       0x88 .\CortexM3\ARM_GCC_541\Release\VGMPlayer_v0.1.a(CyFlash.o)
 .debug_ranges  0x00000a10       0x70 .\CortexM3\ARM_GCC_541\Release\VGMPlayer_v0.1.a(CySpc.o)

.comment        0x00000000       0x6e
 .comment       0x00000000       0x6e .\CortexM3\ARM_GCC_541\Release\main.o
                                 0x6f (size before relaxing)
 .comment       0x0000006e       0x6f .\CortexM3\ARM_GCC_541\Release\cyfitter_cfg.o
 .comment       0x0000006e       0x6f .\CortexM3\ARM_GCC_541\Release\cymetadata.o
 .comment       0x0000006e       0x6f .\CortexM3\ARM_GCC_541\Release\Cm3Start.o
 .comment       0x0000006e       0x6f .\CortexM3\ARM_GCC_541\Release\VGMPlayer_v0.1.a(CyLib.o)
 .comment       0x0000006e       0x6f .\CortexM3\ARM_GCC_541\Release\VGMPlayer_v0.1.a(cyPm.o)
 .comment       0x0000006e       0x6f .\CortexM3\ARM_GCC_541\Release\VGMPlayer_v0.1.a(YM_A1.o)
 .comment       0x0000006e       0x6f .\CortexM3\ARM_GCC_541\Release\VGMPlayer_v0.1.a(YM_A0.o)
 .comment       0x0000006e       0x6f .\CortexM3\ARM_GCC_541\Release\VGMPlayer_v0.1.a(YM_RD.o)
 .comment       0x0000006e       0x6f .\CortexM3\ARM_GCC_541\Release\VGMPlayer_v0.1.a(YM_WR.o)
 .comment       0x0000006e       0x6f .\CortexM3\ARM_GCC_541\Release\VGMPlayer_v0.1.a(YM_CS.o)
 .comment       0x0000006e       0x6f .\CortexM3\ARM_GCC_541\Release\VGMPlayer_v0.1.a(SN_WE.o)
 .comment       0x0000006e       0x6f .\CortexM3\ARM_GCC_541\Release\VGMPlayer_v0.1.a(YM_IC.o)
 .comment       0x0000006e       0x6f .\CortexM3\ARM_GCC_541\Release\VGMPlayer_v0.1.a(Clock_1.o)
 .comment       0x0000006e       0x6f .\CortexM3\ARM_GCC_541\Release\VGMPlayer_v0.1.a(Clock_2.o)
 .comment       0x0000006e       0x6f .\CortexM3\ARM_GCC_541\Release\VGMPlayer_v0.1.a(Opamp_1.o)
 .comment       0x0000006e       0x6f .\CortexM3\ARM_GCC_541\Release\VGMPlayer_v0.1.a(Opamp_2.o)
 .comment       0x0000006e       0x6f .\CortexM3\ARM_GCC_541\Release\VGMPlayer_v0.1.a(Opamp_3.o)
 .comment       0x0000006e       0x6f .\CortexM3\ARM_GCC_541\Release\VGMPlayer_v0.1.a(YM_Data.o)
 .comment       0x0000006e       0x6f .\CortexM3\ARM_GCC_541\Release\VGMPlayer_v0.1.a(Clock_3.o)
 .comment       0x0000006e       0x6f .\CortexM3\ARM_GCC_541\Release\VGMPlayer_v0.1.a(isr_1.o)
 .comment       0x0000006e       0x6f .\CortexM3\ARM_GCC_541\Release\VGMPlayer_v0.1.a(CyFlash.o)
 .comment       0x0000006e       0x6f .\CortexM3\ARM_GCC_541\Release\VGMPlayer_v0.1.a(CySpc.o)

.debug_weaknames
 *(.debug_weaknames)

.debug_funcnames
 *(.debug_funcnames)

.debug_typenames
 *(.debug_typenames)

.debug_varnames
 *(.debug_varnames)

.note.gnu.arm.ident
 *(.note.gnu.arm.ident)

.ARM.attributes
                0x00000000       0x29
 *(.ARM.attributes)
 .ARM.attributes
                0x00000000       0x1d c:/program files (x86)/cypress/psoc creator/4.2/psoc creator/import/gnu/arm/5.4.1/bin/../lib/gcc/arm-none-eabi/5.4.1/armv7-m/crti.o
 .ARM.attributes
                0x0000001d       0x2d c:/program files (x86)/cypress/psoc creator/4.2/psoc creator/import/gnu/arm/5.4.1/bin/../lib/gcc/arm-none-eabi/5.4.1/armv7-m/crtbegin.o
 .ARM.attributes
                0x0000004a       0x1b c:/program files (x86)/cypress/psoc creator/4.2/psoc creator/import/gnu/arm/5.4.1/bin/../lib/gcc/arm-none-eabi/5.4.1/../../../../arm-none-eabi/lib/armv7-m/crt0.o
 .ARM.attributes
                0x00000065       0x33 .\CortexM3\ARM_GCC_541\Release\main.o
 .ARM.attributes
                0x00000098       0x33 .\CortexM3\ARM_GCC_541\Release\cyfitter_cfg.o
 .ARM.attributes
                0x000000cb       0x33 .\CortexM3\ARM_GCC_541\Release\cymetadata.o
 .ARM.attributes
                0x000000fe       0x33 .\CortexM3\ARM_GCC_541\Release\Cm3Start.o
 .ARM.attributes
                0x00000131       0x33 .\CortexM3\ARM_GCC_541\Release\VGMPlayer_v0.1.a(CyLib.o)
 .ARM.attributes
                0x00000164       0x33 .\CortexM3\ARM_GCC_541\Release\VGMPlayer_v0.1.a(cyPm.o)
 .ARM.attributes
                0x00000197       0x33 .\CortexM3\ARM_GCC_541\Release\VGMPlayer_v0.1.a(YM_A1.o)
 .ARM.attributes
                0x000001ca       0x33 .\CortexM3\ARM_GCC_541\Release\VGMPlayer_v0.1.a(YM_A0.o)
 .ARM.attributes
                0x000001fd       0x33 .\CortexM3\ARM_GCC_541\Release\VGMPlayer_v0.1.a(YM_RD.o)
 .ARM.attributes
                0x00000230       0x33 .\CortexM3\ARM_GCC_541\Release\VGMPlayer_v0.1.a(YM_WR.o)
 .ARM.attributes
                0x00000263       0x33 .\CortexM3\ARM_GCC_541\Release\VGMPlayer_v0.1.a(YM_CS.o)
 .ARM.attributes
                0x00000296       0x33 .\CortexM3\ARM_GCC_541\Release\VGMPlayer_v0.1.a(SN_WE.o)
 .ARM.attributes
                0x000002c9       0x33 .\CortexM3\ARM_GCC_541\Release\VGMPlayer_v0.1.a(YM_IC.o)
 .ARM.attributes
                0x000002fc       0x33 .\CortexM3\ARM_GCC_541\Release\VGMPlayer_v0.1.a(Clock_1.o)
 .ARM.attributes
                0x0000032f       0x33 .\CortexM3\ARM_GCC_541\Release\VGMPlayer_v0.1.a(Clock_2.o)
 .ARM.attributes
                0x00000362       0x33 .\CortexM3\ARM_GCC_541\Release\VGMPlayer_v0.1.a(Opamp_1.o)
 .ARM.attributes
                0x00000395       0x33 .\CortexM3\ARM_GCC_541\Release\VGMPlayer_v0.1.a(Opamp_2.o)
 .ARM.attributes
                0x000003c8       0x33 .\CortexM3\ARM_GCC_541\Release\VGMPlayer_v0.1.a(Opamp_3.o)
 .ARM.attributes
                0x000003fb       0x33 .\CortexM3\ARM_GCC_541\Release\VGMPlayer_v0.1.a(YM_Data.o)
 .ARM.attributes
                0x0000042e       0x33 .\CortexM3\ARM_GCC_541\Release\VGMPlayer_v0.1.a(Clock_3.o)
 .ARM.attributes
                0x00000461       0x33 .\CortexM3\ARM_GCC_541\Release\VGMPlayer_v0.1.a(isr_1.o)
 .ARM.attributes
                0x00000494       0x21 .\CortexM3\ARM_GCC_541\Release\VGMPlayer_v0.1.a(CyBootAsmGnu.o)
 .ARM.attributes
                0x000004b5       0x33 .\CortexM3\ARM_GCC_541\Release\VGMPlayer_v0.1.a(CyFlash.o)
 .ARM.attributes
                0x000004e8       0x33 .\CortexM3\ARM_GCC_541\Release\VGMPlayer_v0.1.a(CySpc.o)
 .ARM.attributes
                0x0000051b       0x2d c:/program files (x86)/cypress/psoc creator/4.2/psoc creator/import/gnu/arm/5.4.1/bin/../lib/gcc/arm-none-eabi/5.4.1/../../../../arm-none-eabi/lib/armv7-m\libg_nano.a(lib_a-errno.o)
 .ARM.attributes
                0x00000548       0x2d c:/program files (x86)/cypress/psoc creator/4.2/psoc creator/import/gnu/arm/5.4.1/bin/../lib/gcc/arm-none-eabi/5.4.1/../../../../arm-none-eabi/lib/armv7-m\libg_nano.a(lib_a-exit.o)
 .ARM.attributes
                0x00000575       0x2d c:/program files (x86)/cypress/psoc creator/4.2/psoc creator/import/gnu/arm/5.4.1/bin/../lib/gcc/arm-none-eabi/5.4.1/../../../../arm-none-eabi/lib/armv7-m\libg_nano.a(lib_a-impure.o)
 .ARM.attributes
                0x000005a2       0x2d c:/program files (x86)/cypress/psoc creator/4.2/psoc creator/import/gnu/arm/5.4.1/bin/../lib/gcc/arm-none-eabi/5.4.1/../../../../arm-none-eabi/lib/armv7-m\libg_nano.a(lib_a-init.o)
 .ARM.attributes
                0x000005cf       0x2d c:/program files (x86)/cypress/psoc creator/4.2/psoc creator/import/gnu/arm/5.4.1/bin/../lib/gcc/arm-none-eabi/5.4.1/../../../../arm-none-eabi/lib/armv7-m\libg_nano.a(lib_a-memset.o)
 .ARM.attributes
                0x000005fc       0x2d c:/program files (x86)/cypress/psoc creator/4.2/psoc creator/import/gnu/arm/5.4.1/bin/../lib/gcc/arm-none-eabi/5.4.1/armv7-m/crtend.o
 .ARM.attributes
                0x00000629       0x1d c:/program files (x86)/cypress/psoc creator/4.2/psoc creator/import/gnu/arm/5.4.1/bin/../lib/gcc/arm-none-eabi/5.4.1/armv7-m/crtn.o

/DISCARD/
 *(.note.GNU-stack)
OUTPUT(C:\Users\ingan\Documents\PSoC Creator\MegaDrive_player\VGMPlayer_v0.1.cydsn\CortexM3\ARM_GCC_541\Release\VGMPlayer_v0.1.elf elf32-littlearm)
