ARM GAS  C:\Users\ingan\AppData\Local\Temp\ccnIrFBK.s 			page 1


   1              		.syntax unified
   2              		.cpu cortex-m3
   3              		.fpu softvfp
   4              		.eabi_attribute 20, 1
   5              		.eabi_attribute 21, 1
   6              		.eabi_attribute 23, 3
   7              		.eabi_attribute 24, 1
   8              		.eabi_attribute 25, 1
   9              		.eabi_attribute 26, 1
  10              		.eabi_attribute 30, 2
  11              		.eabi_attribute 34, 1
  12              		.eabi_attribute 18, 4
  13              		.thumb
  14              		.syntax unified
  15              		.file	"USBUART_ep2_dma.c"
  16              		.text
  17              	.Ltext0:
  18              		.cfi_sections	.debug_frame
  19              		.section	.text.USBUART_ep2_DmaInitialize,"ax",%progbits
  20              		.align	2
  21              		.global	USBUART_ep2_DmaInitialize
  22              		.thumb
  23              		.thumb_func
  24              		.type	USBUART_ep2_DmaInitialize, %function
  25              	USBUART_ep2_DmaInitialize:
  26              	.LFB0:
  27              		.file 1 "Generated_Source\\PSoC5\\USBUART_ep2_dma.c"
   1:Generated_Source\PSoC5/USBUART_ep2_dma.c **** /***************************************************************************
   2:Generated_Source\PSoC5/USBUART_ep2_dma.c **** * File Name: USBUART_ep2_dma.c  
   3:Generated_Source\PSoC5/USBUART_ep2_dma.c **** * Version 1.70
   4:Generated_Source\PSoC5/USBUART_ep2_dma.c **** *
   5:Generated_Source\PSoC5/USBUART_ep2_dma.c **** *  Description:
   6:Generated_Source\PSoC5/USBUART_ep2_dma.c **** *   Provides an API for the DMAC component. The API includes functions
   7:Generated_Source\PSoC5/USBUART_ep2_dma.c **** *   for the DMA controller, DMA channels and Transfer Descriptors.
   8:Generated_Source\PSoC5/USBUART_ep2_dma.c **** *
   9:Generated_Source\PSoC5/USBUART_ep2_dma.c **** *
  10:Generated_Source\PSoC5/USBUART_ep2_dma.c **** *   Note:
  11:Generated_Source\PSoC5/USBUART_ep2_dma.c **** *     This module requires the developer to finish or fill in the auto
  12:Generated_Source\PSoC5/USBUART_ep2_dma.c **** *     generated funcions and setup the dma channel and TD's.
  13:Generated_Source\PSoC5/USBUART_ep2_dma.c **** *
  14:Generated_Source\PSoC5/USBUART_ep2_dma.c **** ********************************************************************************
  15:Generated_Source\PSoC5/USBUART_ep2_dma.c **** * Copyright 2008-2010, Cypress Semiconductor Corporation.  All rights reserved.
  16:Generated_Source\PSoC5/USBUART_ep2_dma.c **** * You may use this file only in accordance with the license, terms, conditions, 
  17:Generated_Source\PSoC5/USBUART_ep2_dma.c **** * disclaimers, and limitations in the end user license agreement accompanying 
  18:Generated_Source\PSoC5/USBUART_ep2_dma.c **** * the software package with which this file was provided.
  19:Generated_Source\PSoC5/USBUART_ep2_dma.c **** ********************************************************************************/
  20:Generated_Source\PSoC5/USBUART_ep2_dma.c **** #include <CYLIB.H>
  21:Generated_Source\PSoC5/USBUART_ep2_dma.c **** #include <CYDMAC.H>
  22:Generated_Source\PSoC5/USBUART_ep2_dma.c **** #include <USBUART_ep2_dma.H>
  23:Generated_Source\PSoC5/USBUART_ep2_dma.c **** 
  24:Generated_Source\PSoC5/USBUART_ep2_dma.c **** 
  25:Generated_Source\PSoC5/USBUART_ep2_dma.c **** 
  26:Generated_Source\PSoC5/USBUART_ep2_dma.c **** /****************************************************************************
  27:Generated_Source\PSoC5/USBUART_ep2_dma.c **** * 
  28:Generated_Source\PSoC5/USBUART_ep2_dma.c **** * The following defines are available in Cyfitter.h
  29:Generated_Source\PSoC5/USBUART_ep2_dma.c **** * 
  30:Generated_Source\PSoC5/USBUART_ep2_dma.c **** * 
ARM GAS  C:\Users\ingan\AppData\Local\Temp\ccnIrFBK.s 			page 2


  31:Generated_Source\PSoC5/USBUART_ep2_dma.c **** * 
  32:Generated_Source\PSoC5/USBUART_ep2_dma.c **** * USBUART_ep2__DRQ_CTL_REG
  33:Generated_Source\PSoC5/USBUART_ep2_dma.c **** * 
  34:Generated_Source\PSoC5/USBUART_ep2_dma.c **** * 
  35:Generated_Source\PSoC5/USBUART_ep2_dma.c **** * USBUART_ep2__DRQ_NUMBER
  36:Generated_Source\PSoC5/USBUART_ep2_dma.c **** * 
  37:Generated_Source\PSoC5/USBUART_ep2_dma.c **** * Number of TD's used by this channel.
  38:Generated_Source\PSoC5/USBUART_ep2_dma.c **** * USBUART_ep2__NUMBEROF_TDS
  39:Generated_Source\PSoC5/USBUART_ep2_dma.c **** * 
  40:Generated_Source\PSoC5/USBUART_ep2_dma.c **** * Priority of this channel.
  41:Generated_Source\PSoC5/USBUART_ep2_dma.c **** * USBUART_ep2__PRIORITY
  42:Generated_Source\PSoC5/USBUART_ep2_dma.c **** * 
  43:Generated_Source\PSoC5/USBUART_ep2_dma.c **** * True if USBUART_ep2_TERMIN_SEL is used.
  44:Generated_Source\PSoC5/USBUART_ep2_dma.c **** * USBUART_ep2__TERMIN_EN
  45:Generated_Source\PSoC5/USBUART_ep2_dma.c **** * 
  46:Generated_Source\PSoC5/USBUART_ep2_dma.c **** * TERMIN interrupt line to signal terminate.
  47:Generated_Source\PSoC5/USBUART_ep2_dma.c **** * USBUART_ep2__TERMIN_SEL
  48:Generated_Source\PSoC5/USBUART_ep2_dma.c **** * 
  49:Generated_Source\PSoC5/USBUART_ep2_dma.c **** * 
  50:Generated_Source\PSoC5/USBUART_ep2_dma.c **** * True if USBUART_ep2_TERMOUT0_SEL is used.
  51:Generated_Source\PSoC5/USBUART_ep2_dma.c **** * USBUART_ep2__TERMOUT0_EN
  52:Generated_Source\PSoC5/USBUART_ep2_dma.c **** * 
  53:Generated_Source\PSoC5/USBUART_ep2_dma.c **** * 
  54:Generated_Source\PSoC5/USBUART_ep2_dma.c **** * TERMOUT0 interrupt line to signal completion.
  55:Generated_Source\PSoC5/USBUART_ep2_dma.c **** * USBUART_ep2__TERMOUT0_SEL
  56:Generated_Source\PSoC5/USBUART_ep2_dma.c **** * 
  57:Generated_Source\PSoC5/USBUART_ep2_dma.c **** * 
  58:Generated_Source\PSoC5/USBUART_ep2_dma.c **** * True if USBUART_ep2_TERMOUT1_SEL is used.
  59:Generated_Source\PSoC5/USBUART_ep2_dma.c **** * USBUART_ep2__TERMOUT1_EN
  60:Generated_Source\PSoC5/USBUART_ep2_dma.c **** * 
  61:Generated_Source\PSoC5/USBUART_ep2_dma.c **** * 
  62:Generated_Source\PSoC5/USBUART_ep2_dma.c **** * TERMOUT1 interrupt line to signal completion.
  63:Generated_Source\PSoC5/USBUART_ep2_dma.c **** * USBUART_ep2__TERMOUT1_SEL
  64:Generated_Source\PSoC5/USBUART_ep2_dma.c **** * 
  65:Generated_Source\PSoC5/USBUART_ep2_dma.c **** ****************************************************************************/
  66:Generated_Source\PSoC5/USBUART_ep2_dma.c **** 
  67:Generated_Source\PSoC5/USBUART_ep2_dma.c **** 
  68:Generated_Source\PSoC5/USBUART_ep2_dma.c **** /* Zero based index of USBUART_ep2 dma channel */
  69:Generated_Source\PSoC5/USBUART_ep2_dma.c **** uint8 USBUART_ep2_DmaHandle = DMA_INVALID_CHANNEL;
  70:Generated_Source\PSoC5/USBUART_ep2_dma.c **** 
  71:Generated_Source\PSoC5/USBUART_ep2_dma.c **** /*********************************************************************
  72:Generated_Source\PSoC5/USBUART_ep2_dma.c **** * Function Name: uint8 USBUART_ep2_DmaInitalize
  73:Generated_Source\PSoC5/USBUART_ep2_dma.c **** **********************************************************************
  74:Generated_Source\PSoC5/USBUART_ep2_dma.c **** * Summary:
  75:Generated_Source\PSoC5/USBUART_ep2_dma.c **** *   Allocates and initialises a channel of the DMAC to be used by the
  76:Generated_Source\PSoC5/USBUART_ep2_dma.c **** *   caller.
  77:Generated_Source\PSoC5/USBUART_ep2_dma.c **** *
  78:Generated_Source\PSoC5/USBUART_ep2_dma.c **** * Parameters:
  79:Generated_Source\PSoC5/USBUART_ep2_dma.c **** *   BurstCount.
  80:Generated_Source\PSoC5/USBUART_ep2_dma.c **** *       
  81:Generated_Source\PSoC5/USBUART_ep2_dma.c **** *       
  82:Generated_Source\PSoC5/USBUART_ep2_dma.c **** *   ReqestPerBurst.
  83:Generated_Source\PSoC5/USBUART_ep2_dma.c **** *       
  84:Generated_Source\PSoC5/USBUART_ep2_dma.c **** *       
  85:Generated_Source\PSoC5/USBUART_ep2_dma.c **** *   UpperSrcAddress.
  86:Generated_Source\PSoC5/USBUART_ep2_dma.c **** *       
  87:Generated_Source\PSoC5/USBUART_ep2_dma.c **** *       
ARM GAS  C:\Users\ingan\AppData\Local\Temp\ccnIrFBK.s 			page 3


  88:Generated_Source\PSoC5/USBUART_ep2_dma.c **** *   UpperDestAddress.
  89:Generated_Source\PSoC5/USBUART_ep2_dma.c **** *       
  90:Generated_Source\PSoC5/USBUART_ep2_dma.c **** *
  91:Generated_Source\PSoC5/USBUART_ep2_dma.c **** * Return:
  92:Generated_Source\PSoC5/USBUART_ep2_dma.c **** *   The channel that can be used by the caller for DMA activity.
  93:Generated_Source\PSoC5/USBUART_ep2_dma.c **** *   DMA_INVALID_CHANNEL (0xFF) if there are no channels left. 
  94:Generated_Source\PSoC5/USBUART_ep2_dma.c **** *
  95:Generated_Source\PSoC5/USBUART_ep2_dma.c **** *
  96:Generated_Source\PSoC5/USBUART_ep2_dma.c **** *******************************************************************/
  97:Generated_Source\PSoC5/USBUART_ep2_dma.c **** uint8 USBUART_ep2_DmaInitialize(uint8 BurstCount, uint8 ReqestPerBurst, uint16 UpperSrcAddress, uin
  98:Generated_Source\PSoC5/USBUART_ep2_dma.c **** {
  28              		.loc 1 98 0
  29              		.cfi_startproc
  30              		@ args = 0, pretend = 0, frame = 0
  31              		@ frame_needed = 0, uses_anonymous_args = 0
  32              	.LVL0:
  33 0000 2DE9F041 		push	{r4, r5, r6, r7, r8, lr}
  34              		.cfi_def_cfa_offset 24
  35              		.cfi_offset 4, -24
  36              		.cfi_offset 5, -20
  37              		.cfi_offset 6, -16
  38              		.cfi_offset 7, -12
  39              		.cfi_offset 8, -8
  40              		.cfi_offset 14, -4
  41 0004 1746     		mov	r7, r2
  42 0006 9846     		mov	r8, r3
  43 0008 82B0     		sub	sp, sp, #8
  44              		.cfi_def_cfa_offset 32
  99:Generated_Source\PSoC5/USBUART_ep2_dma.c **** 
 100:Generated_Source\PSoC5/USBUART_ep2_dma.c ****     /* Allocate a DMA channel. */
 101:Generated_Source\PSoC5/USBUART_ep2_dma.c ****     USBUART_ep2_DmaHandle = (uint8)USBUART_ep2__DRQ_NUMBER;
  45              		.loc 1 101 0
  46 000a 0C4C     		ldr	r4, .L3
 102:Generated_Source\PSoC5/USBUART_ep2_dma.c **** 
 103:Generated_Source\PSoC5/USBUART_ep2_dma.c ****     /* Configure the channel. */
 104:Generated_Source\PSoC5/USBUART_ep2_dma.c ****     (void)CyDmaChSetConfiguration(USBUART_ep2_DmaHandle,
  47              		.loc 1 104 0
  48 000c 0025     		movs	r5, #0
 101:Generated_Source\PSoC5/USBUART_ep2_dma.c **** 
  49              		.loc 1 101 0
  50 000e 0126     		movs	r6, #1
  51              		.loc 1 104 0
  52 0010 2B46     		mov	r3, r5
  53              	.LVL1:
  54 0012 0A46     		mov	r2, r1
  55              	.LVL2:
  56 0014 0195     		str	r5, [sp, #4]
  57 0016 0146     		mov	r1, r0
  58              	.LVL3:
  59 0018 0095     		str	r5, [sp]
  60 001a 3046     		mov	r0, r6
  61              	.LVL4:
 101:Generated_Source\PSoC5/USBUART_ep2_dma.c **** 
  62              		.loc 1 101 0
  63 001c 2670     		strb	r6, [r4]
  64              		.loc 1 104 0
  65 001e FFF7FEFF 		bl	CyDmaChSetConfiguration
ARM GAS  C:\Users\ingan\AppData\Local\Temp\ccnIrFBK.s 			page 4


  66              	.LVL5:
 105:Generated_Source\PSoC5/USBUART_ep2_dma.c ****                                   BurstCount,
 106:Generated_Source\PSoC5/USBUART_ep2_dma.c ****                                   ReqestPerBurst,
 107:Generated_Source\PSoC5/USBUART_ep2_dma.c ****                                   (uint8)USBUART_ep2__TERMOUT0_SEL,
 108:Generated_Source\PSoC5/USBUART_ep2_dma.c ****                                   (uint8)USBUART_ep2__TERMOUT1_SEL,
 109:Generated_Source\PSoC5/USBUART_ep2_dma.c ****                                   (uint8)USBUART_ep2__TERMIN_SEL);
 110:Generated_Source\PSoC5/USBUART_ep2_dma.c **** 
 111:Generated_Source\PSoC5/USBUART_ep2_dma.c ****     /* Set the extended address for the transfers */
 112:Generated_Source\PSoC5/USBUART_ep2_dma.c ****     (void)CyDmaChSetExtendedAddress(USBUART_ep2_DmaHandle, UpperSrcAddress, UpperDestAddress);
  67              		.loc 1 112 0
  68 0022 4246     		mov	r2, r8
  69 0024 3946     		mov	r1, r7
  70 0026 2078     		ldrb	r0, [r4]	@ zero_extendqisi2
  71 0028 FFF7FEFF 		bl	CyDmaChSetExtendedAddress
  72              	.LVL6:
 113:Generated_Source\PSoC5/USBUART_ep2_dma.c **** 
 114:Generated_Source\PSoC5/USBUART_ep2_dma.c ****     /* Set the priority for this channel */
 115:Generated_Source\PSoC5/USBUART_ep2_dma.c ****     (void)CyDmaChPriority(USBUART_ep2_DmaHandle, (uint8)USBUART_ep2__PRIORITY);
  73              		.loc 1 115 0
  74 002c 2078     		ldrb	r0, [r4]	@ zero_extendqisi2
  75 002e 0221     		movs	r1, #2
  76 0030 FFF7FEFF 		bl	CyDmaChPriority
  77              	.LVL7:
 116:Generated_Source\PSoC5/USBUART_ep2_dma.c ****     
 117:Generated_Source\PSoC5/USBUART_ep2_dma.c ****     return USBUART_ep2_DmaHandle;
 118:Generated_Source\PSoC5/USBUART_ep2_dma.c **** }
  78              		.loc 1 118 0
  79 0034 2078     		ldrb	r0, [r4]	@ zero_extendqisi2
  80 0036 02B0     		add	sp, sp, #8
  81              		.cfi_def_cfa_offset 24
  82              		@ sp needed
  83 0038 BDE8F081 		pop	{r4, r5, r6, r7, r8, pc}
  84              	.L4:
  85              		.align	2
  86              	.L3:
  87 003c 00000000 		.word	.LANCHOR0
  88              		.cfi_endproc
  89              	.LFE0:
  90              		.size	USBUART_ep2_DmaInitialize, .-USBUART_ep2_DmaInitialize
  91              		.section	.text.USBUART_ep2_DmaRelease,"ax",%progbits
  92              		.align	2
  93              		.global	USBUART_ep2_DmaRelease
  94              		.thumb
  95              		.thumb_func
  96              		.type	USBUART_ep2_DmaRelease, %function
  97              	USBUART_ep2_DmaRelease:
  98              	.LFB1:
 119:Generated_Source\PSoC5/USBUART_ep2_dma.c **** 
 120:Generated_Source\PSoC5/USBUART_ep2_dma.c **** /*********************************************************************
 121:Generated_Source\PSoC5/USBUART_ep2_dma.c **** * Function Name: void USBUART_ep2_DmaRelease
 122:Generated_Source\PSoC5/USBUART_ep2_dma.c **** **********************************************************************
 123:Generated_Source\PSoC5/USBUART_ep2_dma.c **** * Summary:
 124:Generated_Source\PSoC5/USBUART_ep2_dma.c **** *   Frees the channel associated with USBUART_ep2.
 125:Generated_Source\PSoC5/USBUART_ep2_dma.c **** *
 126:Generated_Source\PSoC5/USBUART_ep2_dma.c **** *
 127:Generated_Source\PSoC5/USBUART_ep2_dma.c **** * Parameters:
 128:Generated_Source\PSoC5/USBUART_ep2_dma.c **** *   void.
ARM GAS  C:\Users\ingan\AppData\Local\Temp\ccnIrFBK.s 			page 5


 129:Generated_Source\PSoC5/USBUART_ep2_dma.c **** *
 130:Generated_Source\PSoC5/USBUART_ep2_dma.c **** *
 131:Generated_Source\PSoC5/USBUART_ep2_dma.c **** *
 132:Generated_Source\PSoC5/USBUART_ep2_dma.c **** * Return:
 133:Generated_Source\PSoC5/USBUART_ep2_dma.c **** *   void.
 134:Generated_Source\PSoC5/USBUART_ep2_dma.c **** *
 135:Generated_Source\PSoC5/USBUART_ep2_dma.c **** *******************************************************************/
 136:Generated_Source\PSoC5/USBUART_ep2_dma.c **** void USBUART_ep2_DmaRelease(void) 
 137:Generated_Source\PSoC5/USBUART_ep2_dma.c **** {
  99              		.loc 1 137 0
 100              		.cfi_startproc
 101              		@ args = 0, pretend = 0, frame = 0
 102              		@ frame_needed = 0, uses_anonymous_args = 0
 103              		@ link register save eliminated.
 138:Generated_Source\PSoC5/USBUART_ep2_dma.c ****     /* Disable the channel */
 139:Generated_Source\PSoC5/USBUART_ep2_dma.c ****     (void)CyDmaChDisable(USBUART_ep2_DmaHandle);
 104              		.loc 1 139 0
 105 0000 014B     		ldr	r3, .L6
 106 0002 1878     		ldrb	r0, [r3]	@ zero_extendqisi2
 107 0004 FFF7FEBF 		b	CyDmaChDisable
 108              	.LVL8:
 109              	.L7:
 110              		.align	2
 111              	.L6:
 112 0008 00000000 		.word	.LANCHOR0
 113              		.cfi_endproc
 114              	.LFE1:
 115              		.size	USBUART_ep2_DmaRelease, .-USBUART_ep2_DmaRelease
 116              		.global	USBUART_ep2_DmaHandle
 117              		.data
 118              		.set	.LANCHOR0,. + 0
 119              		.type	USBUART_ep2_DmaHandle, %object
 120              		.size	USBUART_ep2_DmaHandle, 1
 121              	USBUART_ep2_DmaHandle:
 122 0000 FF       		.byte	-1
 123              		.text
 124              	.Letext0:
 125              		.file 2 "Generated_Source\\PSoC5/cytypes.h"
 126              		.file 3 "Generated_Source\\PSoC5/CYDMAC.H"
 127              		.section	.debug_info,"",%progbits
 128              	.Ldebug_info0:
 129 0000 A6010000 		.4byte	0x1a6
 130 0004 0400     		.2byte	0x4
 131 0006 00000000 		.4byte	.Ldebug_abbrev0
 132 000a 04       		.byte	0x4
 133 000b 01       		.uleb128 0x1
 134 000c 26000000 		.4byte	.LASF24
 135 0010 0C       		.byte	0xc
 136 0011 E6000000 		.4byte	.LASF25
 137 0015 EB010000 		.4byte	.LASF26
 138 0019 00000000 		.4byte	.Ldebug_ranges0+0
 139 001d 00000000 		.4byte	0
 140 0021 00000000 		.4byte	.Ldebug_line0
 141 0025 02       		.uleb128 0x2
 142 0026 04       		.byte	0x4
 143 0027 05       		.byte	0x5
 144 0028 696E7400 		.ascii	"int\000"
ARM GAS  C:\Users\ingan\AppData\Local\Temp\ccnIrFBK.s 			page 6


 145 002c 03       		.uleb128 0x3
 146 002d 04       		.byte	0x4
 147 002e 07       		.byte	0x7
 148 002f 6E010000 		.4byte	.LASF0
 149 0033 03       		.uleb128 0x3
 150 0034 08       		.byte	0x8
 151 0035 05       		.byte	0x5
 152 0036 C3010000 		.4byte	.LASF1
 153 003a 03       		.uleb128 0x3
 154 003b 08       		.byte	0x8
 155 003c 04       		.byte	0x4
 156 003d 4F020000 		.4byte	.LASF2
 157 0041 03       		.uleb128 0x3
 158 0042 01       		.byte	0x1
 159 0043 06       		.byte	0x6
 160 0044 5B020000 		.4byte	.LASF3
 161 0048 03       		.uleb128 0x3
 162 0049 01       		.byte	0x1
 163 004a 08       		.byte	0x8
 164 004b 15010000 		.4byte	.LASF4
 165 004f 03       		.uleb128 0x3
 166 0050 02       		.byte	0x2
 167 0051 05       		.byte	0x5
 168 0052 37020000 		.4byte	.LASF5
 169 0056 03       		.uleb128 0x3
 170 0057 02       		.byte	0x2
 171 0058 07       		.byte	0x7
 172 0059 D3000000 		.4byte	.LASF6
 173 005d 03       		.uleb128 0x3
 174 005e 04       		.byte	0x4
 175 005f 05       		.byte	0x5
 176 0060 41020000 		.4byte	.LASF7
 177 0064 03       		.uleb128 0x3
 178 0065 04       		.byte	0x4
 179 0066 07       		.byte	0x7
 180 0067 2E010000 		.4byte	.LASF8
 181 006b 03       		.uleb128 0x3
 182 006c 08       		.byte	0x8
 183 006d 07       		.byte	0x7
 184 006e 7B010000 		.4byte	.LASF9
 185 0072 03       		.uleb128 0x3
 186 0073 04       		.byte	0x4
 187 0074 07       		.byte	0x7
 188 0075 BA010000 		.4byte	.LASF10
 189 0079 03       		.uleb128 0x3
 190 007a 01       		.byte	0x1
 191 007b 08       		.byte	0x8
 192 007c 4A020000 		.4byte	.LASF11
 193 0080 04       		.uleb128 0x4
 194 0081 40010000 		.4byte	.LASF12
 195 0085 02       		.byte	0x2
 196 0086 E401     		.2byte	0x1e4
 197 0088 48000000 		.4byte	0x48
 198 008c 04       		.uleb128 0x4
 199 008d 67010000 		.4byte	.LASF13
 200 0091 02       		.byte	0x2
 201 0092 E501     		.2byte	0x1e5
ARM GAS  C:\Users\ingan\AppData\Local\Temp\ccnIrFBK.s 			page 7


 202 0094 56000000 		.4byte	0x56
 203 0098 03       		.uleb128 0x3
 204 0099 04       		.byte	0x4
 205 009a 04       		.byte	0x4
 206 009b 0F010000 		.4byte	.LASF14
 207 009f 03       		.uleb128 0x3
 208 00a0 08       		.byte	0x8
 209 00a1 04       		.byte	0x4
 210 00a2 46010000 		.4byte	.LASF15
 211 00a6 05       		.uleb128 0x5
 212 00a7 4D010000 		.4byte	.LASF27
 213 00ab 01       		.byte	0x1
 214 00ac 61       		.byte	0x61
 215 00ad 80000000 		.4byte	0x80
 216 00b1 00000000 		.4byte	.LFB0
 217 00b5 40000000 		.4byte	.LFE0-.LFB0
 218 00b9 01       		.uleb128 0x1
 219 00ba 9C       		.byte	0x9c
 220 00bb 4D010000 		.4byte	0x14d
 221 00bf 06       		.uleb128 0x6
 222 00c0 23010000 		.4byte	.LASF16
 223 00c4 01       		.byte	0x1
 224 00c5 61       		.byte	0x61
 225 00c6 80000000 		.4byte	0x80
 226 00ca 00000000 		.4byte	.LLST0
 227 00ce 06       		.uleb128 0x6
 228 00cf C4000000 		.4byte	.LASF17
 229 00d3 01       		.byte	0x1
 230 00d4 61       		.byte	0x61
 231 00d5 80000000 		.4byte	0x80
 232 00d9 21000000 		.4byte	.LLST1
 233 00dd 06       		.uleb128 0x6
 234 00de 16000000 		.4byte	.LASF18
 235 00e2 01       		.byte	0x1
 236 00e3 61       		.byte	0x61
 237 00e4 8C000000 		.4byte	0x8c
 238 00e8 42000000 		.4byte	.LLST2
 239 00ec 06       		.uleb128 0x6
 240 00ed 92010000 		.4byte	.LASF19
 241 00f1 01       		.byte	0x1
 242 00f2 61       		.byte	0x61
 243 00f3 8C000000 		.4byte	0x8c
 244 00f7 63000000 		.4byte	.LLST3
 245 00fb 07       		.uleb128 0x7
 246 00fc 22000000 		.4byte	.LVL5
 247 0100 7D010000 		.4byte	0x17d
 248 0104 23010000 		.4byte	0x123
 249 0108 08       		.uleb128 0x8
 250 0109 01       		.uleb128 0x1
 251 010a 50       		.byte	0x50
 252 010b 02       		.uleb128 0x2
 253 010c 76       		.byte	0x76
 254 010d 00       		.sleb128 0
 255 010e 08       		.uleb128 0x8
 256 010f 01       		.uleb128 0x1
 257 0110 53       		.byte	0x53
 258 0111 02       		.uleb128 0x2
ARM GAS  C:\Users\ingan\AppData\Local\Temp\ccnIrFBK.s 			page 8


 259 0112 75       		.byte	0x75
 260 0113 00       		.sleb128 0
 261 0114 08       		.uleb128 0x8
 262 0115 02       		.uleb128 0x2
 263 0116 7D       		.byte	0x7d
 264 0117 00       		.sleb128 0
 265 0118 02       		.uleb128 0x2
 266 0119 75       		.byte	0x75
 267 011a 00       		.sleb128 0
 268 011b 08       		.uleb128 0x8
 269 011c 02       		.uleb128 0x2
 270 011d 7D       		.byte	0x7d
 271 011e 04       		.sleb128 4
 272 011f 02       		.uleb128 0x2
 273 0120 75       		.byte	0x75
 274 0121 00       		.sleb128 0
 275 0122 00       		.byte	0
 276 0123 07       		.uleb128 0x7
 277 0124 2C000000 		.4byte	.LVL6
 278 0128 88010000 		.4byte	0x188
 279 012c 3D010000 		.4byte	0x13d
 280 0130 08       		.uleb128 0x8
 281 0131 01       		.uleb128 0x1
 282 0132 51       		.byte	0x51
 283 0133 02       		.uleb128 0x2
 284 0134 77       		.byte	0x77
 285 0135 00       		.sleb128 0
 286 0136 08       		.uleb128 0x8
 287 0137 01       		.uleb128 0x1
 288 0138 52       		.byte	0x52
 289 0139 02       		.uleb128 0x2
 290 013a 78       		.byte	0x78
 291 013b 00       		.sleb128 0
 292 013c 00       		.byte	0
 293 013d 09       		.uleb128 0x9
 294 013e 34000000 		.4byte	.LVL7
 295 0142 93010000 		.4byte	0x193
 296 0146 08       		.uleb128 0x8
 297 0147 01       		.uleb128 0x1
 298 0148 51       		.byte	0x51
 299 0149 01       		.uleb128 0x1
 300 014a 32       		.byte	0x32
 301 014b 00       		.byte	0
 302 014c 00       		.byte	0
 303 014d 0A       		.uleb128 0xa
 304 014e A3010000 		.4byte	.LASF28
 305 0152 01       		.byte	0x1
 306 0153 88       		.byte	0x88
 307 0154 00000000 		.4byte	.LFB1
 308 0158 0C000000 		.4byte	.LFE1-.LFB1
 309 015c 01       		.uleb128 0x1
 310 015d 9C       		.byte	0x9c
 311 015e 6C010000 		.4byte	0x16c
 312 0162 0B       		.uleb128 0xb
 313 0163 08000000 		.4byte	.LVL8
 314 0167 9E010000 		.4byte	0x19e
 315 016b 00       		.byte	0
ARM GAS  C:\Users\ingan\AppData\Local\Temp\ccnIrFBK.s 			page 9


 316 016c 0C       		.uleb128 0xc
 317 016d 00000000 		.4byte	.LASF29
 318 0171 01       		.byte	0x1
 319 0172 45       		.byte	0x45
 320 0173 80000000 		.4byte	0x80
 321 0177 05       		.uleb128 0x5
 322 0178 03       		.byte	0x3
 323 0179 00000000 		.4byte	USBUART_ep2_DmaHandle
 324 017d 0D       		.uleb128 0xd
 325 017e 76020000 		.4byte	.LASF20
 326 0182 76020000 		.4byte	.LASF20
 327 0186 03       		.byte	0x3
 328 0187 33       		.byte	0x33
 329 0188 0D       		.uleb128 0xd
 330 0189 D1010000 		.4byte	.LASF21
 331 018d D1010000 		.4byte	.LASF21
 332 0191 03       		.byte	0x3
 333 0192 2D       		.byte	0x2d
 334 0193 0D       		.uleb128 0xd
 335 0194 B4000000 		.4byte	.LASF22
 336 0198 B4000000 		.4byte	.LASF22
 337 019c 03       		.byte	0x3
 338 019d 2C       		.byte	0x2c
 339 019e 0D       		.uleb128 0xd
 340 019f 67020000 		.4byte	.LASF23
 341 01a3 67020000 		.4byte	.LASF23
 342 01a7 03       		.byte	0x3
 343 01a8 2A       		.byte	0x2a
 344 01a9 00       		.byte	0
 345              		.section	.debug_abbrev,"",%progbits
 346              	.Ldebug_abbrev0:
 347 0000 01       		.uleb128 0x1
 348 0001 11       		.uleb128 0x11
 349 0002 01       		.byte	0x1
 350 0003 25       		.uleb128 0x25
 351 0004 0E       		.uleb128 0xe
 352 0005 13       		.uleb128 0x13
 353 0006 0B       		.uleb128 0xb
 354 0007 03       		.uleb128 0x3
 355 0008 0E       		.uleb128 0xe
 356 0009 1B       		.uleb128 0x1b
 357 000a 0E       		.uleb128 0xe
 358 000b 55       		.uleb128 0x55
 359 000c 17       		.uleb128 0x17
 360 000d 11       		.uleb128 0x11
 361 000e 01       		.uleb128 0x1
 362 000f 10       		.uleb128 0x10
 363 0010 17       		.uleb128 0x17
 364 0011 00       		.byte	0
 365 0012 00       		.byte	0
 366 0013 02       		.uleb128 0x2
 367 0014 24       		.uleb128 0x24
 368 0015 00       		.byte	0
 369 0016 0B       		.uleb128 0xb
 370 0017 0B       		.uleb128 0xb
 371 0018 3E       		.uleb128 0x3e
 372 0019 0B       		.uleb128 0xb
ARM GAS  C:\Users\ingan\AppData\Local\Temp\ccnIrFBK.s 			page 10


 373 001a 03       		.uleb128 0x3
 374 001b 08       		.uleb128 0x8
 375 001c 00       		.byte	0
 376 001d 00       		.byte	0
 377 001e 03       		.uleb128 0x3
 378 001f 24       		.uleb128 0x24
 379 0020 00       		.byte	0
 380 0021 0B       		.uleb128 0xb
 381 0022 0B       		.uleb128 0xb
 382 0023 3E       		.uleb128 0x3e
 383 0024 0B       		.uleb128 0xb
 384 0025 03       		.uleb128 0x3
 385 0026 0E       		.uleb128 0xe
 386 0027 00       		.byte	0
 387 0028 00       		.byte	0
 388 0029 04       		.uleb128 0x4
 389 002a 16       		.uleb128 0x16
 390 002b 00       		.byte	0
 391 002c 03       		.uleb128 0x3
 392 002d 0E       		.uleb128 0xe
 393 002e 3A       		.uleb128 0x3a
 394 002f 0B       		.uleb128 0xb
 395 0030 3B       		.uleb128 0x3b
 396 0031 05       		.uleb128 0x5
 397 0032 49       		.uleb128 0x49
 398 0033 13       		.uleb128 0x13
 399 0034 00       		.byte	0
 400 0035 00       		.byte	0
 401 0036 05       		.uleb128 0x5
 402 0037 2E       		.uleb128 0x2e
 403 0038 01       		.byte	0x1
 404 0039 3F       		.uleb128 0x3f
 405 003a 19       		.uleb128 0x19
 406 003b 03       		.uleb128 0x3
 407 003c 0E       		.uleb128 0xe
 408 003d 3A       		.uleb128 0x3a
 409 003e 0B       		.uleb128 0xb
 410 003f 3B       		.uleb128 0x3b
 411 0040 0B       		.uleb128 0xb
 412 0041 27       		.uleb128 0x27
 413 0042 19       		.uleb128 0x19
 414 0043 49       		.uleb128 0x49
 415 0044 13       		.uleb128 0x13
 416 0045 11       		.uleb128 0x11
 417 0046 01       		.uleb128 0x1
 418 0047 12       		.uleb128 0x12
 419 0048 06       		.uleb128 0x6
 420 0049 40       		.uleb128 0x40
 421 004a 18       		.uleb128 0x18
 422 004b 9742     		.uleb128 0x2117
 423 004d 19       		.uleb128 0x19
 424 004e 01       		.uleb128 0x1
 425 004f 13       		.uleb128 0x13
 426 0050 00       		.byte	0
 427 0051 00       		.byte	0
 428 0052 06       		.uleb128 0x6
 429 0053 05       		.uleb128 0x5
ARM GAS  C:\Users\ingan\AppData\Local\Temp\ccnIrFBK.s 			page 11


 430 0054 00       		.byte	0
 431 0055 03       		.uleb128 0x3
 432 0056 0E       		.uleb128 0xe
 433 0057 3A       		.uleb128 0x3a
 434 0058 0B       		.uleb128 0xb
 435 0059 3B       		.uleb128 0x3b
 436 005a 0B       		.uleb128 0xb
 437 005b 49       		.uleb128 0x49
 438 005c 13       		.uleb128 0x13
 439 005d 02       		.uleb128 0x2
 440 005e 17       		.uleb128 0x17
 441 005f 00       		.byte	0
 442 0060 00       		.byte	0
 443 0061 07       		.uleb128 0x7
 444 0062 898201   		.uleb128 0x4109
 445 0065 01       		.byte	0x1
 446 0066 11       		.uleb128 0x11
 447 0067 01       		.uleb128 0x1
 448 0068 31       		.uleb128 0x31
 449 0069 13       		.uleb128 0x13
 450 006a 01       		.uleb128 0x1
 451 006b 13       		.uleb128 0x13
 452 006c 00       		.byte	0
 453 006d 00       		.byte	0
 454 006e 08       		.uleb128 0x8
 455 006f 8A8201   		.uleb128 0x410a
 456 0072 00       		.byte	0
 457 0073 02       		.uleb128 0x2
 458 0074 18       		.uleb128 0x18
 459 0075 9142     		.uleb128 0x2111
 460 0077 18       		.uleb128 0x18
 461 0078 00       		.byte	0
 462 0079 00       		.byte	0
 463 007a 09       		.uleb128 0x9
 464 007b 898201   		.uleb128 0x4109
 465 007e 01       		.byte	0x1
 466 007f 11       		.uleb128 0x11
 467 0080 01       		.uleb128 0x1
 468 0081 31       		.uleb128 0x31
 469 0082 13       		.uleb128 0x13
 470 0083 00       		.byte	0
 471 0084 00       		.byte	0
 472 0085 0A       		.uleb128 0xa
 473 0086 2E       		.uleb128 0x2e
 474 0087 01       		.byte	0x1
 475 0088 3F       		.uleb128 0x3f
 476 0089 19       		.uleb128 0x19
 477 008a 03       		.uleb128 0x3
 478 008b 0E       		.uleb128 0xe
 479 008c 3A       		.uleb128 0x3a
 480 008d 0B       		.uleb128 0xb
 481 008e 3B       		.uleb128 0x3b
 482 008f 0B       		.uleb128 0xb
 483 0090 27       		.uleb128 0x27
 484 0091 19       		.uleb128 0x19
 485 0092 11       		.uleb128 0x11
 486 0093 01       		.uleb128 0x1
ARM GAS  C:\Users\ingan\AppData\Local\Temp\ccnIrFBK.s 			page 12


 487 0094 12       		.uleb128 0x12
 488 0095 06       		.uleb128 0x6
 489 0096 40       		.uleb128 0x40
 490 0097 18       		.uleb128 0x18
 491 0098 9742     		.uleb128 0x2117
 492 009a 19       		.uleb128 0x19
 493 009b 01       		.uleb128 0x1
 494 009c 13       		.uleb128 0x13
 495 009d 00       		.byte	0
 496 009e 00       		.byte	0
 497 009f 0B       		.uleb128 0xb
 498 00a0 898201   		.uleb128 0x4109
 499 00a3 00       		.byte	0
 500 00a4 11       		.uleb128 0x11
 501 00a5 01       		.uleb128 0x1
 502 00a6 9542     		.uleb128 0x2115
 503 00a8 19       		.uleb128 0x19
 504 00a9 31       		.uleb128 0x31
 505 00aa 13       		.uleb128 0x13
 506 00ab 00       		.byte	0
 507 00ac 00       		.byte	0
 508 00ad 0C       		.uleb128 0xc
 509 00ae 34       		.uleb128 0x34
 510 00af 00       		.byte	0
 511 00b0 03       		.uleb128 0x3
 512 00b1 0E       		.uleb128 0xe
 513 00b2 3A       		.uleb128 0x3a
 514 00b3 0B       		.uleb128 0xb
 515 00b4 3B       		.uleb128 0x3b
 516 00b5 0B       		.uleb128 0xb
 517 00b6 49       		.uleb128 0x49
 518 00b7 13       		.uleb128 0x13
 519 00b8 3F       		.uleb128 0x3f
 520 00b9 19       		.uleb128 0x19
 521 00ba 02       		.uleb128 0x2
 522 00bb 18       		.uleb128 0x18
 523 00bc 00       		.byte	0
 524 00bd 00       		.byte	0
 525 00be 0D       		.uleb128 0xd
 526 00bf 2E       		.uleb128 0x2e
 527 00c0 00       		.byte	0
 528 00c1 3F       		.uleb128 0x3f
 529 00c2 19       		.uleb128 0x19
 530 00c3 3C       		.uleb128 0x3c
 531 00c4 19       		.uleb128 0x19
 532 00c5 6E       		.uleb128 0x6e
 533 00c6 0E       		.uleb128 0xe
 534 00c7 03       		.uleb128 0x3
 535 00c8 0E       		.uleb128 0xe
 536 00c9 3A       		.uleb128 0x3a
 537 00ca 0B       		.uleb128 0xb
 538 00cb 3B       		.uleb128 0x3b
 539 00cc 0B       		.uleb128 0xb
 540 00cd 00       		.byte	0
 541 00ce 00       		.byte	0
 542 00cf 00       		.byte	0
 543              		.section	.debug_loc,"",%progbits
ARM GAS  C:\Users\ingan\AppData\Local\Temp\ccnIrFBK.s 			page 13


 544              	.Ldebug_loc0:
 545              	.LLST0:
 546 0000 00000000 		.4byte	.LVL0
 547 0004 1C000000 		.4byte	.LVL4
 548 0008 0100     		.2byte	0x1
 549 000a 50       		.byte	0x50
 550 000b 1C000000 		.4byte	.LVL4
 551 000f 40000000 		.4byte	.LFE0
 552 0013 0400     		.2byte	0x4
 553 0015 F3       		.byte	0xf3
 554 0016 01       		.uleb128 0x1
 555 0017 50       		.byte	0x50
 556 0018 9F       		.byte	0x9f
 557 0019 00000000 		.4byte	0
 558 001d 00000000 		.4byte	0
 559              	.LLST1:
 560 0021 00000000 		.4byte	.LVL0
 561 0025 18000000 		.4byte	.LVL3
 562 0029 0100     		.2byte	0x1
 563 002b 51       		.byte	0x51
 564 002c 18000000 		.4byte	.LVL3
 565 0030 40000000 		.4byte	.LFE0
 566 0034 0400     		.2byte	0x4
 567 0036 F3       		.byte	0xf3
 568 0037 01       		.uleb128 0x1
 569 0038 51       		.byte	0x51
 570 0039 9F       		.byte	0x9f
 571 003a 00000000 		.4byte	0
 572 003e 00000000 		.4byte	0
 573              	.LLST2:
 574 0042 00000000 		.4byte	.LVL0
 575 0046 14000000 		.4byte	.LVL2
 576 004a 0100     		.2byte	0x1
 577 004c 52       		.byte	0x52
 578 004d 14000000 		.4byte	.LVL2
 579 0051 40000000 		.4byte	.LFE0
 580 0055 0400     		.2byte	0x4
 581 0057 F3       		.byte	0xf3
 582 0058 01       		.uleb128 0x1
 583 0059 52       		.byte	0x52
 584 005a 9F       		.byte	0x9f
 585 005b 00000000 		.4byte	0
 586 005f 00000000 		.4byte	0
 587              	.LLST3:
 588 0063 00000000 		.4byte	.LVL0
 589 0067 12000000 		.4byte	.LVL1
 590 006b 0100     		.2byte	0x1
 591 006d 53       		.byte	0x53
 592 006e 12000000 		.4byte	.LVL1
 593 0072 40000000 		.4byte	.LFE0
 594 0076 0400     		.2byte	0x4
 595 0078 F3       		.byte	0xf3
 596 0079 01       		.uleb128 0x1
 597 007a 53       		.byte	0x53
 598 007b 9F       		.byte	0x9f
 599 007c 00000000 		.4byte	0
 600 0080 00000000 		.4byte	0
ARM GAS  C:\Users\ingan\AppData\Local\Temp\ccnIrFBK.s 			page 14


 601              		.section	.debug_aranges,"",%progbits
 602 0000 24000000 		.4byte	0x24
 603 0004 0200     		.2byte	0x2
 604 0006 00000000 		.4byte	.Ldebug_info0
 605 000a 04       		.byte	0x4
 606 000b 00       		.byte	0
 607 000c 0000     		.2byte	0
 608 000e 0000     		.2byte	0
 609 0010 00000000 		.4byte	.LFB0
 610 0014 40000000 		.4byte	.LFE0-.LFB0
 611 0018 00000000 		.4byte	.LFB1
 612 001c 0C000000 		.4byte	.LFE1-.LFB1
 613 0020 00000000 		.4byte	0
 614 0024 00000000 		.4byte	0
 615              		.section	.debug_ranges,"",%progbits
 616              	.Ldebug_ranges0:
 617 0000 00000000 		.4byte	.LFB0
 618 0004 40000000 		.4byte	.LFE0
 619 0008 00000000 		.4byte	.LFB1
 620 000c 0C000000 		.4byte	.LFE1
 621 0010 00000000 		.4byte	0
 622 0014 00000000 		.4byte	0
 623              		.section	.debug_line,"",%progbits
 624              	.Ldebug_line0:
 625 0000 88000000 		.section	.debug_str,"MS",%progbits,1
 625      02005800 
 625      00000201 
 625      FB0E0D00 
 625      01010101 
 626              	.LASF29:
 627 0000 55534255 		.ascii	"USBUART_ep2_DmaHandle\000"
 627      4152545F 
 627      6570325F 
 627      446D6148 
 627      616E646C 
 628              	.LASF18:
 629 0016 55707065 		.ascii	"UpperSrcAddress\000"
 629      72537263 
 629      41646472 
 629      65737300 
 630              	.LASF24:
 631 0026 474E5520 		.ascii	"GNU C11 5.4.1 20160609 (release) [ARM/embedded-5-br"
 631      43313120 
 631      352E342E 
 631      31203230 
 631      31363036 
 632 0059 616E6368 		.ascii	"anch revision 237715] -mcpu=cortex-m3 -mthumb -g -O"
 632      20726576 
 632      6973696F 
 632      6E203233 
 632      37373135 
 633 008c 33202D66 		.ascii	"3 -ffunction-sections -ffat-lto-objects\000"
 633      66756E63 
 633      74696F6E 
 633      2D736563 
 633      74696F6E 
 634              	.LASF22:
ARM GAS  C:\Users\ingan\AppData\Local\Temp\ccnIrFBK.s 			page 15


 635 00b4 4379446D 		.ascii	"CyDmaChPriority\000"
 635      61436850 
 635      72696F72 
 635      69747900 
 636              	.LASF17:
 637 00c4 52657165 		.ascii	"ReqestPerBurst\000"
 637      73745065 
 637      72427572 
 637      737400
 638              	.LASF6:
 639 00d3 73686F72 		.ascii	"short unsigned int\000"
 639      7420756E 
 639      7369676E 
 639      65642069 
 639      6E7400
 640              	.LASF25:
 641 00e6 47656E65 		.ascii	"Generated_Source\\PSoC5\\USBUART_ep2_dma.c\000"
 641      72617465 
 641      645F536F 
 641      75726365 
 641      5C50536F 
 642              	.LASF14:
 643 010f 666C6F61 		.ascii	"float\000"
 643      7400
 644              	.LASF4:
 645 0115 756E7369 		.ascii	"unsigned char\000"
 645      676E6564 
 645      20636861 
 645      7200
 646              	.LASF16:
 647 0123 42757273 		.ascii	"BurstCount\000"
 647      74436F75 
 647      6E7400
 648              	.LASF8:
 649 012e 6C6F6E67 		.ascii	"long unsigned int\000"
 649      20756E73 
 649      69676E65 
 649      6420696E 
 649      7400
 650              	.LASF12:
 651 0140 75696E74 		.ascii	"uint8\000"
 651      3800
 652              	.LASF15:
 653 0146 646F7562 		.ascii	"double\000"
 653      6C6500
 654              	.LASF27:
 655 014d 55534255 		.ascii	"USBUART_ep2_DmaInitialize\000"
 655      4152545F 
 655      6570325F 
 655      446D6149 
 655      6E697469 
 656              	.LASF13:
 657 0167 75696E74 		.ascii	"uint16\000"
 657      313600
 658              	.LASF0:
 659 016e 756E7369 		.ascii	"unsigned int\000"
 659      676E6564 
ARM GAS  C:\Users\ingan\AppData\Local\Temp\ccnIrFBK.s 			page 16


 659      20696E74 
 659      00
 660              	.LASF9:
 661 017b 6C6F6E67 		.ascii	"long long unsigned int\000"
 661      206C6F6E 
 661      6720756E 
 661      7369676E 
 661      65642069 
 662              	.LASF19:
 663 0192 55707065 		.ascii	"UpperDestAddress\000"
 663      72446573 
 663      74416464 
 663      72657373 
 663      00
 664              	.LASF28:
 665 01a3 55534255 		.ascii	"USBUART_ep2_DmaRelease\000"
 665      4152545F 
 665      6570325F 
 665      446D6152 
 665      656C6561 
 666              	.LASF10:
 667 01ba 73697A65 		.ascii	"sizetype\000"
 667      74797065 
 667      00
 668              	.LASF1:
 669 01c3 6C6F6E67 		.ascii	"long long int\000"
 669      206C6F6E 
 669      6720696E 
 669      7400
 670              	.LASF21:
 671 01d1 4379446D 		.ascii	"CyDmaChSetExtendedAddress\000"
 671      61436853 
 671      65744578 
 671      74656E64 
 671      65644164 
 672              	.LASF26:
 673 01eb 433A5C55 		.ascii	"C:\\Users\\ingan\\Documents\\PSoC Creator\\MegaDriv"
 673      73657273 
 673      5C696E67 
 673      616E5C44 
 673      6F63756D 
 674 0219 655F706C 		.ascii	"e_player\\VGMPlayer_v0.6.cydsn\000"
 674      61796572 
 674      5C56474D 
 674      506C6179 
 674      65725F76 
 675              	.LASF5:
 676 0237 73686F72 		.ascii	"short int\000"
 676      7420696E 
 676      7400
 677              	.LASF7:
 678 0241 6C6F6E67 		.ascii	"long int\000"
 678      20696E74 
 678      00
 679              	.LASF11:
 680 024a 63686172 		.ascii	"char\000"
 680      00
ARM GAS  C:\Users\ingan\AppData\Local\Temp\ccnIrFBK.s 			page 17


 681              	.LASF2:
 682 024f 6C6F6E67 		.ascii	"long double\000"
 682      20646F75 
 682      626C6500 
 683              	.LASF3:
 684 025b 7369676E 		.ascii	"signed char\000"
 684      65642063 
 684      68617200 
 685              	.LASF23:
 686 0267 4379446D 		.ascii	"CyDmaChDisable\000"
 686      61436844 
 686      69736162 
 686      6C6500
 687              	.LASF20:
 688 0276 4379446D 		.ascii	"CyDmaChSetConfiguration\000"
 688      61436853 
 688      6574436F 
 688      6E666967 
 688      75726174 
 689              		.ident	"GCC: (GNU Tools for ARM Embedded Processors) 5.4.1 20160609 (release) [ARM/embedded-5-bran
