Archive member included to satisfy reference by file (symbol)

.\CortexM3\ARM_GCC_541\Debug\VGMPlayer_v0.5.a(USBUART.o)
                              .\CortexM3\ARM_GCC_541\Debug\usb_uart.o (USBUART_Start)
.\CortexM3\ARM_GCC_541\Debug\VGMPlayer_v0.5.a(USBUART_cdc.o)
                              .\CortexM3\ARM_GCC_541\Debug\usb_uart.o (USBUART_CDC_Init)
.\CortexM3\ARM_GCC_541\Debug\VGMPlayer_v0.5.a(USBUART_drv.o)
                              .\CortexM3\ARM_GCC_541\Debug\VGMPlayer_v0.5.a(USBUART.o) (USBUART_lastPacketSize)
.\CortexM3\ARM_GCC_541\Debug\VGMPlayer_v0.5.a(USBUART_episr.o)
                              .\CortexM3\ARM_GCC_541\Debug\VGMPlayer_v0.5.a(USBUART.o) (USBUART_EP_1_ISR)
.\CortexM3\ARM_GCC_541\Debug\VGMPlayer_v0.5.a(USBUART_pm.o)
                              .\CortexM3\ARM_GCC_541\Debug\VGMPlayer_v0.5.a(USBUART.o) (USBUART_DP_ISR)
.\CortexM3\ARM_GCC_541\Debug\VGMPlayer_v0.5.a(USBUART_std.o)
                              .\CortexM3\ARM_GCC_541\Debug\VGMPlayer_v0.5.a(USBUART_pm.o) (USBUART_ConfigReg)
.\CortexM3\ARM_GCC_541\Debug\VGMPlayer_v0.5.a(USBUART_vnd.o)
                              .\CortexM3\ARM_GCC_541\Debug\VGMPlayer_v0.5.a(USBUART_drv.o) (USBUART_HandleVendorRqst)
.\CortexM3\ARM_GCC_541\Debug\VGMPlayer_v0.5.a(USBUART_Dp.o)
                              .\CortexM3\ARM_GCC_541\Debug\VGMPlayer_v0.5.a(USBUART.o) (USBUART_Dp_ClearInterrupt)
.\CortexM3\ARM_GCC_541\Debug\VGMPlayer_v0.5.a(CyDmac.o)
                              .\CortexM3\ARM_GCC_541\Debug\Cm3Start.o (CyDmacConfigure)
.\CortexM3\ARM_GCC_541\Debug\VGMPlayer_v0.5.a(CyLib.o)
                              .\CortexM3\ARM_GCC_541\Debug\Cm3Start.o (CyHalt)
.\CortexM3\ARM_GCC_541\Debug\VGMPlayer_v0.5.a(cyPm.o)
                              .\CortexM3\ARM_GCC_541\Debug\VGMPlayer_v0.5.a(CyLib.o) (CyPmReadStatus)
.\CortexM3\ARM_GCC_541\Debug\VGMPlayer_v0.5.a(USBUART_ep3_dma.o)
                              .\CortexM3\ARM_GCC_541\Debug\VGMPlayer_v0.5.a(USBUART.o) (USBUART_ep3_DmaInitialize)
.\CortexM3\ARM_GCC_541\Debug\VGMPlayer_v0.5.a(USBUART_ep2_dma.o)
                              .\CortexM3\ARM_GCC_541\Debug\VGMPlayer_v0.5.a(USBUART.o) (USBUART_ep2_DmaInitialize)
.\CortexM3\ARM_GCC_541\Debug\VGMPlayer_v0.5.a(USBUART_ep1_dma.o)
                              .\CortexM3\ARM_GCC_541\Debug\VGMPlayer_v0.5.a(USBUART.o) (USBUART_ep1_DmaInitialize)
.\CortexM3\ARM_GCC_541\Debug\VGMPlayer_v0.5.a(YM_A1.o)
                              .\CortexM3\ARM_GCC_541\Debug\main.o (YM_A1_Write)
.\CortexM3\ARM_GCC_541\Debug\VGMPlayer_v0.5.a(YM_A0.o)
                              .\CortexM3\ARM_GCC_541\Debug\main.o (YM_A0_Write)
.\CortexM3\ARM_GCC_541\Debug\VGMPlayer_v0.5.a(YM_RD.o)
                              .\CortexM3\ARM_GCC_541\Debug\main.o (YM_RD_Write)
.\CortexM3\ARM_GCC_541\Debug\VGMPlayer_v0.5.a(YM_WR.o)
                              .\CortexM3\ARM_GCC_541\Debug\main.o (YM_WR_Write)
.\CortexM3\ARM_GCC_541\Debug\VGMPlayer_v0.5.a(YM_CS.o)
                              .\CortexM3\ARM_GCC_541\Debug\main.o (YM_CS_Write)
.\CortexM3\ARM_GCC_541\Debug\VGMPlayer_v0.5.a(YM_Data.o)
                              .\CortexM3\ARM_GCC_541\Debug\main.o (YM_Data_Write)
.\CortexM3\ARM_GCC_541\Debug\VGMPlayer_v0.5.a(SN_WE.o)
                              .\CortexM3\ARM_GCC_541\Debug\main.o (SN_WE_Write)
.\CortexM3\ARM_GCC_541\Debug\VGMPlayer_v0.5.a(YM_IC.o)
                              .\CortexM3\ARM_GCC_541\Debug\main.o (YM_IC_Write)
.\CortexM3\ARM_GCC_541\Debug\VGMPlayer_v0.5.a(isr_1.o)
                              .\CortexM3\ARM_GCC_541\Debug\main.o (isr_1_StartEx)
.\CortexM3\ARM_GCC_541\Debug\VGMPlayer_v0.5.a(CyBootAsmGnu.o)
                              .\CortexM3\ARM_GCC_541\Debug\cyfitter_cfg.o (CyDelayCycles)
.\CortexM3\ARM_GCC_541\Debug\VGMPlayer_v0.5.a(USBUART_cls.o)
                              .\CortexM3\ARM_GCC_541\Debug\VGMPlayer_v0.5.a(USBUART_drv.o) (USBUART_DispatchClassRqst)
.\CortexM3\ARM_GCC_541\Debug\VGMPlayer_v0.5.a(USBUART_descr.o)
                              .\CortexM3\ARM_GCC_541\Debug\VGMPlayer_v0.5.a(USBUART_std.o) (USBUART_idSerialNumberStringDescriptor)
.\CortexM3\ARM_GCC_541\Debug\VGMPlayer_v0.5.a(CyFlash.o)
                              .\CortexM3\ARM_GCC_541\Debug\VGMPlayer_v0.5.a(cyPm.o) (CyFlash_SetWaitCycles)
.\CortexM3\ARM_GCC_541\Debug\VGMPlayer_v0.5.a(CySpc.o)
                              .\CortexM3\ARM_GCC_541\Debug\VGMPlayer_v0.5.a(CyFlash.o) (CySpcStart)
c:/program files (x86)/cypress/psoc creator/4.2/psoc creator/import/gnu/arm/5.4.1/bin/../lib/gcc/arm-none-eabi/5.4.1/../../../../arm-none-eabi/lib/armv7-m\libg_nano.a(lib_a-errno.o)
                              .\CortexM3\ARM_GCC_541\Debug\Cm3Start.o (__errno)
c:/program files (x86)/cypress/psoc creator/4.2/psoc creator/import/gnu/arm/5.4.1/bin/../lib/gcc/arm-none-eabi/5.4.1/../../../../arm-none-eabi/lib/armv7-m\libg_nano.a(lib_a-exit.o)
[...]
Memory Configuration

Name             Origin             Length             Attributes
rom              0x00000000         0x00040000         xr
ram              0x1fff8000         0x00010000         xrw
*default*        0x00000000         0xffffffff

Linker script and memory map

LOAD c:/program files (x86)/cypress/psoc creator/4.2/psoc creator/import/gnu/arm/5.4.1/bin/../lib/gcc/arm-none-eabi/5.4.1/armv7-m/crti.o
LOAD c:/program files (x86)/cypress/psoc creator/4.2/psoc creator/import/gnu/arm/5.4.1/bin/../lib/gcc/arm-none-eabi/5.4.1/armv7-m/crtbegin.o
LOAD c:/program files (x86)/cypress/psoc creator/4.2/psoc creator/import/gnu/arm/5.4.1/bin/../lib/gcc/arm-none-eabi/5.4.1/../../../../arm-none-eabi/lib/armv7-m/crt0.o
START GROUP
LOAD .\CortexM3\ARM_GCC_541\Debug\usb_uart.o
LOAD .\CortexM3\ARM_GCC_541\Debug\tty_utils.o
LOAD .\CortexM3\ARM_GCC_541\Debug\utils.o
LOAD .\CortexM3\ARM_GCC_541\Debug\func_list.o
LOAD .\CortexM3\ARM_GCC_541\Debug\main.o
LOAD .\CortexM3\ARM_GCC_541\Debug\cyfitter_cfg.o
LOAD .\CortexM3\ARM_GCC_541\Debug\cymetadata.o
LOAD .\CortexM3\ARM_GCC_541\Debug\Cm3Start.o
LOAD .\CortexM3\ARM_GCC_541\Debug\VGMPlayer_v0.5.a
LOAD C:\Program Files (x86)\Cypress\PSoC Creator\4.2\PSoC Creator\psoc\content\cycomponentlibrary\CyComponentLibrary.cylib\CortexM3\ARM_GCC_541\Debug\CyComponentLibrary.a
END GROUP
START GROUP
LOAD c:/program files (x86)/cypress/psoc creator/4.2/psoc creator/import/gnu/arm/5.4.1/bin/../lib/gcc/arm-none-eabi/5.4.1/armv7-m\libgcc.a
LOAD c:/program files (x86)/cypress/psoc creator/4.2/psoc creator/import/gnu/arm/5.4.1/bin/../lib/gcc/arm-none-eabi/5.4.1/../../../../arm-none-eabi/lib/armv7-m\libg_nano.a
LOAD c:/program files (x86)/cypress/psoc creator/4.2/psoc creator/import/gnu/arm/5.4.1/bin/../lib/gcc/arm-none-eabi/5.4.1/../../../../arm-none-eabi/lib/armv7-m\libc_nano.a
END GROUP
START GROUP
LOAD c:/program files (x86)/cypress/psoc creator/4.2/psoc creator/import/gnu/arm/5.4.1/bin/../lib/gcc/arm-none-eabi/5.4.1/armv7-m\libgcc.a
LOAD c:/program files (x86)/cypress/psoc creator/4.2/psoc creator/import/gnu/arm/5.4.1/bin/../lib/gcc/arm-none-eabi/5.4.1/../../../../arm-none-eabi/lib/armv7-m\libc_nano.a
END GROUP
LOAD c:/program files (x86)/cypress/psoc creator/4.2/psoc creator/import/gnu/arm/5.4.1/bin/../lib/gcc/arm-none-eabi/5.4.1/armv7-m/crtend.o
LOAD c:/program files (x86)/cypress/psoc creator/4.2/psoc creator/import/gnu/arm/5.4.1/bin/../lib/gcc/arm-none-eabi/5.4.1/armv7-m/crtn.o
START GROUP
LOAD c:/program files (x86)/cypress/psoc creator/4.2/psoc creator/import/gnu/arm/5.4.1/bin/../lib/gcc/arm-none-eabi/5.4.1/armv7-m\libgcc.a
LOAD c:/program files (x86)/cypress/psoc creator/4.2/psoc creator/import/gnu/arm/5.4.1/bin/../lib/gcc/arm-none-eabi/5.4.1/../../../../arm-none-eabi/lib/armv7-m\libc.a
LOAD c:/program files (x86)/cypress/psoc creator/4.2/psoc creator/import/gnu/arm/5.4.1/bin/../lib/gcc/arm-none-eabi/5.4.1/../../../../arm-none-eabi/lib/armv7-m\libnosys.a
END GROUP
                0x00000000                CY_APPL_ORIGIN = 0x0
                0x00000100                CY_FLASH_ROW_SIZE = 0x100
                0x00000020                CY_ECC_ROW_SIZE = 0x20
                0x00000000                CY_EE_IN_BTLDR = 0x0
                0x00000000                CY_APPL_LOADABLE = 0x0
                0x00000800                CY_EE_SIZE = 0x800
                0x00000001                CY_APPL_NUM = 0x1
                0x00000001                CY_APPL_MAX = 0x1
                0x00000040                CY_METADATA_SIZE = 0x40
                0x00000000                CY_APPL_LOADABLE = 0x0
                0x00000000                CY_CHECKSUM_EXCLUDE_SIZE = ALIGN (0x0, CY_FLASH_ROW_SIZE)
                [!provide]                PROVIDE (__cy_heap_start, _end)
                0x00000001                PROVIDE (__cy_region_num, ((__cy_regions_end - __cy_regions) / 0x10))
                0x20008000                PROVIDE (__cy_stack, (ORIGIN (ram) + LENGTH (ram)))
                [!provide]                PROVIDE (__cy_heap_end, (__cy_stack - 0x800))

.cybootloader   0x00000000        0x0
 *(.cybootloader)
                0x00000000                appl1_start = CY_APPL_ORIGIN?CY_APPL_ORIGIN:ALIGN (CY_FLASH_ROW_SIZE)
                0x0001ff00                appl2_start = (appl1_start + ALIGN ((((LENGTH (rom) - appl1_start) - (0x2 * CY_FLASH_ROW_SIZE)) / 0x2), CY_FLASH_ROW_SIZE))
                0x00000000                appl_start = (CY_APPL_NUM == 0x1)?appl1_start:appl2_start
                0x00000000                ecc_offset = ((appl_start / CY_FLASH_ROW_SIZE) * CY_ECC_ROW_SIZE)
                0x00000000                ee_offset = (CY_APPL_LOADABLE && ! (CY_EE_IN_BTLDR))?((CY_EE_SIZE / CY_APPL_MAX) * (CY_APPL_NUM - 0x1)):0x0
                0x00000800                ee_size = (CY_APPL_LOADABLE && ! (CY_EE_IN_BTLDR))?(CY_EE_SIZE / CY_APPL_MAX):CY_EE_SIZE
                [!provide]                PROVIDE (CY_ECC_OFFSET, ecc_offset)

.text           0x00000000     0x22ce
 CREATE_OBJECT_SYMBOLS
                0x00000000                PROVIDE (__cy_interrupt_vector, RomVectors)
 *(.romvectors)
 .romvectors    0x00000000       0x10 .\CortexM3\ARM_GCC_541\Debug\Cm3Start.o
                0x00000000                RomVectors
                0x00000001                ASSERT ((. != __cy_interrupt_vector), No interrupt vector)
                0x00000001                ASSERT (CY_APPL_ORIGIN?(SIZEOF (.cybootloader) <= CY_APPL_ORIGIN):0x1, Wrong image location)
                0x00000010                PROVIDE (__cy_reset, Reset)
 *(.text.Reset)
 .text.Reset    0x00000010       0x18 .\CortexM3\ARM_GCC_541\Debug\Cm3Start.o
                0x00000010                Reset
                0x00000001                ASSERT ((. != __cy_reset), No reset code)
 *(.dma_init)
                0x00000001                ASSERT ((((appl_start + .) <= 0x10000) || 0x1), DMA Init must be within the first 64k of flash)
 *(.text .text.* .gnu.linkonce.t.*)
 .text          0x00000028       0x5c c:/program files (x86)/cypress/psoc creator/4.2/psoc creator/import/gnu/arm/5.4.1/bin/../lib/gcc/arm-none-eabi/5.4.1/armv7-m/crtbegin.o
 .text.usbuart_init
                0x00000084       0x1c .\CortexM3\ARM_GCC_541\Debug\usb_uart.o
                0x00000084                usbuart_init
 .text.USBUART_EP_2_ISR_EntryCallback
                0x000000a0       0x14 .\CortexM3\ARM_GCC_541\Debug\usb_uart.o
                0x000000a0                USBUART_EP_2_ISR_EntryCallback
 .text.USBUART_EP_3_ISR_ExitCallback
                0x000000b4       0x1c .\CortexM3\ARM_GCC_541\Debug\usb_uart.o
                0x000000b4                USBUART_EP_3_ISR_ExitCallback
 .text.tty_init
                0x000000d0        0x8 .\CortexM3\ARM_GCC_541\Debug\tty_utils.o
                0x000000d0                tty_init
 .text.sampleRateIRQ
                0x000000d8        0xc .\CortexM3\ARM_GCC_541\Debug\main.o
                0x000000d8                sampleRateIRQ
 .text.ym2612_write_step
                0x000000e4       0x3c .\CortexM3\ARM_GCC_541\Debug\main.o
                0x000000e4                ym2612_write_step
 .text.ym2612_write
                0x00000120       0x28 .\CortexM3\ARM_GCC_541\Debug\main.o
                0x00000120                ym2612_write
 .text.sn76489_write
                0x00000148       0x24 .\CortexM3\ARM_GCC_541\Debug\main.o
                0x00000148                sn76489_write
 .text.ym2612_reset
                0x0000016c       0x1c .\CortexM3\ARM_GCC_541\Debug\main.o
                0x0000016c                ym2612_reset
 .text.ym2612_init
                0x00000188       0x30 .\CortexM3\ARM_GCC_541\Debug\main.o
                0x00000188                ym2612_init
 .text.SilenceAllChannels
                0x000001b8       0x24 .\CortexM3\ARM_GCC_541\Debug\main.o
                0x000001b8                SilenceAllChannels
 .text.init_hardware
                0x000001dc       0x10 .\CortexM3\ARM_GCC_541\Debug\main.o
                0x000001dc                init_hardware
 .text.main     0x000001ec       0xac .\CortexM3\ARM_GCC_541\Debug\main.o
                0x000001ec                main
 .text.CyClockStartupError
                0x00000298        0x4 .\CortexM3\ARM_GCC_541\Debug\cyfitter_cfg.o
 .text.cfg_write_bytes32
                0x0000029c       0x34 .\CortexM3\ARM_GCC_541\Debug\cyfitter_cfg.o
 .text.AnalogSetDefault
                0x000002d0       0x28 .\CortexM3\ARM_GCC_541\Debug\cyfitter_cfg.o
 .text.CYMEMZERO
                0x000002f8        0xc .\CortexM3\ARM_GCC_541\Debug\cyfitter_cfg.o
 .text.ClockSetup
                0x00000304       0xd8 .\CortexM3\ARM_GCC_541\Debug\cyfitter_cfg.o
 .text.CYCONFIGCPY
                0x000003dc        0x8 .\CortexM3\ARM_GCC_541\Debug\cyfitter_cfg.o
 .text.cyfitter_cfg
                0x000003e4      0x128 .\CortexM3\ARM_GCC_541\Debug\cyfitter_cfg.o
                0x000003e4                cyfitter_cfg
 .text.IntDefaultHandler
                0x0000050c       0x10 .\CortexM3\ARM_GCC_541\Debug\Cm3Start.o
                0x0000050c                IntDefaultHandler
 .text.Start_c  0x0000051c       0x4c .\CortexM3\ARM_GCC_541\Debug\Cm3Start.o
                0x0000051c                Start_c
 .text.initialize_psoc
                0x00000568       0x6c .\CortexM3\ARM_GCC_541\Debug\Cm3Start.o
                0x00000568                initialize_psoc
 .text.USBUART_Init
                0x000005d4      0x168 .\CortexM3\ARM_GCC_541\Debug\VGMPlayer_v0.5.a(USBUART.o)
                0x000005d4                USBUART_Init
 .text.USBUART_InitComponent
                0x0000073c       0xd4 .\CortexM3\ARM_GCC_541\Debug\VGMPlayer_v0.5.a(USBUART.o)
                0x0000073c                USBUART_InitComponent
 .text.USBUART_Start
                0x00000810       0x24 .\CortexM3\ARM_GCC_541\Debug\VGMPlayer_v0.5.a(USBUART.o)
                0x00000810                USBUART_Start
 .text.USBUART_ReInitComponent
                0x00000834       0x4c .\CortexM3\ARM_GCC_541\Debug\VGMPlayer_v0.5.a(USBUART.o)
                0x00000834                USBUART_ReInitComponent
 .text.USBUART_GetConfiguration
                0x00000880        0xc .\CortexM3\ARM_GCC_541\Debug\VGMPlayer_v0.5.a(USBUART.o)
                0x00000880                USBUART_GetConfiguration
 .text.USBUART_IsConfigurationChanged
                0x0000088c       0x20 .\CortexM3\ARM_GCC_541\Debug\VGMPlayer_v0.5.a(USBUART.o)
                0x0000088c                USBUART_IsConfigurationChanged
 .text.USBUART_GetEPState
                0x000008ac       0x14 .\CortexM3\ARM_GCC_541\Debug\VGMPlayer_v0.5.a(USBUART.o)
                0x000008ac                USBUART_GetEPState
 .text.USBUART_GetEPCount
                0x000008c0       0x28 .\CortexM3\ARM_GCC_541\Debug\VGMPlayer_v0.5.a(USBUART.o)
                0x000008c0                USBUART_GetEPCount
 .text.USBUART_InitEP_DMA
                0x000008e8       0x78 .\CortexM3\ARM_GCC_541\Debug\VGMPlayer_v0.5.a(USBUART.o)
                0x000008e8                USBUART_InitEP_DMA
 .text.USBUART_LoadInEP
                0x00000960      0x104 .\CortexM3\ARM_GCC_541\Debug\VGMPlayer_v0.5.a(USBUART.o)
                0x00000960                USBUART_LoadInEP
 .text.USBUART_ReadOutEP
                0x00000a64       0xb0 .\CortexM3\ARM_GCC_541\Debug\VGMPlayer_v0.5.a(USBUART.o)
                0x00000a64                USBUART_ReadOutEP
 .text.USBUART_EnableOutEP
                0x00000b14       0x2c .\CortexM3\ARM_GCC_541\Debug\VGMPlayer_v0.5.a(USBUART.o)
                0x00000b14                USBUART_EnableOutEP
 .text.USBUART_StrLen
                0x00000b40       0x14 .\CortexM3\ARM_GCC_541\Debug\VGMPlayer_v0.5.a(USBUART_cdc.o)
 .text.USBUART_GetInterfaceComPort
                0x00000b54       0x38 .\CortexM3\ARM_GCC_541\Debug\VGMPlayer_v0.5.a(USBUART_cdc.o)
                0x00000b54                USBUART_GetInterfaceComPort
 .text.USBUART_DispatchCDCClassRqst
                0x00000b8c       0x98 .\CortexM3\ARM_GCC_541\Debug\VGMPlayer_v0.5.a(USBUART_cdc.o)
                0x00000b8c                USBUART_DispatchCDCClassRqst
 .text.USBUART_CDC_Init
                0x00000c24       0x98 .\CortexM3\ARM_GCC_541\Debug\VGMPlayer_v0.5.a(USBUART_cdc.o)
                0x00000c24                USBUART_CDC_Init
 .text.USBUART_PutString
                0x00000cbc       0xa0 .\CortexM3\ARM_GCC_541\Debug\VGMPlayer_v0.5.a(USBUART_cdc.o)
                0x00000cbc                USBUART_PutString
 .text.USBUART_DataIsReady
                0x00000d5c       0x18 .\CortexM3\ARM_GCC_541\Debug\VGMPlayer_v0.5.a(USBUART_cdc.o)
                0x00000d5c                USBUART_DataIsReady
 .text.USBUART_CDCIsReady
                0x00000d74       0x18 .\CortexM3\ARM_GCC_541\Debug\VGMPlayer_v0.5.a(USBUART_cdc.o)
                0x00000d74                USBUART_CDCIsReady
 .text.USBUART_GetAll
                0x00000d8c       0x44 .\CortexM3\ARM_GCC_541\Debug\VGMPlayer_v0.5.a(USBUART_cdc.o)
                0x00000d8c                USBUART_GetAll
 .text.USBUART_Cdc_EpInit
                0x00000dd0       0x50 .\CortexM3\ARM_GCC_541\Debug\VGMPlayer_v0.5.a(USBUART_cdc.o)
                0x00000dd0                USBUART_Cdc_EpInit
 .text.USBUART_LoadEP0
                0x00000e20       0x98 .\CortexM3\ARM_GCC_541\Debug\VGMPlayer_v0.5.a(USBUART_drv.o)
                0x00000e20                USBUART_LoadEP0
 .text.USBUART_InitZeroLengthControlTransfer
                0x00000eb8       0x34 .\CortexM3\ARM_GCC_541\Debug\VGMPlayer_v0.5.a(USBUART_drv.o)
                0x00000eb8                USBUART_InitZeroLengthControlTransfer
 .text.USBUART_ControlReadDataStage
                0x00000eec        0x8 .\CortexM3\ARM_GCC_541\Debug\VGMPlayer_v0.5.a(USBUART_drv.o)
                0x00000eec                USBUART_ControlReadDataStage
 .text.USBUART_ControlWriteDataStage
                0x00000ef4       0x84 .\CortexM3\ARM_GCC_541\Debug\VGMPlayer_v0.5.a(USBUART_drv.o)
                0x00000ef4                USBUART_ControlWriteDataStage
 .text.USBUART_InitNoDataControlTransfer
                0x00000f78       0x2c .\CortexM3\ARM_GCC_541\Debug\VGMPlayer_v0.5.a(USBUART_drv.o)
                0x00000f78                USBUART_InitNoDataControlTransfer
 .text.USBUART_UpdateStatusBlock
                0x00000fa4       0x24 .\CortexM3\ARM_GCC_541\Debug\VGMPlayer_v0.5.a(USBUART_drv.o)
                0x00000fa4                USBUART_UpdateStatusBlock
 .text.USBUART_HandleSetup
                0x00000fc8       0x5c .\CortexM3\ARM_GCC_541\Debug\VGMPlayer_v0.5.a(USBUART_drv.o)
                0x00000fc8                USBUART_HandleSetup
 .text.USBUART_ControlReadStatusStage
                0x00001024       0x38 .\CortexM3\ARM_GCC_541\Debug\VGMPlayer_v0.5.a(USBUART_drv.o)
                0x00001024                USBUART_ControlReadStatusStage
 .text.USBUART_HandleOUT
                0x0000105c       0x38 .\CortexM3\ARM_GCC_541\Debug\VGMPlayer_v0.5.a(USBUART_drv.o)
                0x0000105c                USBUART_HandleOUT
 .text.USBUART_ControlWriteStatusStage
                0x00001094       0x20 .\CortexM3\ARM_GCC_541\Debug\VGMPlayer_v0.5.a(USBUART_drv.o)
                0x00001094                USBUART_ControlWriteStatusStage
 .text.USBUART_NoDataControlStatusStage
                0x000010b4       0x40 .\CortexM3\ARM_GCC_541\Debug\VGMPlayer_v0.5.a(USBUART_drv.o)
                0x000010b4                USBUART_NoDataControlStatusStage
 .text.USBUART_HandleIN
                0x000010f4       0x2c .\CortexM3\ARM_GCC_541\Debug\VGMPlayer_v0.5.a(USBUART_drv.o)
                0x000010f4                USBUART_HandleIN
 .text.USBUART_EP_0_ISR
                0x00001120       0xb8 .\CortexM3\ARM_GCC_541\Debug\VGMPlayer_v0.5.a(USBUART_drv.o)
                0x00001120                USBUART_EP_0_ISR
 .text.USBUART_InitializeStatusBlock
                0x000011d8       0x24 .\CortexM3\ARM_GCC_541\Debug\VGMPlayer_v0.5.a(USBUART_drv.o)
                0x000011d8                USBUART_InitializeStatusBlock
 .text.USBUART_InitControlRead
                0x000011fc       0x50 .\CortexM3\ARM_GCC_541\Debug\VGMPlayer_v0.5.a(USBUART_drv.o)
                0x000011fc                USBUART_InitControlRead
 .text.USBUART_InitControlWrite
                0x0000124c       0x48 .\CortexM3\ARM_GCC_541\Debug\VGMPlayer_v0.5.a(USBUART_drv.o)
                0x0000124c                USBUART_InitControlWrite
 .text.USBUART_EP_1_ISR
                0x00001294       0x30 .\CortexM3\ARM_GCC_541\Debug\VGMPlayer_v0.5.a(USBUART_episr.o)
                0x00001294                USBUART_EP_1_ISR
 .text.USBUART_EP_2_ISR
                0x000012c4       0x38 .\CortexM3\ARM_GCC_541\Debug\VGMPlayer_v0.5.a(USBUART_episr.o)
                0x000012c4                USBUART_EP_2_ISR
 .text.USBUART_EP_3_ISR
                0x000012fc       0x40 .\CortexM3\ARM_GCC_541\Debug\VGMPlayer_v0.5.a(USBUART_episr.o)
                0x000012fc                USBUART_EP_3_ISR
 .text.USBUART_SOF_ISR
                0x0000133c        0x4 .\CortexM3\ARM_GCC_541\Debug\VGMPlayer_v0.5.a(USBUART_episr.o)
                0x0000133c                USBUART_SOF_ISR
 .text.USBUART_BUS_RESET_ISR
                0x00001340        0x8 .\CortexM3\ARM_GCC_541\Debug\VGMPlayer_v0.5.a(USBUART_episr.o)
                0x00001340                USBUART_BUS_RESET_ISR
 .text.USBUART_ARB_ISR
                0x00001348       0xa4 .\CortexM3\ARM_GCC_541\Debug\VGMPlayer_v0.5.a(USBUART_episr.o)
                0x00001348                USBUART_ARB_ISR
 .text.USBUART_DP_ISR
                0x000013ec        0x8 .\CortexM3\ARM_GCC_541\Debug\VGMPlayer_v0.5.a(USBUART_pm.o)
                0x000013ec                USBUART_DP_ISR
 .text.USBUART_ReadDieID
                0x000013f4       0x6c .\CortexM3\ARM_GCC_541\Debug\VGMPlayer_v0.5.a(USBUART_std.o)
                0x000013f4                USBUART_ReadDieID
 .text.USBUART_ConfigReg
                0x00001460       0xa8 .\CortexM3\ARM_GCC_541\Debug\VGMPlayer_v0.5.a(USBUART_std.o)
                0x00001460                USBUART_ConfigReg
 .text.USBUART_GetConfigTablePtr
                0x00001508       0x28 .\CortexM3\ARM_GCC_541\Debug\VGMPlayer_v0.5.a(USBUART_std.o)
                0x00001508                USBUART_GetConfigTablePtr
 .text.USBUART_ConfigAltChanged
                0x00001530      0x11c .\CortexM3\ARM_GCC_541\Debug\VGMPlayer_v0.5.a(USBUART_std.o)
                0x00001530                USBUART_ConfigAltChanged
 .text.USBUART_GetDeviceTablePtr
                0x0000164c       0x18 .\CortexM3\ARM_GCC_541\Debug\VGMPlayer_v0.5.a(USBUART_std.o)
                0x0000164c                USBUART_GetDeviceTablePtr
 .text.USBUART_GetInterfaceClassTablePtr
                0x00001664       0x28 .\CortexM3\ARM_GCC_541\Debug\VGMPlayer_v0.5.a(USBUART_std.o)
                0x00001664                USBUART_GetInterfaceClassTablePtr
 .text.USBUART_Config
                0x0000168c      0x1ec .\CortexM3\ARM_GCC_541\Debug\VGMPlayer_v0.5.a(USBUART_std.o)
                0x0000168c                USBUART_Config
 .text.USBUART_SetEndpointHalt
                0x00001878       0x64 .\CortexM3\ARM_GCC_541\Debug\VGMPlayer_v0.5.a(USBUART_std.o)
                0x00001878                USBUART_SetEndpointHalt
 .text.USBUART_ClearEndpointHalt
                0x000018dc       0xac .\CortexM3\ARM_GCC_541\Debug\VGMPlayer_v0.5.a(USBUART_std.o)
                0x000018dc                USBUART_ClearEndpointHalt
 .text.USBUART_ValidateAlternateSetting
                0x00001988       0x4c .\CortexM3\ARM_GCC_541\Debug\VGMPlayer_v0.5.a(USBUART_std.o)
                0x00001988                USBUART_ValidateAlternateSetting
 .text.USBUART_HandleStandardRqst
                0x000019d4      0x354 .\CortexM3\ARM_GCC_541\Debug\VGMPlayer_v0.5.a(USBUART_std.o)
                0x000019d4                USBUART_HandleStandardRqst
 .text.USBUART_HandleVendorRqst
                0x00001d28       0x18 .\CortexM3\ARM_GCC_541\Debug\VGMPlayer_v0.5.a(USBUART_vnd.o)
                0x00001d28                USBUART_HandleVendorRqst
 .text.USBUART_Dp_ClearInterrupt
                0x00001d40       0x10 .\CortexM3\ARM_GCC_541\Debug\VGMPlayer_v0.5.a(USBUART_Dp.o)
                0x00001d40                USBUART_Dp_ClearInterrupt
 .text.CyDmacConfigure
                0x00001d50       0x34 .\CortexM3\ARM_GCC_541\Debug\VGMPlayer_v0.5.a(CyDmac.o)
                0x00001d50                CyDmacConfigure
 .text.CyDmaChEnable
                0x00001d84       0x38 .\CortexM3\ARM_GCC_541\Debug\VGMPlayer_v0.5.a(CyDmac.o)
                0x00001d84                CyDmaChEnable
 .text.CyDmaChDisable
                0x00001dbc       0x24 .\CortexM3\ARM_GCC_541\Debug\VGMPlayer_v0.5.a(CyDmac.o)
                0x00001dbc                CyDmaChDisable
 .text.CyDmaChPriority
                0x00001de0       0x24 .\CortexM3\ARM_GCC_541\Debug\VGMPlayer_v0.5.a(CyDmac.o)
                0x00001de0                CyDmaChPriority
 .text.CyDmaChSetExtendedAddress
                0x00001e04       0x34 .\CortexM3\ARM_GCC_541\Debug\VGMPlayer_v0.5.a(CyDmac.o)
                0x00001e04                CyDmaChSetExtendedAddress
 .text.CyDmaChSetInitialTd
                0x00001e38       0x18 .\CortexM3\ARM_GCC_541\Debug\VGMPlayer_v0.5.a(CyDmac.o)
                0x00001e38                CyDmaChSetInitialTd
 .text.CyDmaChSetConfiguration
                0x00001e50       0x44 .\CortexM3\ARM_GCC_541\Debug\VGMPlayer_v0.5.a(CyDmac.o)
                0x00001e50                CyDmaChSetConfiguration
 .text.CyDmaTdAllocate
                0x00001e94       0x34 .\CortexM3\ARM_GCC_541\Debug\VGMPlayer_v0.5.a(CyDmac.o)
                0x00001e94                CyDmaTdAllocate
 .text.CyDmaTdSetConfiguration
                0x00001ec8       0x28 .\CortexM3\ARM_GCC_541\Debug\VGMPlayer_v0.5.a(CyDmac.o)
                0x00001ec8                CyDmaTdSetConfiguration
 .text.CyDmaTdSetAddress
                0x00001ef0       0x1c .\CortexM3\ARM_GCC_541\Debug\VGMPlayer_v0.5.a(CyDmac.o)
                0x00001ef0                CyDmaTdSetAddress
 .text.CyHalt   0x00001f0c        0x4 .\CortexM3\ARM_GCC_541\Debug\VGMPlayer_v0.5.a(CyLib.o)
                0x00001f0c                CyHalt
 .text.CyDelay  0x00001f10       0x2c .\CortexM3\ARM_GCC_541\Debug\VGMPlayer_v0.5.a(CyLib.o)
                0x00001f10                CyDelay
 .text.CyDelayUs
                0x00001f3c       0x14 .\CortexM3\ARM_GCC_541\Debug\VGMPlayer_v0.5.a(CyLib.o)
                0x00001f3c                CyDelayUs
 .text.CyIntSetVector
                0x00001f50       0x28 .\CortexM3\ARM_GCC_541\Debug\VGMPlayer_v0.5.a(CyLib.o)
                0x00001f50                CyIntSetVector
 .text.CyIntSetPriority
                0x00001f78       0x30 .\CortexM3\ARM_GCC_541\Debug\VGMPlayer_v0.5.a(CyLib.o)
                0x00001f78                CyIntSetPriority
 .text.CyGetUniqueId
                0x00001fa8       0x70 .\CortexM3\ARM_GCC_541\Debug\VGMPlayer_v0.5.a(CyLib.o)
                0x00001fa8                CyGetUniqueId
 .text.USBUART_ep3_DmaInitialize
                0x00002018       0x3c .\CortexM3\ARM_GCC_541\Debug\VGMPlayer_v0.5.a(USBUART_ep3_dma.o)
                0x00002018                USBUART_ep3_DmaInitialize
 .text.USBUART_ep2_DmaInitialize
                0x00002054       0x3c .\CortexM3\ARM_GCC_541\Debug\VGMPlayer_v0.5.a(USBUART_ep2_dma.o)
                0x00002054                USBUART_ep2_DmaInitialize
 .text.USBUART_ep1_DmaInitialize
                0x00002090       0x3c .\CortexM3\ARM_GCC_541\Debug\VGMPlayer_v0.5.a(USBUART_ep1_dma.o)
                0x00002090                USBUART_ep1_DmaInitialize
 .text.YM_A1_Write
                0x000020cc       0x18 .\CortexM3\ARM_GCC_541\Debug\VGMPlayer_v0.5.a(YM_A1.o)
                0x000020cc                YM_A1_Write
 .text.YM_A0_Write
                0x000020e4       0x18 .\CortexM3\ARM_GCC_541\Debug\VGMPlayer_v0.5.a(YM_A0.o)
                0x000020e4                YM_A0_Write
 .text.YM_RD_Write
                0x000020fc       0x18 .\CortexM3\ARM_GCC_541\Debug\VGMPlayer_v0.5.a(YM_RD.o)
                0x000020fc                YM_RD_Write
 .text.YM_WR_Write
                0x00002114       0x18 .\CortexM3\ARM_GCC_541\Debug\VGMPlayer_v0.5.a(YM_WR.o)
                0x00002114                YM_WR_Write
 .text.YM_CS_Write
                0x0000212c       0x18 .\CortexM3\ARM_GCC_541\Debug\VGMPlayer_v0.5.a(YM_CS.o)
                0x0000212c                YM_CS_Write
 .text.YM_Data_Write
                0x00002144        0xc .\CortexM3\ARM_GCC_541\Debug\VGMPlayer_v0.5.a(YM_Data.o)
                0x00002144                YM_Data_Write
 .text.SN_WE_Write
                0x00002150       0x18 .\CortexM3\ARM_GCC_541\Debug\VGMPlayer_v0.5.a(SN_WE.o)
                0x00002150                SN_WE_Write
 .text.YM_IC_Write
                0x00002168       0x18 .\CortexM3\ARM_GCC_541\Debug\VGMPlayer_v0.5.a(YM_IC.o)
                0x00002168                YM_IC_Write
 .text.isr_1_SetVector
                0x00002180        0xc .\CortexM3\ARM_GCC_541\Debug\VGMPlayer_v0.5.a(isr_1.o)
                0x00002180                isr_1_SetVector
 .text.isr_1_SetPriority
                0x0000218c       0x10 .\CortexM3\ARM_GCC_541\Debug\VGMPlayer_v0.5.a(isr_1.o)
                0x0000218c                isr_1_SetPriority
 .text.isr_1_Enable
                0x0000219c        0xc .\CortexM3\ARM_GCC_541\Debug\VGMPlayer_v0.5.a(isr_1.o)
                0x0000219c                isr_1_Enable
 .text.isr_1_Disable
                0x000021a8        0xc .\CortexM3\ARM_GCC_541\Debug\VGMPlayer_v0.5.a(isr_1.o)
                0x000021a8                isr_1_Disable
 .text.isr_1_StartEx
                0x000021b4       0x1c .\CortexM3\ARM_GCC_541\Debug\VGMPlayer_v0.5.a(isr_1.o)
                0x000021b4                isr_1_StartEx
 .text          0x000021d0       0x20 .\CortexM3\ARM_GCC_541\Debug\VGMPlayer_v0.5.a(CyBootAsmGnu.o)
                0x000021d0                CyDelayCycles
                0x000021e0                CyEnterCriticalSection
                0x000021e8                CyExitCriticalSection
 .text.USBUART_DispatchClassRqst
                0x000021f0       0x60 .\CortexM3\ARM_GCC_541\Debug\VGMPlayer_v0.5.a(USBUART_cls.o)
                0x000021f0                USBUART_DispatchClassRqst
 .text.__errno  0x00002250        0xc c:/program files (x86)/cypress/psoc creator/4.2/psoc creator/import/gnu/arm/5.4.1/bin/../lib/gcc/arm-none-eabi/5.4.1/../../../../arm-none-eabi/lib/armv7-m\libg_nano.a(lib_a-errno.o)
                0x00002250                __errno
 .text.__libc_init_array
                0x0000225c       0x4c c:/program files (x86)/cypress/psoc creator/4.2/psoc creator/import/gnu/arm/5.4.1/bin/../lib/gcc/arm-none-eabi/5.4.1/../../../../arm-none-eabi/lib/armv7-m\libg_nano.a(lib_a-init.o)
                0x0000225c                __libc_init_array
 .text.memcpy   0x000022a8       0x16 c:/program files (x86)/cypress/psoc creator/4.2/psoc creator/import/gnu/arm/5.4.1/bin/../lib/gcc/arm-none-eabi/5.4.1/../../../../arm-none-eabi/lib/armv7-m\libg_nano.a(lib_a-memcpy-stub.o)
                0x000022a8                memcpy
 .text.memset   0x000022be       0x10 c:/program files (x86)/cypress/psoc creator/4.2/psoc creator/import/gnu/arm/5.4.1/bin/../lib/gcc/arm-none-eabi/5.4.1/../../../../arm-none-eabi/lib/armv7-m\libg_nano.a(lib_a-memset.o)
                0x000022be                memset
 *(.plt)
 *(.gnu.warning)
 *(.glue_7t)
 .glue_7t       0x000022ce        0x0 linker stubs
 *(.glue_7)
 .glue_7        0x000022ce        0x0 linker stubs
 *(.vfp11_veneer)
 .vfp11_veneer  0x000022ce        0x0 linker stubs
 *(.bootloader)
 *(.ARM.extab* .gnu.linkonce.armextab.*)
 *(.gcc_except_table)

.v4_bx          0x000022d0        0x0
 .v4_bx         0x000022d0        0x0 linker stubs

.iplt           0x000022d0        0x0
 .iplt          0x000022d0        0x0 c:/program files (x86)/cypress/psoc creator/4.2/psoc creator/import/gnu/arm/5.4.1/bin/../lib/gcc/arm-none-eabi/5.4.1/armv7-m/crtbegin.o

.eh_frame_hdr
 *(.eh_frame_hdr)

.eh_frame       0x000022d0        0x4
 *(.eh_frame)
 .eh_frame      0x000022d0        0x0 c:/program files (x86)/cypress/psoc creator/4.2/psoc creator/import/gnu/arm/5.4.1/bin/../lib/gcc/arm-none-eabi/5.4.1/armv7-m/crtbegin.o
 .eh_frame      0x000022d0        0x4 c:/program files (x86)/cypress/psoc creator/4.2/psoc creator/import/gnu/arm/5.4.1/bin/../lib/gcc/arm-none-eabi/5.4.1/armv7-m/crtend.o
                [!provide]                PROVIDE (__exidx_start, .)

.ARM.exidx
 *(.ARM.exidx* .gnu.linkonce.armexidx.*)
                0x000022d4                __exidx_end = .

.rodata         0x000022d4      0x234
 *(.rodata .rodata.* .gnu.linkonce.r.*)
 .rodata        0x000022d4        0x2 .\CortexM3\ARM_GCC_541\Debug\main.o
 *fill*         0x000022d6        0x2 
 .rodata        0x000022d8       0x24 .\CortexM3\ARM_GCC_541\Debug\cyfitter_cfg.o
 .rodata.str1.4
                0x000022fc       0x14 .\CortexM3\ARM_GCC_541\Debug\VGMPlayer_v0.5.a(USBUART_std.o)
                                 0x11 (size before relaxing)
 .rodata        0x00002310      0x15e .\CortexM3\ARM_GCC_541\Debug\VGMPlayer_v0.5.a(USBUART_descr.o)
                0x00002310                USBUART_TABLE
                0x00002318                USBUART_DEVICE0_TABLE
                0x00002330                USBUART_DEVICE0_CONFIGURATION0_TABLE
                0x00002358                USBUART_DEVICE0_CONFIGURATION0_INTERFACE_CLASS
                0x0000235c                USBUART_DEVICE0_CONFIGURATION0_EP_SETTINGS_TABLE
                0x00002374                USBUART_SN_STRING_DESCRIPTOR
                0x00002378                USBUART_STRING_DESCRIPTORS
                0x00002418                USBUART_DEVICE0_CONFIGURATION0_DESCR
                0x0000245c                USBUART_DEVICE0_DESCR
 .rodata.str1.1
                0x0000246e        0x2 c:/program files (x86)/cypress/psoc creator/4.2/psoc creator/import/gnu/arm/5.4.1/bin/../lib/gcc/arm-none-eabi/5.4.1/../../../../arm-none-eabi/lib/armv7-m\libg_nano.a(lib_a-impure.o)
 .rodata.__sf_fake_stdin
                0x00002470       0x20 c:/program files (x86)/cypress/psoc creator/4.2/psoc creator/import/gnu/arm/5.4.1/bin/../lib/gcc/arm-none-eabi/5.4.1/../../../../arm-none-eabi/lib/armv7-m\libg_nano.a(lib_a-findfp.o)
                0x00002470                __sf_fake_stdin
 .rodata.__sf_fake_stdout
                0x00002490       0x20 c:/program files (x86)/cypress/psoc creator/4.2/psoc creator/import/gnu/arm/5.4.1/bin/../lib/gcc/arm-none-eabi/5.4.1/../../../../arm-none-eabi/lib/armv7-m\libg_nano.a(lib_a-findfp.o)
                0x00002490                __sf_fake_stdout
 .rodata.__sf_fake_stderr
                0x000024b0       0x20 c:/program files (x86)/cypress/psoc creator/4.2/psoc creator/import/gnu/arm/5.4.1/bin/../lib/gcc/arm-none-eabi/5.4.1/../../../../arm-none-eabi/lib/armv7-m\libg_nano.a(lib_a-findfp.o)
                0x000024b0                __sf_fake_stderr
                0x000024d0                . = ALIGN (0x4)
 *(.init)
 .init          0x000024d0        0x4 c:/program files (x86)/cypress/psoc creator/4.2/psoc creator/import/gnu/arm/5.4.1/bin/../lib/gcc/arm-none-eabi/5.4.1/armv7-m/crti.o
                0x000024d0                _init
 .init          0x000024d4        0x8 c:/program files (x86)/cypress/psoc creator/4.2/psoc creator/import/gnu/arm/5.4.1/bin/../lib/gcc/arm-none-eabi/5.4.1/armv7-m/crtn.o
                0x000024dc                . = ALIGN (0x4)
                0x000024dc                __preinit_array_start = .
 *(.preinit_array)
                0x000024dc                __preinit_array_end = .
                0x000024dc                . = ALIGN (0x4)
                0x000024dc                __init_array_start = .
 *(SORT(.init_array.*))
 *(.init_array)
 .init_array    0x000024dc        0x4 c:/program files (x86)/cypress/psoc creator/4.2/psoc creator/import/gnu/arm/5.4.1/bin/../lib/gcc/arm-none-eabi/5.4.1/armv7-m/crtbegin.o
 .init_array    0x000024e0        0x4 .\CortexM3\ARM_GCC_541\Debug\Cm3Start.o
                0x000024e4                __init_array_end = .
                0x000024e4                . = ALIGN (0x4)
 *(.fini)
 .fini          0x000024e4        0x4 c:/program files (x86)/cypress/psoc creator/4.2/psoc creator/import/gnu/arm/5.4.1/bin/../lib/gcc/arm-none-eabi/5.4.1/armv7-m/crti.o
                0x000024e4                _fini
 .fini          0x000024e8        0x8 c:/program files (x86)/cypress/psoc creator/4.2/psoc creator/import/gnu/arm/5.4.1/bin/../lib/gcc/arm-none-eabi/5.4.1/armv7-m/crtn.o
                0x000024f0                . = ALIGN (0x4)
                0x000024f0                __fini_array_start = .
 *(.fini_array)
 .fini_array    0x000024f0        0x4 c:/program files (x86)/cypress/psoc creator/4.2/psoc creator/import/gnu/arm/5.4.1/bin/../lib/gcc/arm-none-eabi/5.4.1/armv7-m/crtbegin.o
 *(SORT(.fini_array.*))
                0x000024f4                __fini_array_end = .
                0x000024f4                . = ALIGN (0x4)
 *crtbegin.o(.ctors)
 *(EXCLUDE_FILE(*crtend.o) .ctors)
 *(SORT(.ctors.*))
 *crtend.o(.ctors)
                0x000024f4                . = ALIGN (0x4)
 *crtbegin.o(.dtors)
 *(EXCLUDE_FILE(*crtend.o) .dtors)
 *(SORT(.dtors.*))
 *crtend.o(.dtors)
                0x000024f4                . = ALIGN (0x4)
                0x000024f4                __cy_regions = .
                0x000024f4        0x4 LONG 0x2508 __cy_region_init_ram
                0x000024f8        0x4 LONG 0x1fff80c8 __cy_region_start_data
                0x000024fc        0x4 LONG 0xa0 __cy_region_init_size_ram
                0x00002500        0x4 LONG 0x168 __cy_region_zero_size_ram
                0x00002504                __cy_regions_end = .
                0x00002508                . = ALIGN (0x8)
 *fill*         0x00002504        0x4 
                0x00002508                _etext = .

.cy_checksum_exclude
                0x00002508        0x0
 *(.cy_checksum_exclude)

.ramvectors     0x1fff8000       0xc0
                0x1fff8000                __cy_region_start_ram = .
 *(.ramvectors)
 .ramvectors    0x1fff8000       0xc0 .\CortexM3\ARM_GCC_541\Debug\Cm3Start.o
                0x1fff8000                CyRamVectors

.noinit         0x1fff80c0        0x1
 *(.noinit)
 .noinit        0x1fff80c0        0x1 .\CortexM3\ARM_GCC_541\Debug\VGMPlayer_v0.5.a(CyLib.o)
                0x1fff80c0                CyResetStatus

.data           0x1fff80c8       0xa0 load address 0x00002508
                0x1fff80c8                __cy_region_start_data = .
 *(.jcr)
 .jcr           0x1fff80c8        0x0 c:/program files (x86)/cypress/psoc creator/4.2/psoc creator/import/gnu/arm/5.4.1/bin/../lib/gcc/arm-none-eabi/5.4.1/armv7-m/crtbegin.o
 .jcr           0x1fff80c8        0x4 c:/program files (x86)/cypress/psoc creator/4.2/psoc creator/import/gnu/arm/5.4.1/bin/../lib/gcc/arm-none-eabi/5.4.1/armv7-m/crtend.o
 *(.got.plt)
 *(.got)
 *(.shdata)
 *(.data .data.* .gnu.linkonce.d.*)
 .data          0x1fff80cc       0x1a .\CortexM3\ARM_GCC_541\Debug\VGMPlayer_v0.5.a(USBUART_cdc.o)
                0x1fff80cc                USBUART_linesCoding
 *fill*         0x1fff80e6        0x2 
 .data          0x1fff80e8        0x8 .\CortexM3\ARM_GCC_541\Debug\VGMPlayer_v0.5.a(CyDmac.o)
 .data          0x1fff80f0       0x10 .\CortexM3\ARM_GCC_541\Debug\VGMPlayer_v0.5.a(CyLib.o)
                0x1fff80f0                cydelay_32k_ms
                0x1fff80f4                cydelay_freq_khz
                0x1fff80f8                cydelay_freq_mhz
                0x1fff80fc                cydelay_freq_hz
 .data          0x1fff8100        0x1 .\CortexM3\ARM_GCC_541\Debug\VGMPlayer_v0.5.a(USBUART_ep3_dma.o)
                0x1fff8100                USBUART_ep3_DmaHandle
 .data          0x1fff8101        0x1 .\CortexM3\ARM_GCC_541\Debug\VGMPlayer_v0.5.a(USBUART_ep2_dma.o)
                0x1fff8101                USBUART_ep2_DmaHandle
 .data          0x1fff8102        0x1 .\CortexM3\ARM_GCC_541\Debug\VGMPlayer_v0.5.a(USBUART_ep1_dma.o)
                0x1fff8102                USBUART_ep1_DmaHandle
 *fill*         0x1fff8103        0x1 
 .data.impure_data
                0x1fff8104       0x60 c:/program files (x86)/cypress/psoc creator/4.2/psoc creator/import/gnu/arm/5.4.1/bin/../lib/gcc/arm-none-eabi/5.4.1/../../../../arm-none-eabi/lib/armv7-m\libg_nano.a(lib_a-impure.o)
 .data._impure_ptr
                0x1fff8164        0x4 c:/program files (x86)/cypress/psoc creator/4.2/psoc creator/import/gnu/arm/5.4.1/bin/../lib/gcc/arm-none-eabi/5.4.1/../../../../arm-none-eabi/lib/armv7-m\libg_nano.a(lib_a-impure.o)
                0x1fff8164                _impure_ptr
                0x1fff8168                . = ALIGN (0x8)
 *(.ram)
                0x1fff8168                _edata = .

.igot.plt       0x1fff8168        0x0 load address 0x000025a8
 .igot.plt      0x1fff8168        0x0 c:/program files (x86)/cypress/psoc creator/4.2/psoc creator/import/gnu/arm/5.4.1/bin/../lib/gcc/arm-none-eabi/5.4.1/armv7-m/crtbegin.o

.bss            0x1fff8168      0x168 load address 0x000025a8
                0x1fff8168                PROVIDE (__bss_start__, .)
 *(.shbss)
 *(.bss .bss.* .gnu.linkonce.b.*)
 .bss           0x1fff8168       0x1c c:/program files (x86)/cypress/psoc creator/4.2/psoc creator/import/gnu/arm/5.4.1/bin/../lib/gcc/arm-none-eabi/5.4.1/armv7-m/crtbegin.o
 .bss           0x1fff8184        0x1 .\CortexM3\ARM_GCC_541\Debug\usb_uart.o
                0x1fff8184                rx_flag
 *fill*         0x1fff8185        0x3 
 .bss           0x1fff8188        0x8 .\CortexM3\ARM_GCC_541\Debug\main.o
                0x1fff8188                isrFlag
                0x1fff818c                test
 .bss           0x1fff8190        0x1 .\CortexM3\ARM_GCC_541\Debug\VGMPlayer_v0.5.a(USBUART.o)
                0x1fff8190                USBUART_initVar
 .bss           0x1fff8191        0x1 .\CortexM3\ARM_GCC_541\Debug\VGMPlayer_v0.5.a(USBUART_cdc.o)
 *fill*         0x1fff8192        0x2 
 .bss           0x1fff8194        0x2 .\CortexM3\ARM_GCC_541\Debug\VGMPlayer_v0.5.a(USBUART_std.o)
 *(COMMON)
 *fill*         0x1fff8196        0x2 
 COMMON         0x1fff8198       0x42 .\CortexM3\ARM_GCC_541\Debug\usb_uart.o
                0x1fff8198                buffer
                0x1fff81d8                count
 *fill*         0x1fff81da        0x2 
 COMMON         0x1fff81dc       0x15 .\CortexM3\ARM_GCC_541\Debug\VGMPlayer_v0.5.a(USBUART.o)
                0x1fff81dc                USBUART_DmaChan
                0x1fff81e8                USBUART_DmaTd
 *fill*         0x1fff81f1        0x3 
 COMMON         0x1fff81f4       0x18 .\CortexM3\ARM_GCC_541\Debug\VGMPlayer_v0.5.a(USBUART_cdc.o)
                0x1fff81f4                USBUART_linesChanged
                0x1fff81f8                USBUART_cdcDataInEp
                0x1fff81fc                USBUART_cdcCommInInterruptEp
                0x1fff8200                USBUART_cdcDataOutEp
                0x1fff8204                USBUART_serialStateBitmap
                0x1fff8208                USBUART_linesControlBitmap
 COMMON         0x1fff820c       0x9a .\CortexM3\ARM_GCC_541\Debug\VGMPlayer_v0.5.a(USBUART_drv.o)
                0x1fff820c                USBUART_lastPacketSize
                0x1fff820d                USBUART_device
                0x1fff820e                USBUART_transferByteCount
                0x1fff8210                USBUART_transferState
                0x1fff8214                USBUART_interfaceSettingLast
                0x1fff8218                USBUART_currentTD
                0x1fff8224                USBUART_interfaceNumber
                0x1fff8228                USBUART_interfaceClass
                0x1fff822c                USBUART_configurationChanged
                0x1fff822d                USBUART_ep0Mode
                0x1fff822e                USBUART_deviceAddress
                0x1fff822f                USBUART_configuration
                0x1fff8230                USBUART_ep0Count
                0x1fff8231                USBUART_deviceStatus
                0x1fff8234                USBUART_EP
                0x1fff82a0                USBUART_interfaceSetting
                0x1fff82a2                USBUART_ep0Toggle
                0x1fff82a4                USBUART_interfaceStatus
 *fill*         0x1fff82a6        0x2 
 COMMON         0x1fff82a8       0x22 .\CortexM3\ARM_GCC_541\Debug\VGMPlayer_v0.5.a(USBUART_descr.o)
                0x1fff82a8                USBUART_idSerialNumberStringDescriptor
                0x1fff82d0                . = ALIGN (0x8)
 *fill*         0x1fff82ca        0x6 
 *(.ram.b)
                0x1fff82d0                _end = .
                0x1fff82d0                __end = .
                0x1fff82d0                PROVIDE (end, .)
                0x1fff82d0                PROVIDE (__bss_end__, .)
                0x00002508                __cy_region_init_ram = LOADADDR (.data)
                0x000000a0                __cy_region_init_size_ram = (_edata - ADDR (.data))
                0x00000168                __cy_region_zero_size_ram = (_end - _edata)

.heap           0x1fff82d0       0x80 load address 0x000025a8
                0x1fff82d0                . = _end
                0x1fff8350                . = (. + 0x80)
 *fill*         0x1fff82d0       0x80 
                0x1fff8350                __cy_heap_limit = .

.stack          0x20007800      0x800
                0x20007800                __cy_stack_limit = .
                0x20008000                . = (. + 0x800)
 *fill*         0x20007800      0x800 
                0x00000001                ASSERT ((__cy_stack_limit >= __cy_heap_limit), region RAM overflowed with stack)
                0x00000000                cy_checksum_exclude_size = (CY_APPL_LOADABLE == 0x1)?SIZEOF (.cy_checksum_exclude):0x0
                0x00000001                ASSERT ((cy_checksum_exclude_size <= CY_CHECKSUM_EXCLUDE_SIZE), CY_BOOT: Section .cy_checksum_exclude size exceedes specified limit.)

.cyloadermeta
 *(.cyloadermeta)

.cyloadablemeta
 *(.cyloadablemeta)

.cyconfigecc    0x80000000       0xbc
 *(.cyconfigecc)
 .cyconfigecc   0x80000000       0xbc .\CortexM3\ARM_GCC_541\Debug\cymetadata.o
                0x80000000                cy_meta_configecc

.cycustnvl      0x90000000        0x4
 *(.cycustnvl)
 .cycustnvl     0x90000000        0x4 .\CortexM3\ARM_GCC_541\Debug\cymetadata.o
                0x90000000                cy_meta_custnvl

.cywolatch      0x90100000        0x4
 *(.cywolatch)
 .cywolatch     0x90100000        0x4 .\CortexM3\ARM_GCC_541\Debug\cymetadata.o
                0x90100000                cy_meta_wonvl

.cyeeprom       0x90200000        0x0
 *(.cyeeprom)
                0x00000001                ASSERT ((. <= ((0x90200000 + ee_offset) + ee_size)), .cyeeprom data will not fit in EEPROM)

.cyflashprotect
                0x90400000      0x100
 *(.cyflashprotect)
 .cyflashprotect
                0x90400000      0x100 .\CortexM3\ARM_GCC_541\Debug\cymetadata.o
                0x90400000                cy_meta_flashprotect

.cymeta         0x90500000        0xc
 *(.cymeta)
 .cymeta        0x90500000        0xc .\CortexM3\ARM_GCC_541\Debug\cymetadata.o
                0x90500000                cy_metadata

.rel.dyn        0x000025a8        0x0 load address 0x9050000c
 .rel.iplt      0x000025a8        0x0 c:/program files (x86)/cypress/psoc creator/4.2/psoc creator/import/gnu/arm/5.4.1/bin/../lib/gcc/arm-none-eabi/5.4.1/armv7-m/crtbegin.o

.stab           0x00000000       0x6c
 *(.stab)
 .stab          0x00000000       0x24 c:/program files (x86)/cypress/psoc creator/4.2/psoc creator/import/gnu/arm/5.4.1/bin/../lib/gcc/arm-none-eabi/5.4.1/../../../../arm-none-eabi/lib/armv7-m\libnosys.a(close.o)
 .stab          0x00000024       0x18 c:/program files (x86)/cypress/psoc creator/4.2/psoc creator/import/gnu/arm/5.4.1/bin/../lib/gcc/arm-none-eabi/5.4.1/../../../../arm-none-eabi/lib/armv7-m\libnosys.a(lseek.o)
                                 0x24 (size before relaxing)
 .stab          0x0000003c       0x18 c:/program files (x86)/cypress/psoc creator/4.2/psoc creator/import/gnu/arm/5.4.1/bin/../lib/gcc/arm-none-eabi/5.4.1/../../../../arm-none-eabi/lib/armv7-m\libnosys.a(read.o)
                                 0x24 (size before relaxing)
 .stab          0x00000054       0x18 c:/program files (x86)/cypress/psoc creator/4.2/psoc creator/import/gnu/arm/5.4.1/bin/../lib/gcc/arm-none-eabi/5.4.1/../../../../arm-none-eabi/lib/armv7-m\libnosys.a(write.o)
                                 0x24 (size before relaxing)

.stabstr        0x00000000       0xdf
 *(.stabstr)
 .stabstr       0x00000000       0xdf c:/program files (x86)/cypress/psoc creator/4.2/psoc creator/import/gnu/arm/5.4.1/bin/../lib/gcc/arm-none-eabi/5.4.1/../../../../arm-none-eabi/lib/armv7-m\libnosys.a(close.o)

.debug
 *(.debug)

.line
 *(.line)

.debug_srcinfo
 *(.debug_srcinfo)

.debug_sfnames
 *(.debug_sfnames)

.debug_aranges  0x00000000      0xe50
 *(.debug_aranges)
 .debug_aranges
                0x00000000       0x48 .\CortexM3\ARM_GCC_541\Debug\usb_uart.o
 .debug_aranges
                0x00000048       0x78 .\CortexM3\ARM_GCC_541\Debug\tty_utils.o
 .debug_aranges
                0x000000c0       0x60 .\CortexM3\ARM_GCC_541\Debug\utils.o
 .debug_aranges
                0x00000120       0x28 .\CortexM3\ARM_GCC_541\Debug\func_list.o
 .debug_aranges
                0x00000148       0x60 .\CortexM3\ARM_GCC_541\Debug\main.o
 .debug_aranges
                0x000001a8       0x58 .\CortexM3\ARM_GCC_541\Debug\cyfitter_cfg.o
 .debug_aranges
                0x00000200       0x18 .\CortexM3\ARM_GCC_541\Debug\cymetadata.o
 .debug_aranges
                0x00000218       0x48 .\CortexM3\ARM_GCC_541\Debug\Cm3Start.o
 .debug_aranges
                0x00000260       0xd8 .\CortexM3\ARM_GCC_541\Debug\VGMPlayer_v0.5.a(USBUART.o)
 .debug_aranges
                0x00000338       0xe8 .\CortexM3\ARM_GCC_541\Debug\VGMPlayer_v0.5.a(USBUART_cdc.o)
 .debug_aranges
                0x00000420       0x98 .\CortexM3\ARM_GCC_541\Debug\VGMPlayer_v0.5.a(USBUART_drv.o)
 .debug_aranges
                0x000004b8       0x48 .\CortexM3\ARM_GCC_541\Debug\VGMPlayer_v0.5.a(USBUART_episr.o)
 .debug_aranges
                0x00000500       0x40 .\CortexM3\ARM_GCC_541\Debug\VGMPlayer_v0.5.a(USBUART_pm.o)
 .debug_aranges
                0x00000540       0x80 .\CortexM3\ARM_GCC_541\Debug\VGMPlayer_v0.5.a(USBUART_std.o)
 .debug_aranges
                0x000005c0       0x20 .\CortexM3\ARM_GCC_541\Debug\VGMPlayer_v0.5.a(USBUART_vnd.o)
 .debug_aranges
                0x000005e0       0x48 .\CortexM3\ARM_GCC_541\Debug\VGMPlayer_v0.5.a(USBUART_Dp.o)
 .debug_aranges
                0x00000628       0xd8 .\CortexM3\ARM_GCC_541\Debug\VGMPlayer_v0.5.a(CyDmac.o)
 .debug_aranges
                0x00000700      0x2a0 .\CortexM3\ARM_GCC_541\Debug\VGMPlayer_v0.5.a(CyLib.o)
 .debug_aranges
                0x000009a0       0x98 .\CortexM3\ARM_GCC_541\Debug\VGMPlayer_v0.5.a(cyPm.o)
 .debug_aranges
                0x00000a38       0x28 .\CortexM3\ARM_GCC_541\Debug\VGMPlayer_v0.5.a(USBUART_ep3_dma.o)
 .debug_aranges
                0x00000a60       0x28 .\CortexM3\ARM_GCC_541\Debug\VGMPlayer_v0.5.a(USBUART_ep2_dma.o)
 .debug_aranges
                0x00000a88       0x28 .\CortexM3\ARM_GCC_541\Debug\VGMPlayer_v0.5.a(USBUART_ep1_dma.o)
 .debug_aranges
                0x00000ab0       0x38 .\CortexM3\ARM_GCC_541\Debug\VGMPlayer_v0.5.a(YM_A1.o)
 .debug_aranges
                0x00000ae8       0x38 .\CortexM3\ARM_GCC_541\Debug\VGMPlayer_v0.5.a(YM_A0.o)
 .debug_aranges
                0x00000b20       0x38 .\CortexM3\ARM_GCC_541\Debug\VGMPlayer_v0.5.a(YM_RD.o)
 .debug_aranges
                0x00000b58       0x38 .\CortexM3\ARM_GCC_541\Debug\VGMPlayer_v0.5.a(YM_WR.o)
 .debug_aranges
                0x00000b90       0x38 .\CortexM3\ARM_GCC_541\Debug\VGMPlayer_v0.5.a(YM_CS.o)
 .debug_aranges
                0x00000bc8       0x38 .\CortexM3\ARM_GCC_541\Debug\VGMPlayer_v0.5.a(YM_Data.o)
 .debug_aranges
                0x00000c00       0x38 .\CortexM3\ARM_GCC_541\Debug\VGMPlayer_v0.5.a(SN_WE.o)
 .debug_aranges
                0x00000c38       0x38 .\CortexM3\ARM_GCC_541\Debug\VGMPlayer_v0.5.a(YM_IC.o)
 .debug_aranges
                0x00000c70       0x80 .\CortexM3\ARM_GCC_541\Debug\VGMPlayer_v0.5.a(isr_1.o)
 .debug_aranges
                0x00000cf0       0x20 .\CortexM3\ARM_GCC_541\Debug\VGMPlayer_v0.5.a(CyBootAsmGnu.o)
 .debug_aranges
                0x00000d10       0x20 .\CortexM3\ARM_GCC_541\Debug\VGMPlayer_v0.5.a(USBUART_cls.o)
 .debug_aranges
                0x00000d30       0x18 .\CortexM3\ARM_GCC_541\Debug\VGMPlayer_v0.5.a(USBUART_descr.o)
 .debug_aranges
                0x00000d48       0x88 .\CortexM3\ARM_GCC_541\Debug\VGMPlayer_v0.5.a(CyFlash.o)
 .debug_aranges
                0x00000dd0       0x80 .\CortexM3\ARM_GCC_541\Debug\VGMPlayer_v0.5.a(CySpc.o)

.debug_pubnames
 *(.debug_pubnames)

.debug_info     0x00000000     0x9a50
 *(.debug_info .gnu.linkonce.wi.*)
 .debug_info    0x00000000      0x2f7 .\CortexM3\ARM_GCC_541\Debug\usb_uart.o
 .debug_info    0x000002f7      0x587 .\CortexM3\ARM_GCC_541\Debug\tty_utils.o
 .debug_info    0x0000087e      0x437 .\CortexM3\ARM_GCC_541\Debug\utils.o
 .debug_info    0x00000cb5      0x273 .\CortexM3\ARM_GCC_541\Debug\func_list.o
 .debug_info    0x00000f28      0x610 .\CortexM3\ARM_GCC_541\Debug\main.o
 .debug_info    0x00001538      0x58f .\CortexM3\ARM_GCC_541\Debug\cyfitter_cfg.o
 .debug_info    0x00001ac7      0x134 .\CortexM3\ARM_GCC_541\Debug\cymetadata.o
 .debug_info    0x00001bfb      0x3cf .\CortexM3\ARM_GCC_541\Debug\Cm3Start.o
 .debug_info    0x00001fca      0xc25 .\CortexM3\ARM_GCC_541\Debug\VGMPlayer_v0.5.a(USBUART.o)
 .debug_info    0x00002bef      0xb83 .\CortexM3\ARM_GCC_541\Debug\VGMPlayer_v0.5.a(USBUART_cdc.o)
 .debug_info    0x00003772      0x655 .\CortexM3\ARM_GCC_541\Debug\VGMPlayer_v0.5.a(USBUART_drv.o)
 .debug_info    0x00003dc7      0x39b .\CortexM3\ARM_GCC_541\Debug\VGMPlayer_v0.5.a(USBUART_episr.o)
 .debug_info    0x00004162      0x303 .\CortexM3\ARM_GCC_541\Debug\VGMPlayer_v0.5.a(USBUART_pm.o)
 .debug_info    0x00004465      0xb26 .\CortexM3\ARM_GCC_541\Debug\VGMPlayer_v0.5.a(USBUART_std.o)
 .debug_info    0x00004f8b       0xed .\CortexM3\ARM_GCC_541\Debug\VGMPlayer_v0.5.a(USBUART_vnd.o)
 .debug_info    0x00005078      0x174 .\CortexM3\ARM_GCC_541\Debug\VGMPlayer_v0.5.a(USBUART_Dp.o)
 .debug_info    0x000051ec      0x94e .\CortexM3\ARM_GCC_541\Debug\VGMPlayer_v0.5.a(CyDmac.o)
 .debug_info    0x00005b3a     0x1374 .\CortexM3\ARM_GCC_541\Debug\VGMPlayer_v0.5.a(CyLib.o)
 .debug_info    0x00006eae      0xa2a .\CortexM3\ARM_GCC_541\Debug\VGMPlayer_v0.5.a(cyPm.o)
 .debug_info    0x000078d8      0x1a8 .\CortexM3\ARM_GCC_541\Debug\VGMPlayer_v0.5.a(USBUART_ep3_dma.o)
 .debug_info    0x00007a80      0x1a7 .\CortexM3\ARM_GCC_541\Debug\VGMPlayer_v0.5.a(USBUART_ep2_dma.o)
 .debug_info    0x00007c27      0x1aa .\CortexM3\ARM_GCC_541\Debug\VGMPlayer_v0.5.a(USBUART_ep1_dma.o)
 .debug_info    0x00007dd1      0x11f .\CortexM3\ARM_GCC_541\Debug\VGMPlayer_v0.5.a(YM_A1.o)
 .debug_info    0x00007ef0      0x11f .\CortexM3\ARM_GCC_541\Debug\VGMPlayer_v0.5.a(YM_A0.o)
 .debug_info    0x0000800f      0x11f .\CortexM3\ARM_GCC_541\Debug\VGMPlayer_v0.5.a(YM_RD.o)
 .debug_info    0x0000812e      0x11f .\CortexM3\ARM_GCC_541\Debug\VGMPlayer_v0.5.a(YM_WR.o)
 .debug_info    0x0000824d      0x11f .\CortexM3\ARM_GCC_541\Debug\VGMPlayer_v0.5.a(YM_CS.o)
 .debug_info    0x0000836c      0x11c .\CortexM3\ARM_GCC_541\Debug\VGMPlayer_v0.5.a(YM_Data.o)
 .debug_info    0x00008488      0x11f .\CortexM3\ARM_GCC_541\Debug\VGMPlayer_v0.5.a(SN_WE.o)
 .debug_info    0x000085a7      0x11f .\CortexM3\ARM_GCC_541\Debug\VGMPlayer_v0.5.a(YM_IC.o)
 .debug_info    0x000086c6      0x2d2 .\CortexM3\ARM_GCC_541\Debug\VGMPlayer_v0.5.a(isr_1.o)
 .debug_info    0x00008998       0x9a .\CortexM3\ARM_GCC_541\Debug\VGMPlayer_v0.5.a(CyBootAsmGnu.o)
 .debug_info    0x00008a32      0x1de .\CortexM3\ARM_GCC_541\Debug\VGMPlayer_v0.5.a(USBUART_cls.o)
 .debug_info    0x00008c10      0x2a3 .\CortexM3\ARM_GCC_541\Debug\VGMPlayer_v0.5.a(USBUART_descr.o)
 .debug_info    0x00008eb3      0x64d .\CortexM3\ARM_GCC_541\Debug\VGMPlayer_v0.5.a(CyFlash.o)
 .debug_info    0x00009500      0x550 .\CortexM3\ARM_GCC_541\Debug\VGMPlayer_v0.5.a(CySpc.o)

.debug_abbrev   0x00000000     0x295d
 *(.debug_abbrev)
 .debug_abbrev  0x00000000      0x106 .\CortexM3\ARM_GCC_541\Debug\usb_uart.o
 .debug_abbrev  0x00000106      0x1aa .\CortexM3\ARM_GCC_541\Debug\tty_utils.o
 .debug_abbrev  0x000002b0      0x160 .\CortexM3\ARM_GCC_541\Debug\utils.o
 .debug_abbrev  0x00000410      0x141 .\CortexM3\ARM_GCC_541\Debug\func_list.o
 .debug_abbrev  0x00000551      0x14a .\CortexM3\ARM_GCC_541\Debug\main.o
 .debug_abbrev  0x0000069b      0x1fe .\CortexM3\ARM_GCC_541\Debug\cyfitter_cfg.o
 .debug_abbrev  0x00000899       0x5d .\CortexM3\ARM_GCC_541\Debug\cymetadata.o
 .debug_abbrev  0x000008f6      0x1e8 .\CortexM3\ARM_GCC_541\Debug\Cm3Start.o
 .debug_abbrev  0x00000ade      0x212 .\CortexM3\ARM_GCC_541\Debug\VGMPlayer_v0.5.a(USBUART.o)
 .debug_abbrev  0x00000cf0      0x245 .\CortexM3\ARM_GCC_541\Debug\VGMPlayer_v0.5.a(USBUART_cdc.o)
 .debug_abbrev  0x00000f35      0x189 .\CortexM3\ARM_GCC_541\Debug\VGMPlayer_v0.5.a(USBUART_drv.o)
 .debug_abbrev  0x000010be      0x153 .\CortexM3\ARM_GCC_541\Debug\VGMPlayer_v0.5.a(USBUART_episr.o)
 .debug_abbrev  0x00001211      0x119 .\CortexM3\ARM_GCC_541\Debug\VGMPlayer_v0.5.a(USBUART_pm.o)
 .debug_abbrev  0x0000132a      0x20a .\CortexM3\ARM_GCC_541\Debug\VGMPlayer_v0.5.a(USBUART_std.o)
 .debug_abbrev  0x00001534       0x9b .\CortexM3\ARM_GCC_541\Debug\VGMPlayer_v0.5.a(USBUART_vnd.o)
 .debug_abbrev  0x000015cf       0x90 .\CortexM3\ARM_GCC_541\Debug\VGMPlayer_v0.5.a(USBUART_Dp.o)
 .debug_abbrev  0x0000165f      0x1b2 .\CortexM3\ARM_GCC_541\Debug\VGMPlayer_v0.5.a(CyDmac.o)
 .debug_abbrev  0x00001811      0x254 .\CortexM3\ARM_GCC_541\Debug\VGMPlayer_v0.5.a(CyLib.o)
 .debug_abbrev  0x00001a65      0x1ab .\CortexM3\ARM_GCC_541\Debug\VGMPlayer_v0.5.a(cyPm.o)
 .debug_abbrev  0x00001c10       0xcd .\CortexM3\ARM_GCC_541\Debug\VGMPlayer_v0.5.a(USBUART_ep3_dma.o)
 .debug_abbrev  0x00001cdd       0xcd .\CortexM3\ARM_GCC_541\Debug\VGMPlayer_v0.5.a(USBUART_ep2_dma.o)
 .debug_abbrev  0x00001daa       0xcd .\CortexM3\ARM_GCC_541\Debug\VGMPlayer_v0.5.a(USBUART_ep1_dma.o)
 .debug_abbrev  0x00001e77       0x90 .\CortexM3\ARM_GCC_541\Debug\VGMPlayer_v0.5.a(YM_A1.o)
 .debug_abbrev  0x00001f07       0x90 .\CortexM3\ARM_GCC_541\Debug\VGMPlayer_v0.5.a(YM_A0.o)
 .debug_abbrev  0x00001f97       0x90 .\CortexM3\ARM_GCC_541\Debug\VGMPlayer_v0.5.a(YM_RD.o)
 .debug_abbrev  0x00002027       0x90 .\CortexM3\ARM_GCC_541\Debug\VGMPlayer_v0.5.a(YM_WR.o)
 .debug_abbrev  0x000020b7       0x90 .\CortexM3\ARM_GCC_541\Debug\VGMPlayer_v0.5.a(YM_CS.o)
 .debug_abbrev  0x00002147       0x9f .\CortexM3\ARM_GCC_541\Debug\VGMPlayer_v0.5.a(YM_Data.o)
 .debug_abbrev  0x000021e6       0x90 .\CortexM3\ARM_GCC_541\Debug\VGMPlayer_v0.5.a(SN_WE.o)
 .debug_abbrev  0x00002276       0x90 .\CortexM3\ARM_GCC_541\Debug\VGMPlayer_v0.5.a(YM_IC.o)
 .debug_abbrev  0x00002306      0x173 .\CortexM3\ARM_GCC_541\Debug\VGMPlayer_v0.5.a(isr_1.o)
 .debug_abbrev  0x00002479       0x14 .\CortexM3\ARM_GCC_541\Debug\VGMPlayer_v0.5.a(CyBootAsmGnu.o)
 .debug_abbrev  0x0000248d       0xe1 .\CortexM3\ARM_GCC_541\Debug\VGMPlayer_v0.5.a(USBUART_cls.o)
 .debug_abbrev  0x0000256e       0xb4 .\CortexM3\ARM_GCC_541\Debug\VGMPlayer_v0.5.a(USBUART_descr.o)
 .debug_abbrev  0x00002622      0x1a7 .\CortexM3\ARM_GCC_541\Debug\VGMPlayer_v0.5.a(CyFlash.o)
 .debug_abbrev  0x000027c9      0x194 .\CortexM3\ARM_GCC_541\Debug\VGMPlayer_v0.5.a(CySpc.o)

.debug_line     0x00000000     0x3cd6
 *(.debug_line)
 .debug_line    0x00000000      0x1e7 .\CortexM3\ARM_GCC_541\Debug\usb_uart.o
 .debug_line    0x000001e7      0x299 .\CortexM3\ARM_GCC_541\Debug\tty_utils.o
 .debug_line    0x00000480      0x291 .\CortexM3\ARM_GCC_541\Debug\utils.o
 .debug_line    0x00000711      0x23a .\CortexM3\ARM_GCC_541\Debug\func_list.o
 .debug_line    0x0000094b      0x2a3 .\CortexM3\ARM_GCC_541\Debug\main.o
 .debug_line    0x00000bee      0x1de .\CortexM3\ARM_GCC_541\Debug\cyfitter_cfg.o
 .debug_line    0x00000dcc      0x141 .\CortexM3\ARM_GCC_541\Debug\cymetadata.o
 .debug_line    0x00000f0d      0x241 .\CortexM3\ARM_GCC_541\Debug\Cm3Start.o
 .debug_line    0x0000114e      0x37b .\CortexM3\ARM_GCC_541\Debug\VGMPlayer_v0.5.a(USBUART.o)
 .debug_line    0x000014c9      0x2fe .\CortexM3\ARM_GCC_541\Debug\VGMPlayer_v0.5.a(USBUART_cdc.o)
 .debug_line    0x000017c7      0x221 .\CortexM3\ARM_GCC_541\Debug\VGMPlayer_v0.5.a(USBUART_drv.o)
 .debug_line    0x000019e8      0x134 .\CortexM3\ARM_GCC_541\Debug\VGMPlayer_v0.5.a(USBUART_episr.o)
 .debug_line    0x00001b1c      0x10f .\CortexM3\ARM_GCC_541\Debug\VGMPlayer_v0.5.a(USBUART_pm.o)
 .debug_line    0x00001c2b      0x3e3 .\CortexM3\ARM_GCC_541\Debug\VGMPlayer_v0.5.a(USBUART_std.o)
 .debug_line    0x0000200e       0x73 .\CortexM3\ARM_GCC_541\Debug\VGMPlayer_v0.5.a(USBUART_vnd.o)
 .debug_line    0x00002081       0xbb .\CortexM3\ARM_GCC_541\Debug\VGMPlayer_v0.5.a(USBUART_Dp.o)
 .debug_line    0x0000213c      0x2e4 .\CortexM3\ARM_GCC_541\Debug\VGMPlayer_v0.5.a(CyDmac.o)
 .debug_line    0x00002420      0x816 .\CortexM3\ARM_GCC_541\Debug\VGMPlayer_v0.5.a(CyLib.o)
 .debug_line    0x00002c36      0x367 .\CortexM3\ARM_GCC_541\Debug\VGMPlayer_v0.5.a(cyPm.o)
 .debug_line    0x00002f9d       0x88 .\CortexM3\ARM_GCC_541\Debug\VGMPlayer_v0.5.a(USBUART_ep3_dma.o)
 .debug_line    0x00003025       0x88 .\CortexM3\ARM_GCC_541\Debug\VGMPlayer_v0.5.a(USBUART_ep2_dma.o)
 .debug_line    0x000030ad       0x88 .\CortexM3\ARM_GCC_541\Debug\VGMPlayer_v0.5.a(USBUART_ep1_dma.o)
 .debug_line    0x00003135       0x92 .\CortexM3\ARM_GCC_541\Debug\VGMPlayer_v0.5.a(YM_A1.o)
 .debug_line    0x000031c7       0x92 .\CortexM3\ARM_GCC_541\Debug\VGMPlayer_v0.5.a(YM_A0.o)
 .debug_line    0x00003259       0x92 .\CortexM3\ARM_GCC_541\Debug\VGMPlayer_v0.5.a(YM_RD.o)
 .debug_line    0x000032eb       0x92 .\CortexM3\ARM_GCC_541\Debug\VGMPlayer_v0.5.a(YM_WR.o)
 .debug_line    0x0000337d       0x92 .\CortexM3\ARM_GCC_541\Debug\VGMPlayer_v0.5.a(YM_CS.o)
 .debug_line    0x0000340f       0x9b .\CortexM3\ARM_GCC_541\Debug\VGMPlayer_v0.5.a(YM_Data.o)
 .debug_line    0x000034aa       0x92 .\CortexM3\ARM_GCC_541\Debug\VGMPlayer_v0.5.a(SN_WE.o)
 .debug_line    0x0000353c       0x92 .\CortexM3\ARM_GCC_541\Debug\VGMPlayer_v0.5.a(YM_IC.o)
 .debug_line    0x000035ce      0x132 .\CortexM3\ARM_GCC_541\Debug\VGMPlayer_v0.5.a(isr_1.o)
 .debug_line    0x00003700       0x66 .\CortexM3\ARM_GCC_541\Debug\VGMPlayer_v0.5.a(CyBootAsmGnu.o)
 .debug_line    0x00003766       0x95 .\CortexM3\ARM_GCC_541\Debug\VGMPlayer_v0.5.a(USBUART_cls.o)
 .debug_line    0x000037fb       0x61 .\CortexM3\ARM_GCC_541\Debug\VGMPlayer_v0.5.a(USBUART_descr.o)
 .debug_line    0x0000385c      0x21a .\CortexM3\ARM_GCC_541\Debug\VGMPlayer_v0.5.a(CyFlash.o)
 .debug_line    0x00003a76      0x260 .\CortexM3\ARM_GCC_541\Debug\VGMPlayer_v0.5.a(CySpc.o)

.debug_frame    0x00000000     0x2ca0
 *(.debug_frame)
 .debug_frame   0x00000000       0xb8 .\CortexM3\ARM_GCC_541\Debug\usb_uart.o
 .debug_frame   0x000000b8      0x158 .\CortexM3\ARM_GCC_541\Debug\tty_utils.o
 .debug_frame   0x00000210      0x104 .\CortexM3\ARM_GCC_541\Debug\utils.o
 .debug_frame   0x00000314       0x58 .\CortexM3\ARM_GCC_541\Debug\func_list.o
 .debug_frame   0x0000036c      0x104 .\CortexM3\ARM_GCC_541\Debug\main.o
 .debug_frame   0x00000470       0xe4 .\CortexM3\ARM_GCC_541\Debug\cyfitter_cfg.o
 .debug_frame   0x00000554       0xb8 .\CortexM3\ARM_GCC_541\Debug\Cm3Start.o
 .debug_frame   0x0000060c      0x230 .\CortexM3\ARM_GCC_541\Debug\VGMPlayer_v0.5.a(USBUART.o)
 .debug_frame   0x0000083c      0x288 .\CortexM3\ARM_GCC_541\Debug\VGMPlayer_v0.5.a(USBUART_cdc.o)
 .debug_frame   0x00000ac4      0x194 .\CortexM3\ARM_GCC_541\Debug\VGMPlayer_v0.5.a(USBUART_drv.o)
 .debug_frame   0x00000c58       0xac .\CortexM3\ARM_GCC_541\Debug\VGMPlayer_v0.5.a(USBUART_episr.o)
 .debug_frame   0x00000d04       0xa0 .\CortexM3\ARM_GCC_541\Debug\VGMPlayer_v0.5.a(USBUART_pm.o)
 .debug_frame   0x00000da4      0x184 .\CortexM3\ARM_GCC_541\Debug\VGMPlayer_v0.5.a(USBUART_std.o)
 .debug_frame   0x00000f28       0x20 .\CortexM3\ARM_GCC_541\Debug\VGMPlayer_v0.5.a(USBUART_vnd.o)
 .debug_frame   0x00000f48       0x70 .\CortexM3\ARM_GCC_541\Debug\VGMPlayer_v0.5.a(USBUART_Dp.o)
 .debug_frame   0x00000fb8      0x1f8 .\CortexM3\ARM_GCC_541\Debug\VGMPlayer_v0.5.a(CyDmac.o)
 .debug_frame   0x000011b0      0x738 .\CortexM3\ARM_GCC_541\Debug\VGMPlayer_v0.5.a(CyLib.o)
 .debug_frame   0x000018e8      0x1f8 .\CortexM3\ARM_GCC_541\Debug\VGMPlayer_v0.5.a(cyPm.o)
 .debug_frame   0x00001ae0       0x54 .\CortexM3\ARM_GCC_541\Debug\VGMPlayer_v0.5.a(USBUART_ep3_dma.o)
 .debug_frame   0x00001b34       0x54 .\CortexM3\ARM_GCC_541\Debug\VGMPlayer_v0.5.a(USBUART_ep2_dma.o)
 .debug_frame   0x00001b88       0x54 .\CortexM3\ARM_GCC_541\Debug\VGMPlayer_v0.5.a(USBUART_ep1_dma.o)
 .debug_frame   0x00001bdc       0x50 .\CortexM3\ARM_GCC_541\Debug\VGMPlayer_v0.5.a(YM_A1.o)
 .debug_frame   0x00001c2c       0x50 .\CortexM3\ARM_GCC_541\Debug\VGMPlayer_v0.5.a(YM_A0.o)
 .debug_frame   0x00001c7c       0x50 .\CortexM3\ARM_GCC_541\Debug\VGMPlayer_v0.5.a(YM_RD.o)
 .debug_frame   0x00001ccc       0x50 .\CortexM3\ARM_GCC_541\Debug\VGMPlayer_v0.5.a(YM_WR.o)
 .debug_frame   0x00001d1c       0x50 .\CortexM3\ARM_GCC_541\Debug\VGMPlayer_v0.5.a(YM_CS.o)
 .debug_frame   0x00001d6c       0x50 .\CortexM3\ARM_GCC_541\Debug\VGMPlayer_v0.5.a(YM_Data.o)
 .debug_frame   0x00001dbc       0x50 .\CortexM3\ARM_GCC_541\Debug\VGMPlayer_v0.5.a(SN_WE.o)
 .debug_frame   0x00001e0c       0x50 .\CortexM3\ARM_GCC_541\Debug\VGMPlayer_v0.5.a(YM_IC.o)
 .debug_frame   0x00001e5c      0x104 .\CortexM3\ARM_GCC_541\Debug\VGMPlayer_v0.5.a(isr_1.o)
 .debug_frame   0x00001f60       0x2c .\CortexM3\ARM_GCC_541\Debug\VGMPlayer_v0.5.a(USBUART_cls.o)
 .debug_frame   0x00001f8c      0x194 .\CortexM3\ARM_GCC_541\Debug\VGMPlayer_v0.5.a(CyFlash.o)
 .debug_frame   0x00002120      0x180 .\CortexM3\ARM_GCC_541\Debug\VGMPlayer_v0.5.a(CySpc.o)
 .debug_frame   0x000022a0       0x20 c:/program files (x86)/cypress/psoc creator/4.2/psoc creator/import/gnu/arm/5.4.1/bin/../lib/gcc/arm-none-eabi/5.4.1/../../../../arm-none-eabi/lib/armv7-m\libg_nano.a(lib_a-errno.o)
 .debug_frame   0x000022c0       0x28 c:/program files (x86)/cypress/psoc creator/4.2/psoc creator/import/gnu/arm/5.4.1/bin/../lib/gcc/arm-none-eabi/5.4.1/../../../../arm-none-eabi/lib/armv7-m\libg_nano.a(lib_a-exit.o)
 .debug_frame   0x000022e8       0x2c c:/program files (x86)/cypress/psoc creator/4.2/psoc creator/import/gnu/arm/5.4.1/bin/../lib/gcc/arm-none-eabi/5.4.1/../../../../arm-none-eabi/lib/armv7-m\libg_nano.a(lib_a-init.o)
 .debug_frame   0x00002314       0x28 c:/program files (x86)/cypress/psoc creator/4.2/psoc creator/import/gnu/arm/5.4.1/bin/../lib/gcc/arm-none-eabi/5.4.1/../../../../arm-none-eabi/lib/armv7-m\libg_nano.a(lib_a-memcpy-stub.o)
 .debug_frame   0x0000233c       0x20 c:/program files (x86)/cypress/psoc creator/4.2/psoc creator/import/gnu/arm/5.4.1/bin/../lib/gcc/arm-none-eabi/5.4.1/../../../../arm-none-eabi/lib/armv7-m\libg_nano.a(lib_a-memset.o)
 .debug_frame   0x0000235c       0x74 c:/program files (x86)/cypress/psoc creator/4.2/psoc creator/import/gnu/arm/5.4.1/bin/../lib/gcc/arm-none-eabi/5.4.1/../../../../arm-none-eabi/lib/armv7-m\libg_nano.a(lib_a-snprintf.o)
 .debug_frame   0x000023d0       0x80 c:/program files (x86)/cypress/psoc creator/4.2/psoc creator/import/gnu/arm/5.4.1/bin/../lib/gcc/arm-none-eabi/5.4.1/../../../../arm-none-eabi/lib/armv7-m\libg_nano.a(lib_a-sscanf.o)
 .debug_frame   0x00002450       0x88 c:/program files (x86)/cypress/psoc creator/4.2/psoc creator/import/gnu/arm/5.4.1/bin/../lib/gcc/arm-none-eabi/5.4.1/../../../../arm-none-eabi/lib/armv7-m\libg_nano.a(lib_a-stdio.o)
 .debug_frame   0x000024d8       0x20 c:/program files (x86)/cypress/psoc creator/4.2/psoc creator/import/gnu/arm/5.4.1/bin/../lib/gcc/arm-none-eabi/5.4.1/../../../../arm-none-eabi/lib/armv7-m\libg_nano.a(lib_a-strcmp.o)
 .debug_frame   0x000024f8       0x2c c:/program files (x86)/cypress/psoc creator/4.2/psoc creator/import/gnu/arm/5.4.1/bin/../lib/gcc/arm-none-eabi/5.4.1/../../../../arm-none-eabi/lib/armv7-m\libg_nano.a(lib_a-writer.o)
 .debug_frame   0x00002524       0x2c c:/program files (x86)/cypress/psoc creator/4.2/psoc creator/import/gnu/arm/5.4.1/bin/../lib/gcc/arm-none-eabi/5.4.1/../../../../arm-none-eabi/lib/armv7-m\libg_nano.a(lib_a-closer.o)
 .debug_frame   0x00002550       0x2c c:/program files (x86)/cypress/psoc creator/4.2/psoc creator/import/gnu/arm/5.4.1/bin/../lib/gcc/arm-none-eabi/5.4.1/../../../../arm-none-eabi/lib/armv7-m\libg_nano.a(lib_a-lseekr.o)
 .debug_frame   0x0000257c       0x90 c:/program files (x86)/cypress/psoc creator/4.2/psoc creator/import/gnu/arm/5.4.1/bin/../lib/gcc/arm-none-eabi/5.4.1/../../../../arm-none-eabi/lib/armv7-m\libg_nano.a(lib_a-nano-svfprintf.o)
 .debug_frame   0x0000260c       0x74 c:/program files (x86)/cypress/psoc creator/4.2/psoc creator/import/gnu/arm/5.4.1/bin/../lib/gcc/arm-none-eabi/5.4.1/../../../../arm-none-eabi/lib/armv7-m\libg_nano.a(lib_a-nano-svfscanf.o)
 .debug_frame   0x00002680       0x60 c:/program files (x86)/cypress/psoc creator/4.2/psoc creator/import/gnu/arm/5.4.1/bin/../lib/gcc/arm-none-eabi/5.4.1/../../../../arm-none-eabi/lib/armv7-m\libg_nano.a(lib_a-nano-vfprintf_i.o)
 .debug_frame   0x000026e0       0x60 c:/program files (x86)/cypress/psoc creator/4.2/psoc creator/import/gnu/arm/5.4.1/bin/../lib/gcc/arm-none-eabi/5.4.1/../../../../arm-none-eabi/lib/armv7-m\libg_nano.a(lib_a-nano-vfscanf_i.o)
 .debug_frame   0x00002740       0x2c c:/program files (x86)/cypress/psoc creator/4.2/psoc creator/import/gnu/arm/5.4.1/bin/../lib/gcc/arm-none-eabi/5.4.1/../../../../arm-none-eabi/lib/armv7-m\libg_nano.a(lib_a-readr.o)
 .debug_frame   0x0000276c       0x5c c:/program files (x86)/cypress/psoc creator/4.2/psoc creator/import/gnu/arm/5.4.1/bin/../lib/gcc/arm-none-eabi/5.4.1/../../../../arm-none-eabi/lib/armv7-m\libg_nano.a(lib_a-reent.o)
 .debug_frame   0x000027c8       0x2c c:/program files (x86)/cypress/psoc creator/4.2/psoc creator/import/gnu/arm/5.4.1/bin/../lib/gcc/arm-none-eabi/5.4.1/../../../../arm-none-eabi/lib/armv7-m\libg_nano.a(lib_a-sccl.o)
 .debug_frame   0x000027f4       0x44 c:/program files (x86)/cypress/psoc creator/4.2/psoc creator/import/gnu/arm/5.4.1/bin/../lib/gcc/arm-none-eabi/5.4.1/../../../../arm-none-eabi/lib/armv7-m\libg_nano.a(lib_a-strtol.o)
 .debug_frame   0x00002838       0x44 c:/program files (x86)/cypress/psoc creator/4.2/psoc creator/import/gnu/arm/5.4.1/bin/../lib/gcc/arm-none-eabi/5.4.1/../../../../arm-none-eabi/lib/armv7-m\libg_nano.a(lib_a-strtoul.o)
 .debug_frame   0x0000287c       0x60 c:/program files (x86)/cypress/psoc creator/4.2/psoc creator/import/gnu/arm/5.4.1/bin/../lib/gcc/arm-none-eabi/5.4.1/../../../../arm-none-eabi/lib/armv7-m\libg_nano.a(lib_a-ungetc.o)
 .debug_frame   0x000028dc       0x68 c:/program files (x86)/cypress/psoc creator/4.2/psoc creator/import/gnu/arm/5.4.1/bin/../lib/gcc/arm-none-eabi/5.4.1/../../../../arm-none-eabi/lib/armv7-m\libg_nano.a(lib_a-fflush.o)
 .debug_frame   0x00002944      0x11c c:/program files (x86)/cypress/psoc creator/4.2/psoc creator/import/gnu/arm/5.4.1/bin/../lib/gcc/arm-none-eabi/5.4.1/../../../../arm-none-eabi/lib/armv7-m\libg_nano.a(lib_a-findfp.o)
 .debug_frame   0x00002a60       0x54 c:/program files (x86)/cypress/psoc creator/4.2/psoc creator/import/gnu/arm/5.4.1/bin/../lib/gcc/arm-none-eabi/5.4.1/../../../../arm-none-eabi/lib/armv7-m\libg_nano.a(lib_a-fwalk.o)
 .debug_frame   0x00002ab4       0x28 c:/program files (x86)/cypress/psoc creator/4.2/psoc creator/import/gnu/arm/5.4.1/bin/../lib/gcc/arm-none-eabi/5.4.1/../../../../arm-none-eabi/lib/armv7-m\libg_nano.a(lib_a-memchr-stub.o)
 .debug_frame   0x00002adc       0x28 c:/program files (x86)/cypress/psoc creator/4.2/psoc creator/import/gnu/arm/5.4.1/bin/../lib/gcc/arm-none-eabi/5.4.1/../../../../arm-none-eabi/lib/armv7-m\libg_nano.a(lib_a-memmove.o)
 .debug_frame   0x00002b04       0x38 c:/program files (x86)/cypress/psoc creator/4.2/psoc creator/import/gnu/arm/5.4.1/bin/../lib/gcc/arm-none-eabi/5.4.1/../../../../arm-none-eabi/lib/armv7-m\libg_nano.a(lib_a-nano-freer.o)
 .debug_frame   0x00002b3c       0x2c c:/program files (x86)/cypress/psoc creator/4.2/psoc creator/import/gnu/arm/5.4.1/bin/../lib/gcc/arm-none-eabi/5.4.1/../../../../arm-none-eabi/lib/armv7-m\libg_nano.a(lib_a-nano-mallocr.o)
 .debug_frame   0x00002b68       0x3c c:/program files (x86)/cypress/psoc creator/4.2/psoc creator/import/gnu/arm/5.4.1/bin/../lib/gcc/arm-none-eabi/5.4.1/../../../../arm-none-eabi/lib/armv7-m\libg_nano.a(lib_a-nano-reallocr.o)
 .debug_frame   0x00002ba4       0x2c c:/program files (x86)/cypress/psoc creator/4.2/psoc creator/import/gnu/arm/5.4.1/bin/../lib/gcc/arm-none-eabi/5.4.1/../../../../arm-none-eabi/lib/armv7-m\libg_nano.a(lib_a-sbrkr.o)
 .debug_frame   0x00002bd0       0x30 c:/program files (x86)/cypress/psoc creator/4.2/psoc creator/import/gnu/arm/5.4.1/bin/../lib/gcc/arm-none-eabi/5.4.1/../../../../arm-none-eabi/lib/armv7-m\libg_nano.a(lib_a-mlock.o)
 .debug_frame   0x00002c00       0x20 c:/program files (x86)/cypress/psoc creator/4.2/psoc creator/import/gnu/arm/5.4.1/bin/../lib/gcc/arm-none-eabi/5.4.1/../../../../arm-none-eabi/lib/armv7-m\libg_nano.a(lib_a-nano-msizer.o)
 .debug_frame   0x00002c20       0x20 c:/program files (x86)/cypress/psoc creator/4.2/psoc creator/import/gnu/arm/5.4.1/bin/../lib/gcc/arm-none-eabi/5.4.1/../../../../arm-none-eabi/lib/armv7-m\libnosys.a(close.o)
 .debug_frame   0x00002c40       0x20 c:/program files (x86)/cypress/psoc creator/4.2/psoc creator/import/gnu/arm/5.4.1/bin/../lib/gcc/arm-none-eabi/5.4.1/../../../../arm-none-eabi/lib/armv7-m\libnosys.a(lseek.o)
 .debug_frame   0x00002c60       0x20 c:/program files (x86)/cypress/psoc creator/4.2/psoc creator/import/gnu/arm/5.4.1/bin/../lib/gcc/arm-none-eabi/5.4.1/../../../../arm-none-eabi/lib/armv7-m\libnosys.a(read.o)
 .debug_frame   0x00002c80       0x20 c:/program files (x86)/cypress/psoc creator/4.2/psoc creator/import/gnu/arm/5.4.1/bin/../lib/gcc/arm-none-eabi/5.4.1/../../../../arm-none-eabi/lib/armv7-m\libnosys.a(write.o)

.debug_str      0x00000000     0x302a
 *(.debug_str)
 .debug_str     0x00000000      0x2b5 .\CortexM3\ARM_GCC_541\Debug\usb_uart.o
                                0x315 (size before relaxing)
 .debug_str     0x000002b5       0xe0 .\CortexM3\ARM_GCC_541\Debug\tty_utils.o
                                0x2db (size before relaxing)
 .debug_str     0x00000395       0xe3 .\CortexM3\ARM_GCC_541\Debug\utils.o
                                0x2d7 (size before relaxing)
 .debug_str     0x00000478       0x13 .\CortexM3\ARM_GCC_541\Debug\func_list.o
                                0x213 (size before relaxing)
 .debug_str     0x0000048b      0x127 .\CortexM3\ARM_GCC_541\Debug\main.o
                                0x34a (size before relaxing)
 .debug_str     0x000005b2      0x181 .\CortexM3\ARM_GCC_541\Debug\cyfitter_cfg.o
                                0x319 (size before relaxing)
 .debug_str     0x00000733       0x75 .\CortexM3\ARM_GCC_541\Debug\cymetadata.o
                                0x1ee (size before relaxing)
 .debug_str     0x000007a8      0x14f .\CortexM3\ARM_GCC_541\Debug\Cm3Start.o
                                0x324 (size before relaxing)
 .debug_str     0x000008f7      0x555 .\CortexM3\ARM_GCC_541\Debug\VGMPlayer_v0.5.a(USBUART.o)
                                0x77b (size before relaxing)
 .debug_str     0x00000e4c      0x4b2 .\CortexM3\ARM_GCC_541\Debug\VGMPlayer_v0.5.a(USBUART_cdc.o)
                                0x7db (size before relaxing)
 .debug_str     0x000012fe      0x291 .\CortexM3\ARM_GCC_541\Debug\VGMPlayer_v0.5.a(USBUART_drv.o)
                                0x652 (size before relaxing)
 .debug_str     0x0000158f       0xa7 .\CortexM3\ARM_GCC_541\Debug\VGMPlayer_v0.5.a(USBUART_episr.o)
                                0x3bb (size before relaxing)
 .debug_str     0x00001636       0xd2 .\CortexM3\ARM_GCC_541\Debug\VGMPlayer_v0.5.a(USBUART_pm.o)
                                0x30b (size before relaxing)
 .debug_str     0x00001708      0x270 .\CortexM3\ARM_GCC_541\Debug\VGMPlayer_v0.5.a(USBUART_std.o)
                                0x7c1 (size before relaxing)
 .debug_str     0x00001978       0x25 .\CortexM3\ARM_GCC_541\Debug\VGMPlayer_v0.5.a(USBUART_vnd.o)
                                0x1f7 (size before relaxing)
 .debug_str     0x0000199d       0xa4 .\CortexM3\ARM_GCC_541\Debug\VGMPlayer_v0.5.a(USBUART_Dp.o)
                                0x24b (size before relaxing)
 .debug_str     0x00001a41      0x2d1 .\CortexM3\ARM_GCC_541\Debug\VGMPlayer_v0.5.a(CyDmac.o)
                                0x554 (size before relaxing)
 .debug_str     0x00001d12      0x795 .\CortexM3\ARM_GCC_541\Debug\VGMPlayer_v0.5.a(CyLib.o)
                                0xa51 (size before relaxing)
 .debug_str     0x000024a7      0x365 .\CortexM3\ARM_GCC_541\Debug\VGMPlayer_v0.5.a(cyPm.o)
                                0x73d (size before relaxing)
 .debug_str     0x0000280c       0x91 .\CortexM3\ARM_GCC_541\Debug\VGMPlayer_v0.5.a(USBUART_ep3_dma.o)
                                0x28e (size before relaxing)
 .debug_str     0x0000289d       0x56 .\CortexM3\ARM_GCC_541\Debug\VGMPlayer_v0.5.a(USBUART_ep2_dma.o)
                                0x28e (size before relaxing)
 .debug_str     0x000028f3       0x56 .\CortexM3\ARM_GCC_541\Debug\VGMPlayer_v0.5.a(USBUART_ep1_dma.o)
                                0x28e (size before relaxing)
 .debug_str     0x00002949       0x4f .\CortexM3\ARM_GCC_541\Debug\VGMPlayer_v0.5.a(YM_A1.o)
                                0x1ec (size before relaxing)
 .debug_str     0x00002998       0x4f .\CortexM3\ARM_GCC_541\Debug\VGMPlayer_v0.5.a(YM_A0.o)
                                0x1ec (size before relaxing)
 .debug_str     0x000029e7       0x4f .\CortexM3\ARM_GCC_541\Debug\VGMPlayer_v0.5.a(YM_RD.o)
                                0x1ec (size before relaxing)
 .debug_str     0x00002a36       0x4f .\CortexM3\ARM_GCC_541\Debug\VGMPlayer_v0.5.a(YM_WR.o)
                                0x1ec (size before relaxing)
 .debug_str     0x00002a85       0x4f .\CortexM3\ARM_GCC_541\Debug\VGMPlayer_v0.5.a(YM_CS.o)
                                0x1ec (size before relaxing)
 .debug_str     0x00002ad4       0x57 .\CortexM3\ARM_GCC_541\Debug\VGMPlayer_v0.5.a(YM_Data.o)
                                0x1f6 (size before relaxing)
 .debug_str     0x00002b2b       0x4f .\CortexM3\ARM_GCC_541\Debug\VGMPlayer_v0.5.a(SN_WE.o)
                                0x1ec (size before relaxing)
 .debug_str     0x00002b7a       0x4f .\CortexM3\ARM_GCC_541\Debug\VGMPlayer_v0.5.a(YM_IC.o)
                                0x1ec (size before relaxing)
 .debug_str     0x00002bc9       0xd8 .\CortexM3\ARM_GCC_541\Debug\VGMPlayer_v0.5.a(isr_1.o)
                                0x2b0 (size before relaxing)
 .debug_str     0x00002ca1       0x25 .\CortexM3\ARM_GCC_541\Debug\VGMPlayer_v0.5.a(USBUART_cls.o)
                                0x2b6 (size before relaxing)
 .debug_str     0x00002cc6      0x104 .\CortexM3\ARM_GCC_541\Debug\VGMPlayer_v0.5.a(USBUART_descr.o)
                                0x363 (size before relaxing)
 .debug_str     0x00002dca      0x1b4 .\CortexM3\ARM_GCC_541\Debug\VGMPlayer_v0.5.a(CyFlash.o)
                                0x3ca (size before relaxing)
 .debug_str     0x00002f7e       0xac .\CortexM3\ARM_GCC_541\Debug\VGMPlayer_v0.5.a(CySpc.o)
                                0x342 (size before relaxing)

.debug_loc      0x00000000     0x43c9
 *(.debug_loc)
 .debug_loc     0x00000000       0x3f .\CortexM3\ARM_GCC_541\Debug\usb_uart.o
 .debug_loc     0x0000003f      0x202 .\CortexM3\ARM_GCC_541\Debug\tty_utils.o
 .debug_loc     0x00000241       0x1e .\CortexM3\ARM_GCC_541\Debug\utils.o
 .debug_loc     0x0000025f       0xed .\CortexM3\ARM_GCC_541\Debug\func_list.o
 .debug_loc     0x0000034c       0xa5 .\CortexM3\ARM_GCC_541\Debug\main.o
 .debug_loc     0x000003f1      0x1d7 .\CortexM3\ARM_GCC_541\Debug\cyfitter_cfg.o
 .debug_loc     0x000005c8      0x144 .\CortexM3\ARM_GCC_541\Debug\Cm3Start.o
 .debug_loc     0x0000070c      0x52e .\CortexM3\ARM_GCC_541\Debug\VGMPlayer_v0.5.a(USBUART.o)
 .debug_loc     0x00000c3a      0x56a .\CortexM3\ARM_GCC_541\Debug\VGMPlayer_v0.5.a(USBUART_cdc.o)
 .debug_loc     0x000011a4      0x171 .\CortexM3\ARM_GCC_541\Debug\VGMPlayer_v0.5.a(USBUART_drv.o)
 .debug_loc     0x00001315       0x50 .\CortexM3\ARM_GCC_541\Debug\VGMPlayer_v0.5.a(USBUART_episr.o)
 .debug_loc     0x00001365       0x26 .\CortexM3\ARM_GCC_541\Debug\VGMPlayer_v0.5.a(USBUART_pm.o)
 .debug_loc     0x0000138b      0x945 .\CortexM3\ARM_GCC_541\Debug\VGMPlayer_v0.5.a(USBUART_std.o)
 .debug_loc     0x00001cd0       0x84 .\CortexM3\ARM_GCC_541\Debug\VGMPlayer_v0.5.a(USBUART_Dp.o)
 .debug_loc     0x00001d54      0xb8e .\CortexM3\ARM_GCC_541\Debug\VGMPlayer_v0.5.a(CyDmac.o)
 .debug_loc     0x000028e2      0xa11 .\CortexM3\ARM_GCC_541\Debug\VGMPlayer_v0.5.a(CyLib.o)
 .debug_loc     0x000032f3      0x1e4 .\CortexM3\ARM_GCC_541\Debug\VGMPlayer_v0.5.a(cyPm.o)
 .debug_loc     0x000034d7       0x84 .\CortexM3\ARM_GCC_541\Debug\VGMPlayer_v0.5.a(USBUART_ep3_dma.o)
 .debug_loc     0x0000355b       0x84 .\CortexM3\ARM_GCC_541\Debug\VGMPlayer_v0.5.a(USBUART_ep2_dma.o)
 .debug_loc     0x000035df       0x84 .\CortexM3\ARM_GCC_541\Debug\VGMPlayer_v0.5.a(USBUART_ep1_dma.o)
 .debug_loc     0x00003663       0x42 .\CortexM3\ARM_GCC_541\Debug\VGMPlayer_v0.5.a(YM_A1.o)
 .debug_loc     0x000036a5       0x42 .\CortexM3\ARM_GCC_541\Debug\VGMPlayer_v0.5.a(YM_A0.o)
 .debug_loc     0x000036e7       0x42 .\CortexM3\ARM_GCC_541\Debug\VGMPlayer_v0.5.a(YM_RD.o)
 .debug_loc     0x00003729       0x42 .\CortexM3\ARM_GCC_541\Debug\VGMPlayer_v0.5.a(YM_WR.o)
 .debug_loc     0x0000376b       0x42 .\CortexM3\ARM_GCC_541\Debug\VGMPlayer_v0.5.a(YM_CS.o)
 .debug_loc     0x000037ad       0x21 .\CortexM3\ARM_GCC_541\Debug\VGMPlayer_v0.5.a(YM_Data.o)
 .debug_loc     0x000037ce       0x42 .\CortexM3\ARM_GCC_541\Debug\VGMPlayer_v0.5.a(SN_WE.o)
 .debug_loc     0x00003810       0x42 .\CortexM3\ARM_GCC_541\Debug\VGMPlayer_v0.5.a(YM_IC.o)
 .debug_loc     0x00003852       0x56 .\CortexM3\ARM_GCC_541\Debug\VGMPlayer_v0.5.a(isr_1.o)
 .debug_loc     0x000038a8       0x6a .\CortexM3\ARM_GCC_541\Debug\VGMPlayer_v0.5.a(USBUART_cls.o)
 .debug_loc     0x00003912      0x3b2 .\CortexM3\ARM_GCC_541\Debug\VGMPlayer_v0.5.a(CyFlash.o)
 .debug_loc     0x00003cc4      0x705 .\CortexM3\ARM_GCC_541\Debug\VGMPlayer_v0.5.a(CySpc.o)

.debug_macinfo
 *(.debug_macinfo)

.debug_ranges   0x00000000      0xbf0
 *(.debug_ranges)
 .debug_ranges  0x00000000       0x38 .\CortexM3\ARM_GCC_541\Debug\usb_uart.o
 .debug_ranges  0x00000038       0x68 .\CortexM3\ARM_GCC_541\Debug\tty_utils.o
 .debug_ranges  0x000000a0       0x50 .\CortexM3\ARM_GCC_541\Debug\utils.o
 .debug_ranges  0x000000f0       0x18 .\CortexM3\ARM_GCC_541\Debug\func_list.o
 .debug_ranges  0x00000108       0x50 .\CortexM3\ARM_GCC_541\Debug\main.o
 .debug_ranges  0x00000158       0x48 .\CortexM3\ARM_GCC_541\Debug\cyfitter_cfg.o
 .debug_ranges  0x000001a0       0x38 .\CortexM3\ARM_GCC_541\Debug\Cm3Start.o
 .debug_ranges  0x000001d8       0xc8 .\CortexM3\ARM_GCC_541\Debug\VGMPlayer_v0.5.a(USBUART.o)
 .debug_ranges  0x000002a0       0xd8 .\CortexM3\ARM_GCC_541\Debug\VGMPlayer_v0.5.a(USBUART_cdc.o)
 .debug_ranges  0x00000378       0x88 .\CortexM3\ARM_GCC_541\Debug\VGMPlayer_v0.5.a(USBUART_drv.o)
 .debug_ranges  0x00000400       0x38 .\CortexM3\ARM_GCC_541\Debug\VGMPlayer_v0.5.a(USBUART_episr.o)
 .debug_ranges  0x00000438       0x30 .\CortexM3\ARM_GCC_541\Debug\VGMPlayer_v0.5.a(USBUART_pm.o)
 .debug_ranges  0x00000468       0x70 .\CortexM3\ARM_GCC_541\Debug\VGMPlayer_v0.5.a(USBUART_std.o)
 .debug_ranges  0x000004d8       0x10 .\CortexM3\ARM_GCC_541\Debug\VGMPlayer_v0.5.a(USBUART_vnd.o)
 .debug_ranges  0x000004e8       0x38 .\CortexM3\ARM_GCC_541\Debug\VGMPlayer_v0.5.a(USBUART_Dp.o)
 .debug_ranges  0x00000520       0xc8 .\CortexM3\ARM_GCC_541\Debug\VGMPlayer_v0.5.a(CyDmac.o)
 .debug_ranges  0x000005e8      0x290 .\CortexM3\ARM_GCC_541\Debug\VGMPlayer_v0.5.a(CyLib.o)
 .debug_ranges  0x00000878       0x88 .\CortexM3\ARM_GCC_541\Debug\VGMPlayer_v0.5.a(cyPm.o)
 .debug_ranges  0x00000900       0x18 .\CortexM3\ARM_GCC_541\Debug\VGMPlayer_v0.5.a(USBUART_ep3_dma.o)
 .debug_ranges  0x00000918       0x18 .\CortexM3\ARM_GCC_541\Debug\VGMPlayer_v0.5.a(USBUART_ep2_dma.o)
 .debug_ranges  0x00000930       0x18 .\CortexM3\ARM_GCC_541\Debug\VGMPlayer_v0.5.a(USBUART_ep1_dma.o)
 .debug_ranges  0x00000948       0x28 .\CortexM3\ARM_GCC_541\Debug\VGMPlayer_v0.5.a(YM_A1.o)
 .debug_ranges  0x00000970       0x28 .\CortexM3\ARM_GCC_541\Debug\VGMPlayer_v0.5.a(YM_A0.o)
 .debug_ranges  0x00000998       0x28 .\CortexM3\ARM_GCC_541\Debug\VGMPlayer_v0.5.a(YM_RD.o)
 .debug_ranges  0x000009c0       0x28 .\CortexM3\ARM_GCC_541\Debug\VGMPlayer_v0.5.a(YM_WR.o)
 .debug_ranges  0x000009e8       0x28 .\CortexM3\ARM_GCC_541\Debug\VGMPlayer_v0.5.a(YM_CS.o)
 .debug_ranges  0x00000a10       0x28 .\CortexM3\ARM_GCC_541\Debug\VGMPlayer_v0.5.a(YM_Data.o)
 .debug_ranges  0x00000a38       0x28 .\CortexM3\ARM_GCC_541\Debug\VGMPlayer_v0.5.a(SN_WE.o)
 .debug_ranges  0x00000a60       0x28 .\CortexM3\ARM_GCC_541\Debug\VGMPlayer_v0.5.a(YM_IC.o)
 .debug_ranges  0x00000a88       0x70 .\CortexM3\ARM_GCC_541\Debug\VGMPlayer_v0.5.a(isr_1.o)
 .debug_ranges  0x00000af8       0x10 .\CortexM3\ARM_GCC_541\Debug\VGMPlayer_v0.5.a(USBUART_cls.o)
 .debug_ranges  0x00000b08       0x78 .\CortexM3\ARM_GCC_541\Debug\VGMPlayer_v0.5.a(CyFlash.o)
 .debug_ranges  0x00000b80       0x70 .\CortexM3\ARM_GCC_541\Debug\VGMPlayer_v0.5.a(CySpc.o)

.comment        0x00000000       0x6e
 .comment       0x00000000       0x6e .\CortexM3\ARM_GCC_541\Debug\usb_uart.o
                                 0x6f (size before relaxing)
 .comment       0x0000006e       0x6f .\CortexM3\ARM_GCC_541\Debug\tty_utils.o
 .comment       0x0000006e       0x6f .\CortexM3\ARM_GCC_541\Debug\utils.o
 .comment       0x0000006e       0x6f .\CortexM3\ARM_GCC_541\Debug\func_list.o
 .comment       0x0000006e       0x6f .\CortexM3\ARM_GCC_541\Debug\main.o
 .comment       0x0000006e       0x6f .\CortexM3\ARM_GCC_541\Debug\cyfitter_cfg.o
 .comment       0x0000006e       0x6f .\CortexM3\ARM_GCC_541\Debug\cymetadata.o
 .comment       0x0000006e       0x6f .\CortexM3\ARM_GCC_541\Debug\Cm3Start.o
 .comment       0x0000006e       0x6f .\CortexM3\ARM_GCC_541\Debug\VGMPlayer_v0.5.a(USBUART.o)
 .comment       0x0000006e       0x6f .\CortexM3\ARM_GCC_541\Debug\VGMPlayer_v0.5.a(USBUART_cdc.o)
 .comment       0x0000006e       0x6f .\CortexM3\ARM_GCC_541\Debug\VGMPlayer_v0.5.a(USBUART_drv.o)
 .comment       0x0000006e       0x6f .\CortexM3\ARM_GCC_541\Debug\VGMPlayer_v0.5.a(USBUART_episr.o)
 .comment       0x0000006e       0x6f .\CortexM3\ARM_GCC_541\Debug\VGMPlayer_v0.5.a(USBUART_pm.o)
 .comment       0x0000006e       0x6f .\CortexM3\ARM_GCC_541\Debug\VGMPlayer_v0.5.a(USBUART_std.o)
 .comment       0x0000006e       0x6f .\CortexM3\ARM_GCC_541\Debug\VGMPlayer_v0.5.a(USBUART_vnd.o)
 .comment       0x0000006e       0x6f .\CortexM3\ARM_GCC_541\Debug\VGMPlayer_v0.5.a(USBUART_Dp.o)
 .comment       0x0000006e       0x6f .\CortexM3\ARM_GCC_541\Debug\VGMPlayer_v0.5.a(CyDmac.o)
 .comment       0x0000006e       0x6f .\CortexM3\ARM_GCC_541\Debug\VGMPlayer_v0.5.a(CyLib.o)
 .comment       0x0000006e       0x6f .\CortexM3\ARM_GCC_541\Debug\VGMPlayer_v0.5.a(cyPm.o)
 .comment       0x0000006e       0x6f .\CortexM3\ARM_GCC_541\Debug\VGMPlayer_v0.5.a(USBUART_ep3_dma.o)
 .comment       0x0000006e       0x6f .\CortexM3\ARM_GCC_541\Debug\VGMPlayer_v0.5.a(USBUART_ep2_dma.o)
 .comment       0x0000006e       0x6f .\CortexM3\ARM_GCC_541\Debug\VGMPlayer_v0.5.a(USBUART_ep1_dma.o)
 .comment       0x0000006e       0x6f .\CortexM3\ARM_GCC_541\Debug\VGMPlayer_v0.5.a(YM_A1.o)
 .comment       0x0000006e       0x6f .\CortexM3\ARM_GCC_541\Debug\VGMPlayer_v0.5.a(YM_A0.o)
 .comment       0x0000006e       0x6f .\CortexM3\ARM_GCC_541\Debug\VGMPlayer_v0.5.a(YM_RD.o)
 .comment       0x0000006e       0x6f .\CortexM3\ARM_GCC_541\Debug\VGMPlayer_v0.5.a(YM_WR.o)
 .comment       0x0000006e       0x6f .\CortexM3\ARM_GCC_541\Debug\VGMPlayer_v0.5.a(YM_CS.o)
 .comment       0x0000006e       0x6f .\CortexM3\ARM_GCC_541\Debug\VGMPlayer_v0.5.a(YM_Data.o)
 .comment       0x0000006e       0x6f .\CortexM3\ARM_GCC_541\Debug\VGMPlayer_v0.5.a(SN_WE.o)
 .comment       0x0000006e       0x6f .\CortexM3\ARM_GCC_541\Debug\VGMPlayer_v0.5.a(YM_IC.o)
 .comment       0x0000006e       0x6f .\CortexM3\ARM_GCC_541\Debug\VGMPlayer_v0.5.a(isr_1.o)
 .comment       0x0000006e       0x6f .\CortexM3\ARM_GCC_541\Debug\VGMPlayer_v0.5.a(USBUART_cls.o)
 .comment       0x0000006e       0x6f .\CortexM3\ARM_GCC_541\Debug\VGMPlayer_v0.5.a(USBUART_descr.o)
 .comment       0x0000006e       0x6f .\CortexM3\ARM_GCC_541\Debug\VGMPlayer_v0.5.a(CyFlash.o)
 .comment       0x0000006e       0x6f .\CortexM3\ARM_GCC_541\Debug\VGMPlayer_v0.5.a(CySpc.o)

.debug_weaknames
 *(.debug_weaknames)

.debug_funcnames
 *(.debug_funcnames)

.debug_typenames
 *(.debug_typenames)

.debug_varnames
 *(.debug_varnames)

.note.gnu.arm.ident
 *(.note.gnu.arm.ident)

.ARM.attributes
                0x00000000       0x29
 *(.ARM.attributes)
 .ARM.attributes
                0x00000000       0x1d c:/program files (x86)/cypress/psoc creator/4.2/psoc creator/import/gnu/arm/5.4.1/bin/../lib/gcc/arm-none-eabi/5.4.1/armv7-m/crti.o
 .ARM.attributes
                0x0000001d       0x2d c:/program files (x86)/cypress/psoc creator/4.2/psoc creator/import/gnu/arm/5.4.1/bin/../lib/gcc/arm-none-eabi/5.4.1/armv7-m/crtbegin.o
 .ARM.attributes
                0x0000004a       0x1b c:/program files (x86)/cypress/psoc creator/4.2/psoc creator/import/gnu/arm/5.4.1/bin/../lib/gcc/arm-none-eabi/5.4.1/../../../../arm-none-eabi/lib/armv7-m/crt0.o
 .ARM.attributes
                0x00000065       0x33 .\CortexM3\ARM_GCC_541\Debug\usb_uart.o
 .ARM.attributes
                0x00000098       0x33 .\CortexM3\ARM_GCC_541\Debug\tty_utils.o
 .ARM.attributes
                0x000000cb       0x33 .\CortexM3\ARM_GCC_541\Debug\utils.o
 .ARM.attributes
                0x000000fe       0x33 .\CortexM3\ARM_GCC_541\Debug\func_list.o
 .ARM.attributes
                0x00000131       0x33 .\CortexM3\ARM_GCC_541\Debug\main.o
 .ARM.attributes
                0x00000164       0x33 .\CortexM3\ARM_GCC_541\Debug\cyfitter_cfg.o
 .ARM.attributes
                0x00000197       0x33 .\CortexM3\ARM_GCC_541\Debug\cymetadata.o
 .ARM.attributes
                0x000001ca       0x33 .\CortexM3\ARM_GCC_541\Debug\Cm3Start.o
 .ARM.attributes
                0x000001fd       0x33 .\CortexM3\ARM_GCC_541\Debug\VGMPlayer_v0.5.a(USBUART.o)
 .ARM.attributes
                0x00000230       0x33 .\CortexM3\ARM_GCC_541\Debug\VGMPlayer_v0.5.a(USBUART_cdc.o)
 .ARM.attributes
                0x00000263       0x33 .\CortexM3\ARM_GCC_541\Debug\VGMPlayer_v0.5.a(USBUART_drv.o)
 .ARM.attributes
                0x00000296       0x33 .\CortexM3\ARM_GCC_541\Debug\VGMPlayer_v0.5.a(USBUART_episr.o)
 .ARM.attributes
                0x000002c9       0x33 .\CortexM3\ARM_GCC_541\Debug\VGMPlayer_v0.5.a(USBUART_pm.o)
 .ARM.attributes
                0x000002fc       0x33 .\CortexM3\ARM_GCC_541\Debug\VGMPlayer_v0.5.a(USBUART_std.o)
 .ARM.attributes
                0x0000032f       0x33 .\CortexM3\ARM_GCC_541\Debug\VGMPlayer_v0.5.a(USBUART_vnd.o)
 .ARM.attributes
                0x00000362       0x33 .\CortexM3\ARM_GCC_541\Debug\VGMPlayer_v0.5.a(USBUART_Dp.o)
 .ARM.attributes
                0x00000395       0x33 .\CortexM3\ARM_GCC_541\Debug\VGMPlayer_v0.5.a(CyDmac.o)
 .ARM.attributes
                0x000003c8       0x33 .\CortexM3\ARM_GCC_541\Debug\VGMPlayer_v0.5.a(CyLib.o)
 .ARM.attributes
                0x000003fb       0x33 .\CortexM3\ARM_GCC_541\Debug\VGMPlayer_v0.5.a(cyPm.o)
 .ARM.attributes
                0x0000042e       0x33 .\CortexM3\ARM_GCC_541\Debug\VGMPlayer_v0.5.a(USBUART_ep3_dma.o)
 .ARM.attributes
                0x00000461       0x33 .\CortexM3\ARM_GCC_541\Debug\VGMPlayer_v0.5.a(USBUART_ep2_dma.o)
 .ARM.attributes
                0x00000494       0x33 .\CortexM3\ARM_GCC_541\Debug\VGMPlayer_v0.5.a(USBUART_ep1_dma.o)
 .ARM.attributes
                0x000004c7       0x33 .\CortexM3\ARM_GCC_541\Debug\VGMPlayer_v0.5.a(YM_A1.o)
 .ARM.attributes
                0x000004fa       0x33 .\CortexM3\ARM_GCC_541\Debug\VGMPlayer_v0.5.a(YM_A0.o)
 .ARM.attributes
                0x0000052d       0x33 .\CortexM3\ARM_GCC_541\Debug\VGMPlayer_v0.5.a(YM_RD.o)
 .ARM.attributes
                0x00000560       0x33 .\CortexM3\ARM_GCC_541\Debug\VGMPlayer_v0.5.a(YM_WR.o)
 .ARM.attributes
                0x00000593       0x33 .\CortexM3\ARM_GCC_541\Debug\VGMPlayer_v0.5.a(YM_CS.o)
 .ARM.attributes
                0x000005c6       0x33 .\CortexM3\ARM_GCC_541\Debug\VGMPlayer_v0.5.a(YM_Data.o)
 .ARM.attributes
                0x000005f9       0x33 .\CortexM3\ARM_GCC_541\Debug\VGMPlayer_v0.5.a(SN_WE.o)
 .ARM.attributes
                0x0000062c       0x33 .\CortexM3\ARM_GCC_541\Debug\VGMPlayer_v0.5.a(YM_IC.o)
 .ARM.attributes
                0x0000065f       0x33 .\CortexM3\ARM_GCC_541\Debug\VGMPlayer_v0.5.a(isr_1.o)
 .ARM.attributes
                0x00000692       0x21 .\CortexM3\ARM_GCC_541\Debug\VGMPlayer_v0.5.a(CyBootAsmGnu.o)
 .ARM.attributes
                0x000006b3       0x33 .\CortexM3\ARM_GCC_541\Debug\VGMPlayer_v0.5.a(USBUART_cls.o)
 .ARM.attributes
                0x000006e6       0x33 .\CortexM3\ARM_GCC_541\Debug\VGMPlayer_v0.5.a(USBUART_descr.o)
 .ARM.attributes
                0x00000719       0x33 .\CortexM3\ARM_GCC_541\Debug\VGMPlayer_v0.5.a(CyFlash.o)
 .ARM.attributes
                0x0000074c       0x33 .\CortexM3\ARM_GCC_541\Debug\VGMPlayer_v0.5.a(CySpc.o)
 .ARM.attributes
                0x0000077f       0x2d c:/program files (x86)/cypress/psoc creator/4.2/psoc creator/import/gnu/arm/5.4.1/bin/../lib/gcc/arm-none-eabi/5.4.1/../../../../arm-none-eabi/lib/armv7-m\libg_nano.a(lib_a-errno.o)
 .ARM.attributes
                0x000007ac       0x2d c:/program files (x86)/cypress/psoc creator/4.2/psoc creator/import/gnu/arm/5.4.1/bin/../lib/gcc/arm-none-eabi/5.4.1/../../../../arm-none-eabi/lib/armv7-m\libg_nano.a(lib_a-exit.o)
 .ARM.attributes
                0x000007d9       0x2d c:/program files (x86)/cypress/psoc creator/4.2/psoc creator/import/gnu/arm/5.4.1/bin/../lib/gcc/arm-none-eabi/5.4.1/../../../../arm-none-eabi/lib/armv7-m\libg_nano.a(lib_a-impure.o)
 .ARM.attributes
                0x00000806       0x2d c:/program files (x86)/cypress/psoc creator/4.2/psoc creator/import/gnu/arm/5.4.1/bin/../lib/gcc/arm-none-eabi/5.4.1/../../../../arm-none-eabi/lib/armv7-m\libg_nano.a(lib_a-init.o)
 .ARM.attributes
                0x00000833       0x2d c:/program files (x86)/cypress/psoc creator/4.2/psoc creator/import/gnu/arm/5.4.1/bin/../lib/gcc/arm-none-eabi/5.4.1/../../../../arm-none-eabi/lib/armv7-m\libg_nano.a(lib_a-memcpy-stub.o)
 .ARM.attributes
                0x00000860       0x2d c:/program files (x86)/cypress/psoc creator/4.2/psoc creator/import/gnu/arm/5.4.1/bin/../lib/gcc/arm-none-eabi/5.4.1/../../../../arm-none-eabi/lib/armv7-m\libg_nano.a(lib_a-memset.o)
 .ARM.attributes
                0x0000088d       0x2d c:/program files (x86)/cypress/psoc creator/4.2/psoc creator/import/gnu/arm/5.4.1/bin/../lib/gcc/arm-none-eabi/5.4.1/../../../../arm-none-eabi/lib/armv7-m\libg_nano.a(lib_a-snprintf.o)
 .ARM.attributes
                0x000008ba       0x2d c:/program files (x86)/cypress/psoc creator/4.2/psoc creator/import/gnu/arm/5.4.1/bin/../lib/gcc/arm-none-eabi/5.4.1/../../../../arm-none-eabi/lib/armv7-m\libg_nano.a(lib_a-sscanf.o)
 .ARM.attributes
                0x000008e7       0x2d c:/program files (x86)/cypress/psoc creator/4.2/psoc creator/import/gnu/arm/5.4.1/bin/../lib/gcc/arm-none-eabi/5.4.1/../../../../arm-none-eabi/lib/armv7-m\libg_nano.a(lib_a-stdio.o)
 .ARM.attributes
                0x00000914       0x1b c:/program files (x86)/cypress/psoc creator/4.2/psoc creator/import/gnu/arm/5.4.1/bin/../lib/gcc/arm-none-eabi/5.4.1/../../../../arm-none-eabi/lib/armv7-m\libg_nano.a(lib_a-strcmp.o)
 .ARM.attributes
                0x0000092f       0x17 c:/program files (x86)/cypress/psoc creator/4.2/psoc creator/import/gnu/arm/5.4.1/bin/../lib/gcc/arm-none-eabi/5.4.1/../../../../arm-none-eabi/lib/armv7-m\libg_nano.a(lib_a-strlen.o)
 .ARM.attributes
                0x00000946       0x2d c:/program files (x86)/cypress/psoc creator/4.2/psoc creator/import/gnu/arm/5.4.1/bin/../lib/gcc/arm-none-eabi/5.4.1/../../../../arm-none-eabi/lib/armv7-m\libg_nano.a(lib_a-writer.o)
 .ARM.attributes
                0x00000973       0x2d c:/program files (x86)/cypress/psoc creator/4.2/psoc creator/import/gnu/arm/5.4.1/bin/../lib/gcc/arm-none-eabi/5.4.1/../../../../arm-none-eabi/lib/armv7-m\libg_nano.a(lib_a-closer.o)
 .ARM.attributes
                0x000009a0       0x2d c:/program files (x86)/cypress/psoc creator/4.2/psoc creator/import/gnu/arm/5.4.1/bin/../lib/gcc/arm-none-eabi/5.4.1/../../../../arm-none-eabi/lib/armv7-m\libg_nano.a(lib_a-lseekr.o)
 .ARM.attributes
                0x000009cd       0x2d c:/program files (x86)/cypress/psoc creator/4.2/psoc creator/import/gnu/arm/5.4.1/bin/../lib/gcc/arm-none-eabi/5.4.1/../../../../arm-none-eabi/lib/armv7-m\libg_nano.a(lib_a-nano-svfprintf.o)
 .ARM.attributes
                0x000009fa       0x2d c:/program files (x86)/cypress/psoc creator/4.2/psoc creator/import/gnu/arm/5.4.1/bin/../lib/gcc/arm-none-eabi/5.4.1/../../../../arm-none-eabi/lib/armv7-m\libg_nano.a(lib_a-nano-svfscanf.o)
 .ARM.attributes
                0x00000a27       0x2d c:/program files (x86)/cypress/psoc creator/4.2/psoc creator/import/gnu/arm/5.4.1/bin/../lib/gcc/arm-none-eabi/5.4.1/../../../../arm-none-eabi/lib/armv7-m\libg_nano.a(lib_a-nano-vfprintf_i.o)
 .ARM.attributes
                0x00000a54       0x2d c:/program files (x86)/cypress/psoc creator/4.2/psoc creator/import/gnu/arm/5.4.1/bin/../lib/gcc/arm-none-eabi/5.4.1/../../../../arm-none-eabi/lib/armv7-m\libg_nano.a(lib_a-nano-vfscanf_i.o)
 .ARM.attributes
                0x00000a81       0x2d c:/program files (x86)/cypress/psoc creator/4.2/psoc creator/import/gnu/arm/5.4.1/bin/../lib/gcc/arm-none-eabi/5.4.1/../../../../arm-none-eabi/lib/armv7-m\libg_nano.a(lib_a-readr.o)
 .ARM.attributes