Archive member included to satisfy reference by file (symbol)

.\CortexM3\ARM_GCC_541\Debug\VGMPlayer_v0.6.a(USBUART.o)
                              .\CortexM3\ARM_GCC_541\Debug\usb_uart.o (USBUART_Start)
.\CortexM3\ARM_GCC_541\Debug\VGMPlayer_v0.6.a(USBUART_cdc.o)
                              .\CortexM3\ARM_GCC_541\Debug\usb_uart.o (USBUART_CDC_Init)
.\CortexM3\ARM_GCC_541\Debug\VGMPlayer_v0.6.a(USBUART_drv.o)
                              .\CortexM3\ARM_GCC_541\Debug\VGMPlayer_v0.6.a(USBUART.o) (USBUART_EP)
.\CortexM3\ARM_GCC_541\Debug\VGMPlayer_v0.6.a(USBUART_episr.o)
                              .\CortexM3\ARM_GCC_541\Debug\VGMPlayer_v0.6.a(USBUART.o) (USBUART_EP_1_ISR)
.\CortexM3\ARM_GCC_541\Debug\VGMPlayer_v0.6.a(USBUART_pm.o)
                              .\CortexM3\ARM_GCC_541\Debug\VGMPlayer_v0.6.a(USBUART.o) (USBUART_DP_ISR)
.\CortexM3\ARM_GCC_541\Debug\VGMPlayer_v0.6.a(USBUART_std.o)
                              .\CortexM3\ARM_GCC_541\Debug\VGMPlayer_v0.6.a(USBUART_drv.o) (USBUART_HandleStandardRqst)
.\CortexM3\ARM_GCC_541\Debug\VGMPlayer_v0.6.a(USBUART_vnd.o)
                              .\CortexM3\ARM_GCC_541\Debug\VGMPlayer_v0.6.a(USBUART_drv.o) (USBUART_HandleVendorRqst)
.\CortexM3\ARM_GCC_541\Debug\VGMPlayer_v0.6.a(USBUART_Dp.o)
                              .\CortexM3\ARM_GCC_541\Debug\VGMPlayer_v0.6.a(USBUART.o) (USBUART_Dp_ClearInterrupt)
.\CortexM3\ARM_GCC_541\Debug\VGMPlayer_v0.6.a(CyDmac.o)
                              .\CortexM3\ARM_GCC_541\Debug\Cm3Start.o (CyDmacConfigure)
.\CortexM3\ARM_GCC_541\Debug\VGMPlayer_v0.6.a(CyLib.o)
                              .\CortexM3\ARM_GCC_541\Debug\Cm3Start.o (CyResetStatus)
.\CortexM3\ARM_GCC_541\Debug\VGMPlayer_v0.6.a(cyPm.o)
                              .\CortexM3\ARM_GCC_541\Debug\VGMPlayer_v0.6.a(CyLib.o) (CyPmReadStatus)
.\CortexM3\ARM_GCC_541\Debug\VGMPlayer_v0.6.a(USBUART_ep3_dma.o)
                              .\CortexM3\ARM_GCC_541\Debug\VGMPlayer_v0.6.a(USBUART.o) (USBUART_ep3_DmaInitialize)
.\CortexM3\ARM_GCC_541\Debug\VGMPlayer_v0.6.a(USBUART_ep2_dma.o)
                              .\CortexM3\ARM_GCC_541\Debug\VGMPlayer_v0.6.a(USBUART.o) (USBUART_ep2_DmaInitialize)
.\CortexM3\ARM_GCC_541\Debug\VGMPlayer_v0.6.a(USBUART_ep1_dma.o)
                              .\CortexM3\ARM_GCC_541\Debug\VGMPlayer_v0.6.a(USBUART.o) (USBUART_ep1_DmaInitialize)
.\CortexM3\ARM_GCC_541\Debug\VGMPlayer_v0.6.a(YM_A1.o)
                              .\CortexM3\ARM_GCC_541\Debug\main.o (YM_A1_Write)
.\CortexM3\ARM_GCC_541\Debug\VGMPlayer_v0.6.a(YM_A0.o)
                              .\CortexM3\ARM_GCC_541\Debug\main.o (YM_A0_Write)
.\CortexM3\ARM_GCC_541\Debug\VGMPlayer_v0.6.a(YM_RD.o)
                              .\CortexM3\ARM_GCC_541\Debug\main.o (YM_RD_Write)
.\CortexM3\ARM_GCC_541\Debug\VGMPlayer_v0.6.a(YM_WR.o)
                              .\CortexM3\ARM_GCC_541\Debug\main.o (YM_WR_Write)
.\CortexM3\ARM_GCC_541\Debug\VGMPlayer_v0.6.a(YM_CS.o)
                              .\CortexM3\ARM_GCC_541\Debug\main.o (YM_CS_Write)
.\CortexM3\ARM_GCC_541\Debug\VGMPlayer_v0.6.a(YM_Data.o)
                              .\CortexM3\ARM_GCC_541\Debug\main.o (YM_Data_Write)
.\CortexM3\ARM_GCC_541\Debug\VGMPlayer_v0.6.a(YM_IC.o)
                              .\CortexM3\ARM_GCC_541\Debug\main.o (YM_IC_Write)
.\CortexM3\ARM_GCC_541\Debug\VGMPlayer_v0.6.a(isr_1.o)
                              .\CortexM3\ARM_GCC_541\Debug\main.o (isr_1_StartEx)
.\CortexM3\ARM_GCC_541\Debug\VGMPlayer_v0.6.a(CyBootAsmGnu.o)
                              .\CortexM3\ARM_GCC_541\Debug\main.o (CyDelayCycles)
.\CortexM3\ARM_GCC_541\Debug\VGMPlayer_v0.6.a(USBUART_cls.o)
                              .\CortexM3\ARM_GCC_541\Debug\VGMPlayer_v0.6.a(USBUART_drv.o) (USBUART_DispatchClassRqst)
.\CortexM3\ARM_GCC_541\Debug\VGMPlayer_v0.6.a(USBUART_descr.o)
                              .\CortexM3\ARM_GCC_541\Debug\VGMPlayer_v0.6.a(USBUART_std.o) (USBUART_DEVICE0_DESCR)
.\CortexM3\ARM_GCC_541\Debug\VGMPlayer_v0.6.a(CyFlash.o)
                              .\CortexM3\ARM_GCC_541\Debug\VGMPlayer_v0.6.a(cyPm.o) (CyFlash_SetWaitCycles)
.\CortexM3\ARM_GCC_541\Debug\VGMPlayer_v0.6.a(CySpc.o)
                              .\CortexM3\ARM_GCC_541\Debug\VGMPlayer_v0.6.a(CyFlash.o) (CySpcStart)
c:/program files (x86)/cypress/psoc creator/4.2/psoc creator/import/gnu/arm/5.4.1/bin/../lib/gcc/arm-none-eabi/5.4.1/../../../../arm-none-eabi/lib/armv7-m\libg_nano.a(lib_a-errno.o)
                              .\CortexM3\ARM_GCC_541\Debug\Cm3Start.o (__errno)
c:/program files (x86)/cypress/psoc creator/4.2/psoc creator/import/gnu/arm/5.4.1/bin/../lib/gcc/arm-none-eabi/5.4.1/../../../../arm-none-eabi/lib/armv7-m\libg_nano.a(lib_a-exit.o)
                              c:/program files (x86)/cypress/psoc creator/4.2/psoc creator/import/gnu/arm/5.4.1/bin/../lib/gcc/arm-none-eabi/5.4.1/../../../../arm-none-eabi/lib/armv7-m/crt0.o (exit)
[...]
Memory Configuration

Name             Origin             Length             Attributes
rom              0x00000000         0x00040000         xr
ram              0x1fff8000         0x00010000         xrw
*default*        0x00000000         0xffffffff

Linker script and memory map

LOAD c:/program files (x86)/cypress/psoc creator/4.2/psoc creator/import/gnu/arm/5.4.1/bin/../lib/gcc/arm-none-eabi/5.4.1/armv7-m/crti.o
LOAD c:/program files (x86)/cypress/psoc creator/4.2/psoc creator/import/gnu/arm/5.4.1/bin/../lib/gcc/arm-none-eabi/5.4.1/armv7-m/crtbegin.o
LOAD c:/program files (x86)/cypress/psoc creator/4.2/psoc creator/import/gnu/arm/5.4.1/bin/../lib/gcc/arm-none-eabi/5.4.1/../../../../arm-none-eabi/lib/armv7-m/crt0.o
START GROUP
LOAD .\CortexM3\ARM_GCC_541\Debug\usb_uart.o
LOAD .\CortexM3\ARM_GCC_541\Debug\tty_utils.o
LOAD .\CortexM3\ARM_GCC_541\Debug\utils.o
LOAD .\CortexM3\ARM_GCC_541\Debug\func_list.o
LOAD .\CortexM3\ARM_GCC_541\Debug\main.o
LOAD .\CortexM3\ARM_GCC_541\Debug\cyfitter_cfg.o
LOAD .\CortexM3\ARM_GCC_541\Debug\cymetadata.o
LOAD .\CortexM3\ARM_GCC_541\Debug\Cm3Start.o
LOAD .\CortexM3\ARM_GCC_541\Debug\VGMPlayer_v0.6.a
LOAD C:\Program Files (x86)\Cypress\PSoC Creator\4.2\PSoC Creator\psoc\content\cycomponentlibrary\CyComponentLibrary.cylib\CortexM3\ARM_GCC_541\Debug\CyComponentLibrary.a
END GROUP
START GROUP
LOAD c:/program files (x86)/cypress/psoc creator/4.2/psoc creator/import/gnu/arm/5.4.1/bin/../lib/gcc/arm-none-eabi/5.4.1/armv7-m\libgcc.a
LOAD c:/program files (x86)/cypress/psoc creator/4.2/psoc creator/import/gnu/arm/5.4.1/bin/../lib/gcc/arm-none-eabi/5.4.1/../../../../arm-none-eabi/lib/armv7-m\libg_nano.a
LOAD c:/program files (x86)/cypress/psoc creator/4.2/psoc creator/import/gnu/arm/5.4.1/bin/../lib/gcc/arm-none-eabi/5.4.1/../../../../arm-none-eabi/lib/armv7-m\libc_nano.a
END GROUP
START GROUP
LOAD c:/program files (x86)/cypress/psoc creator/4.2/psoc creator/import/gnu/arm/5.4.1/bin/../lib/gcc/arm-none-eabi/5.4.1/armv7-m\libgcc.a
LOAD c:/program files (x86)/cypress/psoc creator/4.2/psoc creator/import/gnu/arm/5.4.1/bin/../lib/gcc/arm-none-eabi/5.4.1/../../../../arm-none-eabi/lib/armv7-m\libc_nano.a
END GROUP
LOAD c:/program files (x86)/cypress/psoc creator/4.2/psoc creator/import/gnu/arm/5.4.1/bin/../lib/gcc/arm-none-eabi/5.4.1/armv7-m/crtend.o
LOAD c:/program files (x86)/cypress/psoc creator/4.2/psoc creator/import/gnu/arm/5.4.1/bin/../lib/gcc/arm-none-eabi/5.4.1/armv7-m/crtn.o
START GROUP
LOAD c:/program files (x86)/cypress/psoc creator/4.2/psoc creator/import/gnu/arm/5.4.1/bin/../lib/gcc/arm-none-eabi/5.4.1/armv7-m\libgcc.a
LOAD c:/program files (x86)/cypress/psoc creator/4.2/psoc creator/import/gnu/arm/5.4.1/bin/../lib/gcc/arm-none-eabi/5.4.1/../../../../arm-none-eabi/lib/armv7-m\libc.a
LOAD c:/program files (x86)/cypress/psoc creator/4.2/psoc creator/import/gnu/arm/5.4.1/bin/../lib/gcc/arm-none-eabi/5.4.1/../../../../arm-none-eabi/lib/armv7-m\libnosys.a
END GROUP
                0x00000000                CY_APPL_ORIGIN = 0x0
                0x00000100                CY_FLASH_ROW_SIZE = 0x100
                0x00000020                CY_ECC_ROW_SIZE = 0x20
                0x00000000                CY_EE_IN_BTLDR = 0x0
                0x00000000                CY_APPL_LOADABLE = 0x0
                0x00000800                CY_EE_SIZE = 0x800
                0x00000001                CY_APPL_NUM = 0x1
                0x00000001                CY_APPL_MAX = 0x1
                0x00000040                CY_METADATA_SIZE = 0x40
                0x00000000                CY_APPL_LOADABLE = 0x0
                0x00000000                CY_CHECKSUM_EXCLUDE_SIZE = ALIGN (0x0, CY_FLASH_ROW_SIZE)
                [!provide]                PROVIDE (__cy_heap_start, _end)
                0x00000001                PROVIDE (__cy_region_num, ((__cy_regions_end - __cy_regions) / 0x10))
                0x20008000                PROVIDE (__cy_stack, (ORIGIN (ram) + LENGTH (ram)))
                [!provide]                PROVIDE (__cy_heap_end, (__cy_stack - 0x800))

.cybootloader   0x00000000        0x0
 *(.cybootloader)
                0x00000000                appl1_start = CY_APPL_ORIGIN?CY_APPL_ORIGIN:ALIGN (CY_FLASH_ROW_SIZE)
                0x0001ff00                appl2_start = (appl1_start + ALIGN ((((LENGTH (rom) - appl1_start) - (0x2 * CY_FLASH_ROW_SIZE)) / 0x2), CY_FLASH_ROW_SIZE))
                0x00000000                appl_start = (CY_APPL_NUM == 0x1)?appl1_start:appl2_start
                0x00000000                ecc_offset = ((appl_start / CY_FLASH_ROW_SIZE) * CY_ECC_ROW_SIZE)
                0x00000000                ee_offset = (CY_APPL_LOADABLE && ! (CY_EE_IN_BTLDR))?((CY_EE_SIZE / CY_APPL_MAX) * (CY_APPL_NUM - 0x1)):0x0
                0x00000800                ee_size = (CY_APPL_LOADABLE && ! (CY_EE_IN_BTLDR))?(CY_EE_SIZE / CY_APPL_MAX):CY_EE_SIZE
                [!provide]                PROVIDE (CY_ECC_OFFSET, ecc_offset)

.text           0x00000000     0x3d12
 CREATE_OBJECT_SYMBOLS
                0x00000000                PROVIDE (__cy_interrupt_vector, RomVectors)
 *(.romvectors)
 .romvectors    0x00000000       0x10 .\CortexM3\ARM_GCC_541\Debug\Cm3Start.o
                0x00000000                RomVectors
                0x00000001                ASSERT ((. != __cy_interrupt_vector), No interrupt vector)
                0x00000001                ASSERT (CY_APPL_ORIGIN?(SIZEOF (.cybootloader) <= CY_APPL_ORIGIN):0x1, Wrong image location)
                0x00000010                PROVIDE (__cy_reset, Reset)
 *(.text.Reset)
 .text.Reset    0x00000010       0x18 .\CortexM3\ARM_GCC_541\Debug\Cm3Start.o
                0x00000010                Reset
                0x00000001                ASSERT ((. != __cy_reset), No reset code)
 *(.dma_init)
                0x00000001                ASSERT ((((appl_start + .) <= 0x10000) || 0x1), DMA Init must be within the first 64k of flash)
 *(.text .text.* .gnu.linkonce.t.*)
 .text          0x00000028       0x5c c:/program files (x86)/cypress/psoc creator/4.2/psoc creator/import/gnu/arm/5.4.1/bin/../lib/gcc/arm-none-eabi/5.4.1/armv7-m/crtbegin.o
 .text.usbuart_init
                0x00000084       0x28 .\CortexM3\ARM_GCC_541\Debug\usb_uart.o
                0x00000084                usbuart_init
 .text.USBUART_EP_2_ISR_EntryCallback
                0x000000ac       0x20 .\CortexM3\ARM_GCC_541\Debug\usb_uart.o
                0x000000ac                USBUART_EP_2_ISR_EntryCallback
 .text.USBUART_EP_3_ISR_ExitCallback
                0x000000cc       0x28 .\CortexM3\ARM_GCC_541\Debug\usb_uart.o
                0x000000cc                USBUART_EP_3_ISR_ExitCallback
 .text.tty_init
                0x000000f4        0xc .\CortexM3\ARM_GCC_541\Debug\tty_utils.o
                0x000000f4                tty_init
 .text.sampleRateIRQ
                0x00000100       0x18 .\CortexM3\ARM_GCC_541\Debug\main.o
                0x00000100                sampleRateIRQ
 .text.main     0x00000118      0x448 .\CortexM3\ARM_GCC_541\Debug\main.o
                0x00000118                main
 .text.init_hardware
                0x00000560       0x14 .\CortexM3\ARM_GCC_541\Debug\main.o
                0x00000560                init_hardware
 .text.ym2612_write
                0x00000574      0x21c .\CortexM3\ARM_GCC_541\Debug\main.o
                0x00000574                ym2612_write
 .text.sn76489_write
                0x00000790       0x84 .\CortexM3\ARM_GCC_541\Debug\main.o
                0x00000790                sn76489_write
 .text.ym2612_reset
                0x00000814       0x20 .\CortexM3\ARM_GCC_541\Debug\main.o
                0x00000814                ym2612_reset
 .text.ym2612_init
                0x00000834       0x34 .\CortexM3\ARM_GCC_541\Debug\main.o
                0x00000834                ym2612_init
 .text.SilenceAllChannels
                0x00000868       0x28 .\CortexM3\ARM_GCC_541\Debug\main.o
                0x00000868                SilenceAllChannels
 .text.CYMEMZERO
                0x00000890       0x1c .\CortexM3\ARM_GCC_541\Debug\cyfitter_cfg.o
 .text.CYCONFIGCPY
                0x000008ac       0x20 .\CortexM3\ARM_GCC_541\Debug\cyfitter_cfg.o
 .text.CyClockStartupError
                0x000008cc        0xc .\CortexM3\ARM_GCC_541\Debug\cyfitter_cfg.o
 .text.cfg_write_bytes32
                0x000008d8       0x74 .\CortexM3\ARM_GCC_541\Debug\cyfitter_cfg.o
 .text.ClockSetup
                0x0000094c      0x130 .\CortexM3\ARM_GCC_541\Debug\cyfitter_cfg.o
 .text.AnalogSetDefault
                0x00000a7c       0x44 .\CortexM3\ARM_GCC_541\Debug\cyfitter_cfg.o
 .text.cyfitter_cfg
                0x00000ac0      0x160 .\CortexM3\ARM_GCC_541\Debug\cyfitter_cfg.o
                0x00000ac0                cyfitter_cfg
 .text.IntDefaultHandler
                0x00000c20       0x14 .\CortexM3\ARM_GCC_541\Debug\Cm3Start.o
                0x00000c20                IntDefaultHandler
 .text.Start_c  0x00000c34       0x98 .\CortexM3\ARM_GCC_541\Debug\Cm3Start.o
                0x00000c34                Start_c
 .text.initialize_psoc
                0x00000ccc       0x94 .\CortexM3\ARM_GCC_541\Debug\Cm3Start.o
                0x00000ccc                initialize_psoc
 .text.USBUART_Start
                0x00000d60       0x3c .\CortexM3\ARM_GCC_541\Debug\VGMPlayer_v0.6.a(USBUART.o)
                0x00000d60                USBUART_Start
 .text.USBUART_Init
                0x00000d9c      0x1d4 .\CortexM3\ARM_GCC_541\Debug\VGMPlayer_v0.6.a(USBUART.o)
                0x00000d9c                USBUART_Init
 .text.USBUART_InitComponent
                0x00000f70      0x11c .\CortexM3\ARM_GCC_541\Debug\VGMPlayer_v0.6.a(USBUART.o)
                0x00000f70                USBUART_InitComponent
 .text.USBUART_ReInitComponent
                0x0000108c       0x68 .\CortexM3\ARM_GCC_541\Debug\VGMPlayer_v0.6.a(USBUART.o)
                0x0000108c                USBUART_ReInitComponent
 .text.USBUART_GetConfiguration
                0x000010f4       0x18 .\CortexM3\ARM_GCC_541\Debug\VGMPlayer_v0.6.a(USBUART.o)
                0x000010f4                USBUART_GetConfiguration
 .text.USBUART_IsConfigurationChanged
                0x0000110c       0x30 .\CortexM3\ARM_GCC_541\Debug\VGMPlayer_v0.6.a(USBUART.o)
                0x0000110c                USBUART_IsConfigurationChanged
 .text.USBUART_GetEPState
                0x0000113c       0x2c .\CortexM3\ARM_GCC_541\Debug\VGMPlayer_v0.6.a(USBUART.o)
                0x0000113c                USBUART_GetEPState
 .text.USBUART_GetEPCount
                0x00001168       0x60 .\CortexM3\ARM_GCC_541\Debug\VGMPlayer_v0.6.a(USBUART.o)
                0x00001168                USBUART_GetEPCount
 .text.USBUART_InitEP_DMA
                0x000011c8       0xc8 .\CortexM3\ARM_GCC_541\Debug\VGMPlayer_v0.6.a(USBUART.o)
                0x000011c8                USBUART_InitEP_DMA
 .text.USBUART_LoadInEP
                0x00001290      0x198 .\CortexM3\ARM_GCC_541\Debug\VGMPlayer_v0.6.a(USBUART.o)
                0x00001290                USBUART_LoadInEP
 .text.USBUART_ReadOutEP
                0x00001428      0x108 .\CortexM3\ARM_GCC_541\Debug\VGMPlayer_v0.6.a(USBUART.o)
                0x00001428                USBUART_ReadOutEP
 .text.USBUART_EnableOutEP
                0x00001530       0x5c .\CortexM3\ARM_GCC_541\Debug\VGMPlayer_v0.6.a(USBUART.o)
                0x00001530                USBUART_EnableOutEP
 .text.USBUART_DispatchCDCClassRqst
                0x0000158c       0xe4 .\CortexM3\ARM_GCC_541\Debug\VGMPlayer_v0.6.a(USBUART_cdc.o)
                0x0000158c                USBUART_DispatchCDCClassRqst
 .text.USBUART_GetInterfaceComPort
                0x00001670       0x60 .\CortexM3\ARM_GCC_541\Debug\VGMPlayer_v0.6.a(USBUART_cdc.o)
                0x00001670                USBUART_GetInterfaceComPort
 .text.USBUART_CDC_Init
                0x000016d0       0xa8 .\CortexM3\ARM_GCC_541\Debug\VGMPlayer_v0.6.a(USBUART_cdc.o)
                0x000016d0                USBUART_CDC_Init
 .text.USBUART_StrLen
                0x00001778       0x2c .\CortexM3\ARM_GCC_541\Debug\VGMPlayer_v0.6.a(USBUART_cdc.o)
 .text.USBUART_PutString
                0x000017a4       0xdc .\CortexM3\ARM_GCC_541\Debug\VGMPlayer_v0.6.a(USBUART_cdc.o)
                0x000017a4                USBUART_PutString
 .text.USBUART_DataIsReady
                0x00001880       0x24 .\CortexM3\ARM_GCC_541\Debug\VGMPlayer_v0.6.a(USBUART_cdc.o)
                0x00001880                USBUART_DataIsReady
 .text.USBUART_CDCIsReady
                0x000018a4       0x24 .\CortexM3\ARM_GCC_541\Debug\VGMPlayer_v0.6.a(USBUART_cdc.o)
                0x000018a4                USBUART_CDCIsReady
 .text.USBUART_GetAll
                0x000018c8       0x64 .\CortexM3\ARM_GCC_541\Debug\VGMPlayer_v0.6.a(USBUART_cdc.o)
                0x000018c8                USBUART_GetAll
 .text.USBUART_Cdc_EpInit
                0x0000192c       0x90 .\CortexM3\ARM_GCC_541\Debug\VGMPlayer_v0.6.a(USBUART_cdc.o)
                0x0000192c                USBUART_Cdc_EpInit
 .text.USBUART_EP_0_ISR
                0x000019bc       0xf8 .\CortexM3\ARM_GCC_541\Debug\VGMPlayer_v0.6.a(USBUART_drv.o)
                0x000019bc                USBUART_EP_0_ISR
 .text.USBUART_HandleSetup
                0x00001ab4       0x88 .\CortexM3\ARM_GCC_541\Debug\VGMPlayer_v0.6.a(USBUART_drv.o)
                0x00001ab4                USBUART_HandleSetup
 .text.USBUART_HandleIN
                0x00001b3c       0x4c .\CortexM3\ARM_GCC_541\Debug\VGMPlayer_v0.6.a(USBUART_drv.o)
                0x00001b3c                USBUART_HandleIN
 .text.USBUART_HandleOUT
                0x00001b88       0x58 .\CortexM3\ARM_GCC_541\Debug\VGMPlayer_v0.6.a(USBUART_drv.o)
                0x00001b88                USBUART_HandleOUT
 .text.USBUART_LoadEP0
                0x00001be0       0xd0 .\CortexM3\ARM_GCC_541\Debug\VGMPlayer_v0.6.a(USBUART_drv.o)
                0x00001be0                USBUART_LoadEP0
 .text.USBUART_InitControlRead
                0x00001cb0       0x70 .\CortexM3\ARM_GCC_541\Debug\VGMPlayer_v0.6.a(USBUART_drv.o)
                0x00001cb0                USBUART_InitControlRead
 .text.USBUART_InitZeroLengthControlTransfer
                0x00001d20       0x40 .\CortexM3\ARM_GCC_541\Debug\VGMPlayer_v0.6.a(USBUART_drv.o)
                0x00001d20                USBUART_InitZeroLengthControlTransfer
 .text.USBUART_ControlReadDataStage
                0x00001d60        0xc .\CortexM3\ARM_GCC_541\Debug\VGMPlayer_v0.6.a(USBUART_drv.o)
                0x00001d60                USBUART_ControlReadDataStage
 .text.USBUART_ControlReadStatusStage
                0x00001d6c       0x40 .\CortexM3\ARM_GCC_541\Debug\VGMPlayer_v0.6.a(USBUART_drv.o)
                0x00001d6c                USBUART_ControlReadStatusStage
 .text.USBUART_InitControlWrite
                0x00001dac       0x64 .\CortexM3\ARM_GCC_541\Debug\VGMPlayer_v0.6.a(USBUART_drv.o)
                0x00001dac                USBUART_InitControlWrite
 .text.USBUART_ControlWriteDataStage
                0x00001e10       0xb4 .\CortexM3\ARM_GCC_541\Debug\VGMPlayer_v0.6.a(USBUART_drv.o)
                0x00001e10                USBUART_ControlWriteDataStage
 .text.USBUART_ControlWriteStatusStage
                0x00001ec4       0x24 .\CortexM3\ARM_GCC_541\Debug\VGMPlayer_v0.6.a(USBUART_drv.o)
                0x00001ec4                USBUART_ControlWriteStatusStage
 .text.USBUART_InitNoDataControlTransfer
                0x00001ee8       0x38 .\CortexM3\ARM_GCC_541\Debug\VGMPlayer_v0.6.a(USBUART_drv.o)
                0x00001ee8                USBUART_InitNoDataControlTransfer
 .text.USBUART_NoDataControlStatusStage
                0x00001f20       0x4c .\CortexM3\ARM_GCC_541\Debug\VGMPlayer_v0.6.a(USBUART_drv.o)
                0x00001f20                USBUART_NoDataControlStatusStage
 .text.USBUART_UpdateStatusBlock
                0x00001f6c       0x40 .\CortexM3\ARM_GCC_541\Debug\VGMPlayer_v0.6.a(USBUART_drv.o)
                0x00001f6c                USBUART_UpdateStatusBlock
 .text.USBUART_InitializeStatusBlock
                0x00001fac       0x34 .\CortexM3\ARM_GCC_541\Debug\VGMPlayer_v0.6.a(USBUART_drv.o)
                0x00001fac                USBUART_InitializeStatusBlock
 .text.USBUART_EP_1_ISR
                0x00001fe0       0x48 .\CortexM3\ARM_GCC_541\Debug\VGMPlayer_v0.6.a(USBUART_episr.o)
                0x00001fe0                USBUART_EP_1_ISR
 .text.USBUART_EP_2_ISR
                0x00002028       0x4c .\CortexM3\ARM_GCC_541\Debug\VGMPlayer_v0.6.a(USBUART_episr.o)
                0x00002028                USBUART_EP_2_ISR
 .text.USBUART_EP_3_ISR
                0x00002074       0x54 .\CortexM3\ARM_GCC_541\Debug\VGMPlayer_v0.6.a(USBUART_episr.o)
                0x00002074                USBUART_EP_3_ISR
 .text.USBUART_SOF_ISR
                0x000020c8        0xc .\CortexM3\ARM_GCC_541\Debug\VGMPlayer_v0.6.a(USBUART_episr.o)
                0x000020c8                USBUART_SOF_ISR
 .text.USBUART_BUS_RESET_ISR
                0x000020d4        0xc .\CortexM3\ARM_GCC_541\Debug\VGMPlayer_v0.6.a(USBUART_episr.o)
                0x000020d4                USBUART_BUS_RESET_ISR
 .text.USBUART_ARB_ISR
                0x000020e0      0x110 .\CortexM3\ARM_GCC_541\Debug\VGMPlayer_v0.6.a(USBUART_episr.o)
                0x000020e0                USBUART_ARB_ISR
 .text.USBUART_DP_ISR
                0x000021f0        0xc .\CortexM3\ARM_GCC_541\Debug\VGMPlayer_v0.6.a(USBUART_pm.o)
                0x000021f0                USBUART_DP_ISR
 .text.USBUART_HandleStandardRqst
                0x000021fc      0x494 .\CortexM3\ARM_GCC_541\Debug\VGMPlayer_v0.6.a(USBUART_std.o)
                0x000021fc                USBUART_HandleStandardRqst
 .text.USBUART_ReadDieID
                0x00002690       0xd8 .\CortexM3\ARM_GCC_541\Debug\VGMPlayer_v0.6.a(USBUART_std.o)
                0x00002690                USBUART_ReadDieID
 .text.USBUART_ConfigReg
                0x00002768      0x144 .\CortexM3\ARM_GCC_541\Debug\VGMPlayer_v0.6.a(USBUART_std.o)
                0x00002768                USBUART_ConfigReg
 .text.USBUART_Config
                0x000028ac      0x3b4 .\CortexM3\ARM_GCC_541\Debug\VGMPlayer_v0.6.a(USBUART_std.o)
                0x000028ac                USBUART_Config
 .text.USBUART_ConfigAltChanged
                0x00002c60      0x25c .\CortexM3\ARM_GCC_541\Debug\VGMPlayer_v0.6.a(USBUART_std.o)
                0x00002c60                USBUART_ConfigAltChanged
 .text.USBUART_GetConfigTablePtr
                0x00002ebc       0x50 .\CortexM3\ARM_GCC_541\Debug\VGMPlayer_v0.6.a(USBUART_std.o)
                0x00002ebc                USBUART_GetConfigTablePtr
 .text.USBUART_GetDeviceTablePtr
                0x00002f0c       0x24 .\CortexM3\ARM_GCC_541\Debug\VGMPlayer_v0.6.a(USBUART_std.o)
                0x00002f0c                USBUART_GetDeviceTablePtr
 .text.USBUART_GetInterfaceClassTablePtr
                0x00002f30       0x4c .\CortexM3\ARM_GCC_541\Debug\VGMPlayer_v0.6.a(USBUART_std.o)
                0x00002f30                USBUART_GetInterfaceClassTablePtr
 .text.USBUART_SetEndpointHalt
                0x00002f7c       0xe8 .\CortexM3\ARM_GCC_541\Debug\VGMPlayer_v0.6.a(USBUART_std.o)
                0x00002f7c                USBUART_SetEndpointHalt
 .text.USBUART_ClearEndpointHalt
                0x00003064      0x158 .\CortexM3\ARM_GCC_541\Debug\VGMPlayer_v0.6.a(USBUART_std.o)
                0x00003064                USBUART_ClearEndpointHalt
 .text.USBUART_ValidateAlternateSetting
                0x000031bc       0x70 .\CortexM3\ARM_GCC_541\Debug\VGMPlayer_v0.6.a(USBUART_std.o)
                0x000031bc                USBUART_ValidateAlternateSetting
 .text.USBUART_HandleVendorRqst
                0x0000322c       0x34 .\CortexM3\ARM_GCC_541\Debug\VGMPlayer_v0.6.a(USBUART_vnd.o)
                0x0000322c                USBUART_HandleVendorRqst
 .text.USBUART_Dp_ClearInterrupt
                0x00003260       0x20 .\CortexM3\ARM_GCC_541\Debug\VGMPlayer_v0.6.a(USBUART_Dp.o)
                0x00003260                USBUART_Dp_ClearInterrupt
 .text.CyDmacConfigure
                0x00003280       0x5c .\CortexM3\ARM_GCC_541\Debug\VGMPlayer_v0.6.a(CyDmac.o)
                0x00003280                CyDmacConfigure
 .text.CyDmaChEnable
                0x000032dc       0x8c .\CortexM3\ARM_GCC_541\Debug\VGMPlayer_v0.6.a(CyDmac.o)
                0x000032dc                CyDmaChEnable
 .text.CyDmaChDisable
                0x00003368       0x60 .\CortexM3\ARM_GCC_541\Debug\VGMPlayer_v0.6.a(CyDmac.o)
                0x00003368                CyDmaChDisable
 .text.CyDmaChPriority
                0x000033c8       0x64 .\CortexM3\ARM_GCC_541\Debug\VGMPlayer_v0.6.a(CyDmac.o)
                0x000033c8                CyDmaChPriority
 .text.CyDmaChSetExtendedAddress
                0x0000342c       0x78 .\CortexM3\ARM_GCC_541\Debug\VGMPlayer_v0.6.a(CyDmac.o)
                0x0000342c                CyDmaChSetExtendedAddress
 .text.CyDmaChSetInitialTd
                0x000034a4       0x3c .\CortexM3\ARM_GCC_541\Debug\VGMPlayer_v0.6.a(CyDmac.o)
                0x000034a4                CyDmaChSetInitialTd
 .text.CyDmaChSetConfiguration
                0x000034e0       0xa0 .\CortexM3\ARM_GCC_541\Debug\VGMPlayer_v0.6.a(CyDmac.o)
                0x000034e0                CyDmaChSetConfiguration
 .text.CyDmaTdAllocate
                0x00003580       0x5c .\CortexM3\ARM_GCC_541\Debug\VGMPlayer_v0.6.a(CyDmac.o)
                0x00003580                CyDmaTdAllocate
 .text.CyDmaTdSetConfiguration
                0x000035dc       0x80 .\CortexM3\ARM_GCC_541\Debug\VGMPlayer_v0.6.a(CyDmac.o)
                0x000035dc                CyDmaTdSetConfiguration
 .text.CyDmaTdSetAddress
                0x0000365c       0x5c .\CortexM3\ARM_GCC_541\Debug\VGMPlayer_v0.6.a(CyDmac.o)
                0x0000365c                CyDmaTdSetAddress
 .text.CyHalt   0x000036b8       0x18 .\CortexM3\ARM_GCC_541\Debug\VGMPlayer_v0.6.a(CyLib.o)
                0x000036b8                CyHalt
 .text.CyDelay  0x000036d0       0x44 .\CortexM3\ARM_GCC_541\Debug\VGMPlayer_v0.6.a(CyLib.o)
                0x000036d0                CyDelay
 .text.CyDelayUs
                0x00003714       0x28 .\CortexM3\ARM_GCC_541\Debug\VGMPlayer_v0.6.a(CyLib.o)
                0x00003714                CyDelayUs
 .text.CyIntSetVector
                0x0000373c       0x50 .\CortexM3\ARM_GCC_541\Debug\VGMPlayer_v0.6.a(CyLib.o)
                0x0000373c                CyIntSetVector
 .text.CyIntSetPriority
                0x0000378c       0x48 .\CortexM3\ARM_GCC_541\Debug\VGMPlayer_v0.6.a(CyLib.o)
                0x0000378c                CyIntSetPriority
 .text.CyGetUniqueId
                0x000037d4       0xc4 .\CortexM3\ARM_GCC_541\Debug\VGMPlayer_v0.6.a(CyLib.o)
                0x000037d4                CyGetUniqueId
 .text.USBUART_ep3_DmaInitialize
                0x00003898       0x64 .\CortexM3\ARM_GCC_541\Debug\VGMPlayer_v0.6.a(USBUART_ep3_dma.o)
                0x00003898                USBUART_ep3_DmaInitialize
 .text.USBUART_ep2_DmaInitialize
                0x000038fc       0x64 .\CortexM3\ARM_GCC_541\Debug\VGMPlayer_v0.6.a(USBUART_ep2_dma.o)
                0x000038fc                USBUART_ep2_DmaInitialize
 .text.USBUART_ep1_DmaInitialize
                0x00003960       0x64 .\CortexM3\ARM_GCC_541\Debug\VGMPlayer_v0.6.a(USBUART_ep1_dma.o)
                0x00003960                USBUART_ep1_DmaInitialize
 .text.YM_A1_Write
                0x000039c4       0x38 .\CortexM3\ARM_GCC_541\Debug\VGMPlayer_v0.6.a(YM_A1.o)
                0x000039c4                YM_A1_Write
 .text.YM_A0_Write
                0x000039fc       0x38 .\CortexM3\ARM_GCC_541\Debug\VGMPlayer_v0.6.a(YM_A0.o)
                0x000039fc                YM_A0_Write
 .text.YM_RD_Write
                0x00003a34       0x3c .\CortexM3\ARM_GCC_541\Debug\VGMPlayer_v0.6.a(YM_RD.o)
                0x00003a34                YM_RD_Write
 .text.YM_WR_Write
                0x00003a70       0x3c .\CortexM3\ARM_GCC_541\Debug\VGMPlayer_v0.6.a(YM_WR.o)
                0x00003a70                YM_WR_Write
 .text.YM_CS_Write
                0x00003aac       0x3c .\CortexM3\ARM_GCC_541\Debug\VGMPlayer_v0.6.a(YM_CS.o)
                0x00003aac                YM_CS_Write
 .text.YM_Data_Write
                0x00003ae8       0x2c .\CortexM3\ARM_GCC_541\Debug\VGMPlayer_v0.6.a(YM_Data.o)
                0x00003ae8                YM_Data_Write
 .text.YM_IC_Write
                0x00003b14       0x3c .\CortexM3\ARM_GCC_541\Debug\VGMPlayer_v0.6.a(YM_IC.o)
                0x00003b14                YM_IC_Write
 .text.isr_1_StartEx
                0x00003b50       0x24 .\CortexM3\ARM_GCC_541\Debug\VGMPlayer_v0.6.a(isr_1.o)
                0x00003b50                isr_1_StartEx
 .text.isr_1_SetVector
                0x00003b74       0x24 .\CortexM3\ARM_GCC_541\Debug\VGMPlayer_v0.6.a(isr_1.o)
                0x00003b74                isr_1_SetVector
 .text.isr_1_SetPriority
                0x00003b98       0x24 .\CortexM3\ARM_GCC_541\Debug\VGMPlayer_v0.6.a(isr_1.o)
                0x00003b98                isr_1_SetPriority
 .text.isr_1_Enable
                0x00003bbc       0x18 .\CortexM3\ARM_GCC_541\Debug\VGMPlayer_v0.6.a(isr_1.o)
                0x00003bbc                isr_1_Enable
 .text.isr_1_Disable
                0x00003bd4       0x18 .\CortexM3\ARM_GCC_541\Debug\VGMPlayer_v0.6.a(isr_1.o)
                0x00003bd4                isr_1_Disable
 *fill*         0x00003bec        0x4 
 .text          0x00003bf0       0x20 .\CortexM3\ARM_GCC_541\Debug\VGMPlayer_v0.6.a(CyBootAsmGnu.o)
                0x00003bf0                CyDelayCycles
                0x00003c00                CyEnterCriticalSection
                0x00003c08                CyExitCriticalSection
 .text.USBUART_DispatchClassRqst
                0x00003c10       0x84 .\CortexM3\ARM_GCC_541\Debug\VGMPlayer_v0.6.a(USBUART_cls.o)
                0x00003c10                USBUART_DispatchClassRqst
 .text.__errno  0x00003c94        0xc c:/program files (x86)/cypress/psoc creator/4.2/psoc creator/import/gnu/arm/5.4.1/bin/../lib/gcc/arm-none-eabi/5.4.1/../../../../arm-none-eabi/lib/armv7-m\libg_nano.a(lib_a-errno.o)
                0x00003c94                __errno
 .text.__libc_init_array
                0x00003ca0       0x4c c:/program files (x86)/cypress/psoc creator/4.2/psoc creator/import/gnu/arm/5.4.1/bin/../lib/gcc/arm-none-eabi/5.4.1/../../../../arm-none-eabi/lib/armv7-m\libg_nano.a(lib_a-init.o)
                0x00003ca0                __libc_init_array
 .text.memcpy   0x00003cec       0x16 c:/program files (x86)/cypress/psoc creator/4.2/psoc creator/import/gnu/arm/5.4.1/bin/../lib/gcc/arm-none-eabi/5.4.1/../../../../arm-none-eabi/lib/armv7-m\libg_nano.a(lib_a-memcpy-stub.o)
                0x00003cec                memcpy
 .text.memset   0x00003d02       0x10 c:/program files (x86)/cypress/psoc creator/4.2/psoc creator/import/gnu/arm/5.4.1/bin/../lib/gcc/arm-none-eabi/5.4.1/../../../../arm-none-eabi/lib/armv7-m\libg_nano.a(lib_a-memset.o)
                0x00003d02                memset
 *(.plt)
 *(.gnu.warning)
 *(.glue_7t)
 .glue_7t       0x00003d12        0x0 linker stubs
 *(.glue_7)
 .glue_7        0x00003d12        0x0 linker stubs
 *(.vfp11_veneer)
 .vfp11_veneer  0x00003d12        0x0 linker stubs
 *(.bootloader)
 *(.ARM.extab* .gnu.linkonce.armextab.*)
 *(.gcc_except_table)

.v4_bx          0x00003d14        0x0
 .v4_bx         0x00003d14        0x0 linker stubs

.iplt           0x00003d14        0x0
 .iplt          0x00003d14        0x0 c:/program files (x86)/cypress/psoc creator/4.2/psoc creator/import/gnu/arm/5.4.1/bin/../lib/gcc/arm-none-eabi/5.4.1/armv7-m/crtbegin.o

.eh_frame_hdr
 *(.eh_frame_hdr)

.eh_frame       0x00003d14        0x4
 *(.eh_frame)
 .eh_frame      0x00003d14        0x0 c:/program files (x86)/cypress/psoc creator/4.2/psoc creator/import/gnu/arm/5.4.1/bin/../lib/gcc/arm-none-eabi/5.4.1/armv7-m/crtbegin.o
 .eh_frame      0x00003d14        0x4 c:/program files (x86)/cypress/psoc creator/4.2/psoc creator/import/gnu/arm/5.4.1/bin/../lib/gcc/arm-none-eabi/5.4.1/armv7-m/crtend.o
                [!provide]                PROVIDE (__exidx_start, .)

.ARM.exidx
 *(.ARM.exidx* .gnu.linkonce.armexidx.*)
                0x00003d18                __exidx_end = .

.rodata         0x00003d18      0x278
 *(.rodata .rodata.* .gnu.linkonce.r.*)
 .rodata        0x00003d18       0x40 .\CortexM3\ARM_GCC_541\Debug\usb_uart.o
 .rodata        0x00003d58        0x2 .\CortexM3\ARM_GCC_541\Debug\main.o
 *fill*         0x00003d5a        0x2 
 .rodata        0x00003d5c       0x24 .\CortexM3\ARM_GCC_541\Debug\cyfitter_cfg.o
 .rodata        0x00003d80       0x11 .\CortexM3\ARM_GCC_541\Debug\VGMPlayer_v0.6.a(USBUART_std.o)
 *fill*         0x00003d91        0x3 
 .rodata        0x00003d94      0x160 .\CortexM3\ARM_GCC_541\Debug\VGMPlayer_v0.6.a(USBUART_descr.o)
                0x00003d94                USBUART_DEVICE0_DESCR
                0x00003da8                USBUART_DEVICE0_CONFIGURATION0_DESCR
                0x00003dec                USBUART_STRING_DESCRIPTORS
                0x00003e8c                USBUART_SN_STRING_DESCRIPTOR
                0x00003e90                USBUART_DEVICE0_CONFIGURATION0_EP_SETTINGS_TABLE
                0x00003ea8                USBUART_DEVICE0_CONFIGURATION0_INTERFACE_CLASS
                0x00003eac                USBUART_DEVICE0_CONFIGURATION0_TABLE
                0x00003ed4                USBUART_DEVICE0_TABLE
                0x00003eec                USBUART_TABLE
 .rodata.str1.1
                0x00003ef4        0x2 c:/program files (x86)/cypress/psoc creator/4.2/psoc creator/import/gnu/arm/5.4.1/bin/../lib/gcc/arm-none-eabi/5.4.1/../../../../arm-none-eabi/lib/armv7-m\libg_nano.a(lib_a-impure.o)
 *fill*         0x00003ef6        0x2 
 .rodata.__sf_fake_stdin
                0x00003ef8       0x20 c:/program files (x86)/cypress/psoc creator/4.2/psoc creator/import/gnu/arm/5.4.1/bin/../lib/gcc/arm-none-eabi/5.4.1/../../../../arm-none-eabi/lib/armv7-m\libg_nano.a(lib_a-findfp.o)
                0x00003ef8                __sf_fake_stdin
 .rodata.__sf_fake_stdout
                0x00003f18       0x20 c:/program files (x86)/cypress/psoc creator/4.2/psoc creator/import/gnu/arm/5.4.1/bin/../lib/gcc/arm-none-eabi/5.4.1/../../../../arm-none-eabi/lib/armv7-m\libg_nano.a(lib_a-findfp.o)
                0x00003f18                __sf_fake_stdout
 .rodata.__sf_fake_stderr
                0x00003f38       0x20 c:/program files (x86)/cypress/psoc creator/4.2/psoc creator/import/gnu/arm/5.4.1/bin/../lib/gcc/arm-none-eabi/5.4.1/../../../../arm-none-eabi/lib/armv7-m\libg_nano.a(lib_a-findfp.o)
                0x00003f38                __sf_fake_stderr
                0x00003f58                . = ALIGN (0x4)
 *(.init)
 .init          0x00003f58        0x4 c:/program files (x86)/cypress/psoc creator/4.2/psoc creator/import/gnu/arm/5.4.1/bin/../lib/gcc/arm-none-eabi/5.4.1/armv7-m/crti.o
                0x00003f58                _init
 .init          0x00003f5c        0x8 c:/program files (x86)/cypress/psoc creator/4.2/psoc creator/import/gnu/arm/5.4.1/bin/../lib/gcc/arm-none-eabi/5.4.1/armv7-m/crtn.o
                0x00003f64                . = ALIGN (0x4)
                0x00003f64                __preinit_array_start = .
 *(.preinit_array)
                0x00003f64                __preinit_array_end = .
                0x00003f64                . = ALIGN (0x4)
                0x00003f64                __init_array_start = .
 *(SORT(.init_array.*))
 *(.init_array)
 .init_array    0x00003f64        0x4 c:/program files (x86)/cypress/psoc creator/4.2/psoc creator/import/gnu/arm/5.4.1/bin/../lib/gcc/arm-none-eabi/5.4.1/armv7-m/crtbegin.o
 .init_array    0x00003f68        0x4 .\CortexM3\ARM_GCC_541\Debug\Cm3Start.o
                0x00003f6c                __init_array_end = .
                0x00003f6c                . = ALIGN (0x4)
 *(.fini)
 .fini          0x00003f6c        0x4 c:/program files (x86)/cypress/psoc creator/4.2/psoc creator/import/gnu/arm/5.4.1/bin/../lib/gcc/arm-none-eabi/5.4.1/armv7-m/crti.o
                0x00003f6c                _fini
 .fini          0x00003f70        0x8 c:/program files (x86)/cypress/psoc creator/4.2/psoc creator/import/gnu/arm/5.4.1/bin/../lib/gcc/arm-none-eabi/5.4.1/armv7-m/crtn.o
                0x00003f78                . = ALIGN (0x4)
                0x00003f78                __fini_array_start = .
 *(.fini_array)
 .fini_array    0x00003f78        0x4 c:/program files (x86)/cypress/psoc creator/4.2/psoc creator/import/gnu/arm/5.4.1/bin/../lib/gcc/arm-none-eabi/5.4.1/armv7-m/crtbegin.o
 *(SORT(.fini_array.*))
                0x00003f7c                __fini_array_end = .
                0x00003f7c                . = ALIGN (0x4)
 *crtbegin.o(.ctors)
 *(EXCLUDE_FILE(*crtend.o) .ctors)
 *(SORT(.ctors.*))
 *crtend.o(.ctors)
                0x00003f7c                . = ALIGN (0x4)
 *crtbegin.o(.dtors)
 *(EXCLUDE_FILE(*crtend.o) .dtors)
 *(SORT(.dtors.*))
 *crtend.o(.dtors)
                0x00003f7c                . = ALIGN (0x4)
                0x00003f7c                __cy_regions = .
                0x00003f7c        0x4 LONG 0x3f90 __cy_region_init_ram
                0x00003f80        0x4 LONG 0x1fff80c8 __cy_region_start_data
                0x00003f84        0x4 LONG 0xb0 __cy_region_init_size_ram
                0x00003f88        0x4 LONG 0x1b8 __cy_region_zero_size_ram
                0x00003f8c                __cy_regions_end = .
                0x00003f90                . = ALIGN (0x8)
 *fill*         0x00003f8c        0x4 
                0x00003f90                _etext = .

.cy_checksum_exclude
                0x00003f90        0x0
 *(.cy_checksum_exclude)

.ramvectors     0x1fff8000       0xc0
                0x1fff8000                __cy_region_start_ram = .
 *(.ramvectors)
 .ramvectors    0x1fff8000       0xc0 .\CortexM3\ARM_GCC_541\Debug\Cm3Start.o
                0x1fff8000                CyRamVectors

.noinit         0x1fff80c0        0x5
 *(.noinit)
 .noinit        0x1fff80c0        0x4 .\CortexM3\ARM_GCC_541\Debug\Cm3Start.o
 .noinit        0x1fff80c4        0x1 .\CortexM3\ARM_GCC_541\Debug\VGMPlayer_v0.6.a(CyLib.o)
                0x1fff80c4                CyResetStatus

.data           0x1fff80c8       0xb0 load address 0x00003f90
                0x1fff80c8                __cy_region_start_data = .
 *(.jcr)
 .jcr           0x1fff80c8        0x0 c:/program files (x86)/cypress/psoc creator/4.2/psoc creator/import/gnu/arm/5.4.1/bin/../lib/gcc/arm-none-eabi/5.4.1/armv7-m/crtbegin.o
 .jcr           0x1fff80c8        0x4 c:/program files (x86)/cypress/psoc creator/4.2/psoc creator/import/gnu/arm/5.4.1/bin/../lib/gcc/arm-none-eabi/5.4.1/armv7-m/crtend.o
 *(.got.plt)
 *(.got)
 *(.shdata)
 *(.data .data.* .gnu.linkonce.d.*)
 .data          0x1fff80cc        0xc .\CortexM3\ARM_GCC_541\Debug\usb_uart.o
                0x1fff80cc                bufPtr
                0x1fff80d0                EP3
                0x1fff80d4                EP1
 .data          0x1fff80d8       0x1a .\CortexM3\ARM_GCC_541\Debug\VGMPlayer_v0.6.a(USBUART_cdc.o)
                0x1fff80d8                USBUART_linesCoding
 *fill*         0x1fff80f2        0x2 
 .data          0x1fff80f4        0x8 .\CortexM3\ARM_GCC_541\Debug\VGMPlayer_v0.6.a(CyDmac.o)
 .data          0x1fff80fc       0x10 .\CortexM3\ARM_GCC_541\Debug\VGMPlayer_v0.6.a(CyLib.o)
                0x1fff80fc                cydelay_freq_hz
                0x1fff8100                cydelay_freq_khz
                0x1fff8104                cydelay_freq_mhz
                0x1fff8108                cydelay_32k_ms
 .data          0x1fff810c        0x1 .\CortexM3\ARM_GCC_541\Debug\VGMPlayer_v0.6.a(USBUART_ep3_dma.o)
                0x1fff810c                USBUART_ep3_DmaHandle
 .data          0x1fff810d        0x1 .\CortexM3\ARM_GCC_541\Debug\VGMPlayer_v0.6.a(USBUART_ep2_dma.o)
                0x1fff810d                USBUART_ep2_DmaHandle
 .data          0x1fff810e        0x1 .\CortexM3\ARM_GCC_541\Debug\VGMPlayer_v0.6.a(USBUART_ep1_dma.o)
                0x1fff810e                USBUART_ep1_DmaHandle
 *fill*         0x1fff810f        0x1 
 .data.impure_data
                0x1fff8110       0x60 c:/program files (x86)/cypress/psoc creator/4.2/psoc creator/import/gnu/arm/5.4.1/bin/../lib/gcc/arm-none-eabi/5.4.1/../../../../arm-none-eabi/lib/armv7-m\libg_nano.a(lib_a-impure.o)
 .data._impure_ptr
                0x1fff8170        0x4 c:/program files (x86)/cypress/psoc creator/4.2/psoc creator/import/gnu/arm/5.4.1/bin/../lib/gcc/arm-none-eabi/5.4.1/../../../../arm-none-eabi/lib/armv7-m\libg_nano.a(lib_a-impure.o)
                0x1fff8170                _impure_ptr
                0x1fff8178                . = ALIGN (0x8)
 *fill*         0x1fff8174        0x4 
 *(.ram)
                0x1fff8178                _edata = .

.igot.plt       0x1fff8178        0x0 load address 0x00004040
 .igot.plt      0x1fff8178        0x0 c:/program files (x86)/cypress/psoc creator/4.2/psoc creator/import/gnu/arm/5.4.1/bin/../lib/gcc/arm-none-eabi/5.4.1/armv7-m/crtbegin.o

.bss            0x1fff8178      0x1b8 load address 0x00004040
                0x1fff8178                PROVIDE (__bss_start__, .)
 *(.shbss)
 *(.bss .bss.* .gnu.linkonce.b.*)
 .bss           0x1fff8178       0x1c c:/program files (x86)/cypress/psoc creator/4.2/psoc creator/import/gnu/arm/5.4.1/bin/../lib/gcc/arm-none-eabi/5.4.1/armv7-m/crtbegin.o
 .bss           0x1fff8194        0x2 .\CortexM3\ARM_GCC_541\Debug\usb_uart.o
                0x1fff8194                rx_flag
                0x1fff8195                goFlag
 *fill*         0x1fff8196        0x2 
 .bss           0x1fff8198        0xc .\CortexM3\ARM_GCC_541\Debug\main.o
                0x1fff8198                i
                0x1fff8199                j
                0x1fff819a                k
                0x1fff819c                WaitTime
                0x1fff819e                isrFlag
                0x1fff81a0                test
 .bss           0x1fff81a4        0x1 .\CortexM3\ARM_GCC_541\Debug\VGMPlayer_v0.6.a(USBUART.o)
                0x1fff81a4                USBUART_initVar
 .bss           0x1fff81a5        0x1 .\CortexM3\ARM_GCC_541\Debug\VGMPlayer_v0.6.a(USBUART_cdc.o)
 *fill*         0x1fff81a6        0x2 
 .bss           0x1fff81a8        0x2 .\CortexM3\ARM_GCC_541\Debug\VGMPlayer_v0.6.a(USBUART_std.o)
 *(COMMON)
 *fill*         0x1fff81aa        0x2 
 COMMON         0x1fff81ac       0x82 .\CortexM3\ARM_GCC_541\Debug\usb_uart.o
                0x1fff81ac                buffer
                0x1fff822c                count
 *fill*         0x1fff822e        0x2 
 COMMON         0x1fff8230        0xc .\CortexM3\ARM_GCC_541\Debug\main.o
                0x1fff8230                volatile_reg_val_1
                0x1fff8234                volatile_reg_val_0
                0x1fff8238                VGMPtr
 COMMON         0x1fff823c       0x15 .\CortexM3\ARM_GCC_541\Debug\VGMPlayer_v0.6.a(USBUART.o)
                0x1fff823c                USBUART_DmaChan
                0x1fff8248                USBUART_DmaTd
 *fill*         0x1fff8251        0x3 
 COMMON         0x1fff8254       0x18 .\CortexM3\ARM_GCC_541\Debug\VGMPlayer_v0.6.a(USBUART_cdc.o)
                0x1fff8254                USBUART_linesChanged
                0x1fff8258                USBUART_cdcDataInEp
                0x1fff825c                USBUART_cdcCommInInterruptEp
                0x1fff8260                USBUART_cdcDataOutEp
                0x1fff8264                USBUART_serialStateBitmap
                0x1fff8268                USBUART_linesControlBitmap
 COMMON         0x1fff826c       0x9a .\CortexM3\ARM_GCC_541\Debug\VGMPlayer_v0.6.a(USBUART_drv.o)
                0x1fff826c                USBUART_lastPacketSize
                0x1fff826d                USBUART_device
                0x1fff826e                USBUART_transferByteCount
                0x1fff8270                USBUART_transferState
                0x1fff8274                USBUART_interfaceSettingLast
                0x1fff8278                USBUART_currentTD
                0x1fff8284                USBUART_interfaceNumber
                0x1fff8288                USBUART_interfaceClass
                0x1fff828c                USBUART_configurationChanged
                0x1fff828d                USBUART_ep0Mode
                0x1fff828e                USBUART_deviceAddress
                0x1fff828f                USBUART_configuration
                0x1fff8290                USBUART_ep0Count
                0x1fff8291                USBUART_deviceStatus
                0x1fff8294                USBUART_EP
                0x1fff8300                USBUART_interfaceSetting
                0x1fff8302                USBUART_ep0Toggle
                0x1fff8304                USBUART_interfaceStatus
 *fill*         0x1fff8306        0x2 
 COMMON         0x1fff8308       0x22 .\CortexM3\ARM_GCC_541\Debug\VGMPlayer_v0.6.a(USBUART_descr.o)
                0x1fff8308                USBUART_idSerialNumberStringDescriptor
                0x1fff8330                . = ALIGN (0x8)
 *fill*         0x1fff832a        0x6 
 *(.ram.b)
                0x1fff8330                _end = .
                0x1fff8330                __end = .
                0x1fff8330                PROVIDE (end, .)
                0x1fff8330                PROVIDE (__bss_end__, .)
                0x00003f90                __cy_region_init_ram = LOADADDR (.data)
                0x000000b0                __cy_region_init_size_ram = (_edata - ADDR (.data))
                0x000001b8                __cy_region_zero_size_ram = (_end - _edata)

.heap           0x1fff8330       0x80 load address 0x00004040
                0x1fff8330                . = _end
                0x1fff83b0                . = (. + 0x80)
 *fill*         0x1fff8330       0x80 
                0x1fff83b0                __cy_heap_limit = .

.stack          0x20007800      0x800
                0x20007800                __cy_stack_limit = .
                0x20008000                . = (. + 0x800)
 *fill*         0x20007800      0x800 
                0x00000001                ASSERT ((__cy_stack_limit >= __cy_heap_limit), region RAM overflowed with stack)
                0x00000000                cy_checksum_exclude_size = (CY_APPL_LOADABLE == 0x1)?SIZEOF (.cy_checksum_exclude):0x0
                0x00000001                ASSERT ((cy_checksum_exclude_size <= CY_CHECKSUM_EXCLUDE_SIZE), CY_BOOT: Section .cy_checksum_exclude size exceedes specified limit.)

.cyloadermeta
 *(.cyloadermeta)

.cyloadablemeta
 *(.cyloadablemeta)

.cyconfigecc    0x80000000       0xbc
 *(.cyconfigecc)
 .cyconfigecc   0x80000000       0xbc .\CortexM3\ARM_GCC_541\Debug\cymetadata.o
                0x80000000                cy_meta_configecc

.cycustnvl      0x90000000        0x4
 *(.cycustnvl)
 .cycustnvl     0x90000000        0x4 .\CortexM3\ARM_GCC_541\Debug\cymetadata.o
                0x90000000                cy_meta_custnvl

.cywolatch      0x90100000        0x4
 *(.cywolatch)
 .cywolatch     0x90100000        0x4 .\CortexM3\ARM_GCC_541\Debug\cymetadata.o
                0x90100000                cy_meta_wonvl

.cyeeprom       0x90200000        0x0
 *(.cyeeprom)
                0x00000001                ASSERT ((. <= ((0x90200000 + ee_offset) + ee_size)), .cyeeprom data will not fit in EEPROM)

.cyflashprotect
                0x90400000      0x100
 *(.cyflashprotect)
 .cyflashprotect
                0x90400000      0x100 .\CortexM3\ARM_GCC_541\Debug\cymetadata.o
                0x90400000                cy_meta_flashprotect

.cymeta         0x90500000        0xc
 *(.cymeta)
 .cymeta        0x90500000        0xc .\CortexM3\ARM_GCC_541\Debug\cymetadata.o
                0x90500000                cy_metadata

.rel.dyn        0x00004040        0x0 load address 0x9050000c
 .rel.iplt      0x00004040        0x0 c:/program files (x86)/cypress/psoc creator/4.2/psoc creator/import/gnu/arm/5.4.1/bin/../lib/gcc/arm-none-eabi/5.4.1/armv7-m/crtbegin.o

.stab           0x00000000       0x6c
 *(.stab)
 .stab          0x00000000       0x24 c:/program files (x86)/cypress/psoc creator/4.2/psoc creator/import/gnu/arm/5.4.1/bin/../lib/gcc/arm-none-eabi/5.4.1/../../../../arm-none-eabi/lib/armv7-m\libnosys.a(close.o)
 .stab          0x00000024       0x18 c:/program files (x86)/cypress/psoc creator/4.2/psoc creator/import/gnu/arm/5.4.1/bin/../lib/gcc/arm-none-eabi/5.4.1/../../../../arm-none-eabi/lib/armv7-m\libnosys.a(lseek.o)
                                 0x24 (size before relaxing)
 .stab          0x0000003c       0x18 c:/program files (x86)/cypress/psoc creator/4.2/psoc creator/import/gnu/arm/5.4.1/bin/../lib/gcc/arm-none-eabi/5.4.1/../../../../arm-none-eabi/lib/armv7-m\libnosys.a(read.o)
                                 0x24 (size before relaxing)
 .stab          0x00000054       0x18 c:/program files (x86)/cypress/psoc creator/4.2/psoc creator/import/gnu/arm/5.4.1/bin/../lib/gcc/arm-none-eabi/5.4.1/../../../../arm-none-eabi/lib/armv7-m\libnosys.a(write.o)
                                 0x24 (size before relaxing)

.stabstr        0x00000000       0xdf
 *(.stabstr)
 .stabstr       0x00000000       0xdf c:/program files (x86)/cypress/psoc creator/4.2/psoc creator/import/gnu/arm/5.4.1/bin/../lib/gcc/arm-none-eabi/5.4.1/../../../../arm-none-eabi/lib/armv7-m\libnosys.a(close.o)

.debug
 *(.debug)

.line
 *(.line)

.debug_srcinfo
 *(.debug_srcinfo)

.debug_sfnames
 *(.debug_sfnames)

.debug_aranges  0x00000000      0xe38
 *(.debug_aranges)
 .debug_aranges
                0x00000000       0x48 .\CortexM3\ARM_GCC_541\Debug\usb_uart.o
 .debug_aranges
                0x00000048       0x90 .\CortexM3\ARM_GCC_541\Debug\tty_utils.o
 .debug_aranges
                0x000000d8       0x60 .\CortexM3\ARM_GCC_541\Debug\utils.o
 .debug_aranges
                0x00000138       0x28 .\CortexM3\ARM_GCC_541\Debug\func_list.o
 .debug_aranges
                0x00000160       0x60 .\CortexM3\ARM_GCC_541\Debug\main.o
 .debug_aranges
                0x000001c0       0x60 .\CortexM3\ARM_GCC_541\Debug\cyfitter_cfg.o
 .debug_aranges
                0x00000220       0x18 .\CortexM3\ARM_GCC_541\Debug\cymetadata.o
 .debug_aranges
                0x00000238       0x48 .\CortexM3\ARM_GCC_541\Debug\Cm3Start.o
 .debug_aranges
                0x00000280       0xd8 .\CortexM3\ARM_GCC_541\Debug\VGMPlayer_v0.6.a(USBUART.o)
 .debug_aranges
                0x00000358       0xe8 .\CortexM3\ARM_GCC_541\Debug\VGMPlayer_v0.6.a(USBUART_cdc.o)
 .debug_aranges
                0x00000440       0x98 .\CortexM3\ARM_GCC_541\Debug\VGMPlayer_v0.6.a(USBUART_drv.o)
 .debug_aranges
                0x000004d8       0x48 .\CortexM3\ARM_GCC_541\Debug\VGMPlayer_v0.6.a(USBUART_episr.o)
 .debug_aranges
                0x00000520       0x40 .\CortexM3\ARM_GCC_541\Debug\VGMPlayer_v0.6.a(USBUART_pm.o)
 .debug_aranges
                0x00000560       0x80 .\CortexM3\ARM_GCC_541\Debug\VGMPlayer_v0.6.a(USBUART_std.o)
 .debug_aranges
                0x000005e0       0x20 .\CortexM3\ARM_GCC_541\Debug\VGMPlayer_v0.6.a(USBUART_vnd.o)
 .debug_aranges
                0x00000600       0x48 .\CortexM3\ARM_GCC_541\Debug\VGMPlayer_v0.6.a(USBUART_Dp.o)
 .debug_aranges
                0x00000648       0xd8 .\CortexM3\ARM_GCC_541\Debug\VGMPlayer_v0.6.a(CyDmac.o)
 .debug_aranges
                0x00000720      0x2a0 .\CortexM3\ARM_GCC_541\Debug\VGMPlayer_v0.6.a(CyLib.o)
 .debug_aranges
                0x000009c0       0x98 .\CortexM3\ARM_GCC_541\Debug\VGMPlayer_v0.6.a(cyPm.o)
 .debug_aranges
                0x00000a58       0x28 .\CortexM3\ARM_GCC_541\Debug\VGMPlayer_v0.6.a(USBUART_ep3_dma.o)
 .debug_aranges
                0x00000a80       0x28 .\CortexM3\ARM_GCC_541\Debug\VGMPlayer_v0.6.a(USBUART_ep2_dma.o)
 .debug_aranges
                0x00000aa8       0x28 .\CortexM3\ARM_GCC_541\Debug\VGMPlayer_v0.6.a(USBUART_ep1_dma.o)
 .debug_aranges
                0x00000ad0       0x38 .\CortexM3\ARM_GCC_541\Debug\VGMPlayer_v0.6.a(YM_A1.o)
 .debug_aranges
                0x00000b08       0x38 .\CortexM3\ARM_GCC_541\Debug\VGMPlayer_v0.6.a(YM_A0.o)
 .debug_aranges
                0x00000b40       0x38 .\CortexM3\ARM_GCC_541\Debug\VGMPlayer_v0.6.a(YM_RD.o)
 .debug_aranges
                0x00000b78       0x38 .\CortexM3\ARM_GCC_541\Debug\VGMPlayer_v0.6.a(YM_WR.o)
 .debug_aranges
                0x00000bb0       0x38 .\CortexM3\ARM_GCC_541\Debug\VGMPlayer_v0.6.a(YM_CS.o)
 .debug_aranges
                0x00000be8       0x38 .\CortexM3\ARM_GCC_541\Debug\VGMPlayer_v0.6.a(YM_Data.o)
 .debug_aranges
                0x00000c20       0x38 .\CortexM3\ARM_GCC_541\Debug\VGMPlayer_v0.6.a(YM_IC.o)
 .debug_aranges
                0x00000c58       0x80 .\CortexM3\ARM_GCC_541\Debug\VGMPlayer_v0.6.a(isr_1.o)
 .debug_aranges
                0x00000cd8       0x20 .\CortexM3\ARM_GCC_541\Debug\VGMPlayer_v0.6.a(CyBootAsmGnu.o)
 .debug_aranges
                0x00000cf8       0x20 .\CortexM3\ARM_GCC_541\Debug\VGMPlayer_v0.6.a(USBUART_cls.o)
 .debug_aranges
                0x00000d18       0x18 .\CortexM3\ARM_GCC_541\Debug\VGMPlayer_v0.6.a(USBUART_descr.o)
 .debug_aranges
                0x00000d30       0x88 .\CortexM3\ARM_GCC_541\Debug\VGMPlayer_v0.6.a(CyFlash.o)
 .debug_aranges
                0x00000db8       0x80 .\CortexM3\ARM_GCC_541\Debug\VGMPlayer_v0.6.a(CySpc.o)

.debug_pubnames
 *(.debug_pubnames)

.debug_info     0x00000000     0x7297
 *(.debug_info .gnu.linkonce.wi.*)
 .debug_info    0x00000000      0x205 .\CortexM3\ARM_GCC_541\Debug\usb_uart.o
 .debug_info    0x00000205      0x350 .\CortexM3\ARM_GCC_541\Debug\tty_utils.o
 .debug_info    0x00000555      0x269 .\CortexM3\ARM_GCC_541\Debug\utils.o
 .debug_info    0x000007be      0x1ae .\CortexM3\ARM_GCC_541\Debug\func_list.o
 .debug_info    0x0000096c      0x33c .\CortexM3\ARM_GCC_541\Debug\main.o
 .debug_info    0x00000ca8      0x39a .\CortexM3\ARM_GCC_541\Debug\cyfitter_cfg.o
 .debug_info    0x00001042      0x134 .\CortexM3\ARM_GCC_541\Debug\cymetadata.o
 .debug_info    0x00001176      0x32b .\CortexM3\ARM_GCC_541\Debug\Cm3Start.o
 .debug_info    0x000014a1      0x7ad .\CortexM3\ARM_GCC_541\Debug\VGMPlayer_v0.6.a(USBUART.o)
 .debug_info    0x00001c4e      0x924 .\CortexM3\ARM_GCC_541\Debug\VGMPlayer_v0.6.a(USBUART_cdc.o)
 .debug_info    0x00002572      0x52d .\CortexM3\ARM_GCC_541\Debug\VGMPlayer_v0.6.a(USBUART_drv.o)
 .debug_info    0x00002a9f      0x34d .\CortexM3\ARM_GCC_541\Debug\VGMPlayer_v0.6.a(USBUART_episr.o)
 .debug_info    0x00002dec      0x18d .\CortexM3\ARM_GCC_541\Debug\VGMPlayer_v0.6.a(USBUART_pm.o)
 .debug_info    0x00002f79      0x951 .\CortexM3\ARM_GCC_541\Debug\VGMPlayer_v0.6.a(USBUART_std.o)
 .debug_info    0x000038ca       0xef .\CortexM3\ARM_GCC_541\Debug\VGMPlayer_v0.6.a(USBUART_vnd.o)
 .debug_info    0x000039b9      0x171 .\CortexM3\ARM_GCC_541\Debug\VGMPlayer_v0.6.a(USBUART_Dp.o)
 .debug_info    0x00003b2a      0x8c0 .\CortexM3\ARM_GCC_541\Debug\VGMPlayer_v0.6.a(CyDmac.o)
 .debug_info    0x000043ea      0xe51 .\CortexM3\ARM_GCC_541\Debug\VGMPlayer_v0.6.a(CyLib.o)
 .debug_info    0x0000523b      0x57a .\CortexM3\ARM_GCC_541\Debug\VGMPlayer_v0.6.a(cyPm.o)
 .debug_info    0x000057b5      0x11b .\CortexM3\ARM_GCC_541\Debug\VGMPlayer_v0.6.a(USBUART_ep3_dma.o)
 .debug_info    0x000058d0      0x11b .\CortexM3\ARM_GCC_541\Debug\VGMPlayer_v0.6.a(USBUART_ep2_dma.o)
 .debug_info    0x000059eb      0x11b .\CortexM3\ARM_GCC_541\Debug\VGMPlayer_v0.6.a(USBUART_ep1_dma.o)
 .debug_info    0x00005b06      0x11e .\CortexM3\ARM_GCC_541\Debug\VGMPlayer_v0.6.a(YM_A1.o)
 .debug_info    0x00005c24      0x11e .\CortexM3\ARM_GCC_541\Debug\VGMPlayer_v0.6.a(YM_A0.o)
 .debug_info    0x00005d42      0x11e .\CortexM3\ARM_GCC_541\Debug\VGMPlayer_v0.6.a(YM_RD.o)
 .debug_info    0x00005e60      0x11e .\CortexM3\ARM_GCC_541\Debug\VGMPlayer_v0.6.a(YM_WR.o)
 .debug_info    0x00005f7e      0x11e .\CortexM3\ARM_GCC_541\Debug\VGMPlayer_v0.6.a(YM_CS.o)
 .debug_info    0x0000609c      0x11e .\CortexM3\ARM_GCC_541\Debug\VGMPlayer_v0.6.a(YM_Data.o)
 .debug_info    0x000061ba      0x11e .\CortexM3\ARM_GCC_541\Debug\VGMPlayer_v0.6.a(YM_IC.o)
 .debug_info    0x000062d8      0x241 .\CortexM3\ARM_GCC_541\Debug\VGMPlayer_v0.6.a(isr_1.o)
 .debug_info    0x00006519       0x9a .\CortexM3\ARM_GCC_541\Debug\VGMPlayer_v0.6.a(CyBootAsmGnu.o)
 .debug_info    0x000065b3      0x1c8 .\CortexM3\ARM_GCC_541\Debug\VGMPlayer_v0.6.a(USBUART_cls.o)
 .debug_info    0x0000677b      0x2a3 .\CortexM3\ARM_GCC_541\Debug\VGMPlayer_v0.6.a(USBUART_descr.o)
 .debug_info    0x00006a1e      0x3b9 .\CortexM3\ARM_GCC_541\Debug\VGMPlayer_v0.6.a(CyFlash.o)
 .debug_info    0x00006dd7      0x4c0 .\CortexM3\ARM_GCC_541\Debug\VGMPlayer_v0.6.a(CySpc.o)

.debug_abbrev   0x00000000     0x2463
 *(.debug_abbrev)
 .debug_abbrev  0x00000000       0xcd .\CortexM3\ARM_GCC_541\Debug\usb_uart.o
 .debug_abbrev  0x000000cd      0x17a .\CortexM3\ARM_GCC_541\Debug\tty_utils.o
 .debug_abbrev  0x00000247      0x10f .\CortexM3\ARM_GCC_541\Debug\utils.o
 .debug_abbrev  0x00000356       0xf2 .\CortexM3\ARM_GCC_541\Debug\func_list.o
 .debug_abbrev  0x00000448      0x160 .\CortexM3\ARM_GCC_541\Debug\main.o
 .debug_abbrev  0x000005a8      0x19d .\CortexM3\ARM_GCC_541\Debug\cyfitter_cfg.o
 .debug_abbrev  0x00000745       0x5d .\CortexM3\ARM_GCC_541\Debug\cymetadata.o
 .debug_abbrev  0x000007a2      0x1d6 .\CortexM3\ARM_GCC_541\Debug\Cm3Start.o
 .debug_abbrev  0x00000978      0x1f9 .\CortexM3\ARM_GCC_541\Debug\VGMPlayer_v0.6.a(USBUART.o)
 .debug_abbrev  0x00000b71      0x233 .\CortexM3\ARM_GCC_541\Debug\VGMPlayer_v0.6.a(USBUART_cdc.o)
 .debug_abbrev  0x00000da4      0x161 .\CortexM3\ARM_GCC_541\Debug\VGMPlayer_v0.6.a(USBUART_drv.o)
 .debug_abbrev  0x00000f05      0x14d .\CortexM3\ARM_GCC_541\Debug\VGMPlayer_v0.6.a(USBUART_episr.o)
 .debug_abbrev  0x00001052       0xd1 .\CortexM3\ARM_GCC_541\Debug\VGMPlayer_v0.6.a(USBUART_pm.o)
 .debug_abbrev  0x00001123      0x1c2 .\CortexM3\ARM_GCC_541\Debug\VGMPlayer_v0.6.a(USBUART_std.o)
 .debug_abbrev  0x000012e5       0x9b .\CortexM3\ARM_GCC_541\Debug\VGMPlayer_v0.6.a(USBUART_vnd.o)
 .debug_abbrev  0x00001380       0x90 .\CortexM3\ARM_GCC_541\Debug\VGMPlayer_v0.6.a(USBUART_Dp.o)
 .debug_abbrev  0x00001410      0x194 .\CortexM3\ARM_GCC_541\Debug\VGMPlayer_v0.6.a(CyDmac.o)
 .debug_abbrev  0x000015a4      0x217 .\CortexM3\ARM_GCC_541\Debug\VGMPlayer_v0.6.a(CyLib.o)
 .debug_abbrev  0x000017bb      0x161 .\CortexM3\ARM_GCC_541\Debug\VGMPlayer_v0.6.a(cyPm.o)
 .debug_abbrev  0x0000191c       0x8b .\CortexM3\ARM_GCC_541\Debug\VGMPlayer_v0.6.a(USBUART_ep3_dma.o)
 .debug_abbrev  0x000019a7       0x8b .\CortexM3\ARM_GCC_541\Debug\VGMPlayer_v0.6.a(USBUART_ep2_dma.o)
 .debug_abbrev  0x00001a32       0x8b .\CortexM3\ARM_GCC_541\Debug\VGMPlayer_v0.6.a(USBUART_ep1_dma.o)
 .debug_abbrev  0x00001abd       0x90 .\CortexM3\ARM_GCC_541\Debug\VGMPlayer_v0.6.a(YM_A1.o)
 .debug_abbrev  0x00001b4d       0x90 .\CortexM3\ARM_GCC_541\Debug\VGMPlayer_v0.6.a(YM_A0.o)
 .debug_abbrev  0x00001bdd       0x90 .\CortexM3\ARM_GCC_541\Debug\VGMPlayer_v0.6.a(YM_RD.o)
 .debug_abbrev  0x00001c6d       0x90 .\CortexM3\ARM_GCC_541\Debug\VGMPlayer_v0.6.a(YM_WR.o)
 .debug_abbrev  0x00001cfd       0x90 .\CortexM3\ARM_GCC_541\Debug\VGMPlayer_v0.6.a(YM_CS.o)
 .debug_abbrev  0x00001d8d       0x90 .\CortexM3\ARM_GCC_541\Debug\VGMPlayer_v0.6.a(YM_Data.o)
 .debug_abbrev  0x00001e1d       0x90 .\CortexM3\ARM_GCC_541\Debug\VGMPlayer_v0.6.a(YM_IC.o)
 .debug_abbrev  0x00001ead      0x172 .\CortexM3\ARM_GCC_541\Debug\VGMPlayer_v0.6.a(isr_1.o)
 .debug_abbrev  0x0000201f       0x14 .\CortexM3\ARM_GCC_541\Debug\VGMPlayer_v0.6.a(CyBootAsmGnu.o)
 .debug_abbrev  0x00002033       0xc5 .\CortexM3\ARM_GCC_541\Debug\VGMPlayer_v0.6.a(USBUART_cls.o)
 .debug_abbrev  0x000020f8       0xb4 .\CortexM3\ARM_GCC_541\Debug\VGMPlayer_v0.6.a(USBUART_descr.o)
 .debug_abbrev  0x000021ac      0x14b .\CortexM3\ARM_GCC_541\Debug\VGMPlayer_v0.6.a(CyFlash.o)
 .debug_abbrev  0x000022f7      0x16c .\CortexM3\ARM_GCC_541\Debug\VGMPlayer_v0.6.a(CySpc.o)

.debug_line     0x00000000     0x3c12
 *(.debug_line)
 .debug_line    0x00000000      0x1d6 .\CortexM3\ARM_GCC_541\Debug\usb_uart.o
 .debug_line    0x000001d6      0x2cd .\CortexM3\ARM_GCC_541\Debug\tty_utils.o
 .debug_line    0x000004a3      0x21a .\CortexM3\ARM_GCC_541\Debug\utils.o
 .debug_line    0x000006bd      0x1b2 .\CortexM3\ARM_GCC_541\Debug\func_list.o
 .debug_line    0x0000086f      0x2a1 .\CortexM3\ARM_GCC_541\Debug\main.o
 .debug_line    0x00000b10      0x1f5 .\CortexM3\ARM_GCC_541\Debug\cyfitter_cfg.o
 .debug_line    0x00000d05      0x141 .\CortexM3\ARM_GCC_541\Debug\cymetadata.o
 .debug_line    0x00000e46      0x1db .\CortexM3\ARM_GCC_541\Debug\Cm3Start.o
 .debug_line    0x00001021      0x386 .\CortexM3\ARM_GCC_541\Debug\VGMPlayer_v0.6.a(USBUART.o)
 .debug_line    0x000013a7      0x321 .\CortexM3\ARM_GCC_541\Debug\VGMPlayer_v0.6.a(USBUART_cdc.o)
 .debug_line    0x000016c8      0x21f .\CortexM3\ARM_GCC_541\Debug\VGMPlayer_v0.6.a(USBUART_drv.o)
 .debug_line    0x000018e7      0x126 .\CortexM3\ARM_GCC_541\Debug\VGMPlayer_v0.6.a(USBUART_episr.o)
 .debug_line    0x00001a0d       0xe7 .\CortexM3\ARM_GCC_541\Debug\VGMPlayer_v0.6.a(USBUART_pm.o)
 .debug_line    0x00001af4      0x476 .\CortexM3\ARM_GCC_541\Debug\VGMPlayer_v0.6.a(USBUART_std.o)
 .debug_line    0x00001f6a       0x79 .\CortexM3\ARM_GCC_541\Debug\VGMPlayer_v0.6.a(USBUART_vnd.o)
 .debug_line    0x00001fe3       0xbf .\CortexM3\ARM_GCC_541\Debug\VGMPlayer_v0.6.a(USBUART_Dp.o)
 .debug_line    0x000020a2      0x2b6 .\CortexM3\ARM_GCC_541\Debug\VGMPlayer_v0.6.a(CyDmac.o)
 .debug_line    0x00002358      0x883 .\CortexM3\ARM_GCC_541\Debug\VGMPlayer_v0.6.a(CyLib.o)
 .debug_line    0x00002bdb      0x38e .\CortexM3\ARM_GCC_541\Debug\VGMPlayer_v0.6.a(cyPm.o)
 .debug_line    0x00002f69       0x7e .\CortexM3\ARM_GCC_541\Debug\VGMPlayer_v0.6.a(USBUART_ep3_dma.o)
 .debug_line    0x00002fe7       0x7e .\CortexM3\ARM_GCC_541\Debug\VGMPlayer_v0.6.a(USBUART_ep2_dma.o)
 .debug_line    0x00003065       0x7e .\CortexM3\ARM_GCC_541\Debug\VGMPlayer_v0.6.a(USBUART_ep1_dma.o)
 .debug_line    0x000030e3       0x95 .\CortexM3\ARM_GCC_541\Debug\VGMPlayer_v0.6.a(YM_A1.o)
 .debug_line    0x00003178       0x95 .\CortexM3\ARM_GCC_541\Debug\VGMPlayer_v0.6.a(YM_A0.o)
 .debug_line    0x0000320d       0x95 .\CortexM3\ARM_GCC_541\Debug\VGMPlayer_v0.6.a(YM_RD.o)
 .debug_line    0x000032a2       0x95 .\CortexM3\ARM_GCC_541\Debug\VGMPlayer_v0.6.a(YM_WR.o)
 .debug_line    0x00003337       0x95 .\CortexM3\ARM_GCC_541\Debug\VGMPlayer_v0.6.a(YM_CS.o)
 .debug_line    0x000033cc       0xa5 .\CortexM3\ARM_GCC_541\Debug\VGMPlayer_v0.6.a(YM_Data.o)
 .debug_line    0x00003471       0x95 .\CortexM3\ARM_GCC_541\Debug\VGMPlayer_v0.6.a(YM_IC.o)
 .debug_line    0x00003506      0x150 .\CortexM3\ARM_GCC_541\Debug\VGMPlayer_v0.6.a(isr_1.o)
 .debug_line    0x00003656       0x66 .\CortexM3\ARM_GCC_541\Debug\VGMPlayer_v0.6.a(CyBootAsmGnu.o)
 .debug_line    0x000036bc       0x95 .\CortexM3\ARM_GCC_541\Debug\VGMPlayer_v0.6.a(USBUART_cls.o)
 .debug_line    0x00003751       0x61 .\CortexM3\ARM_GCC_541\Debug\VGMPlayer_v0.6.a(USBUART_descr.o)
 .debug_line    0x000037b2      0x22f .\CortexM3\ARM_GCC_541\Debug\VGMPlayer_v0.6.a(CyFlash.o)
 .debug_line    0x000039e1      0x231 .\CortexM3\ARM_GCC_541\Debug\VGMPlayer_v0.6.a(CySpc.o)

.debug_frame    0x00000000     0x3f20
 *(.debug_frame)
 .debug_frame   0x00000000       0xd0 .\CortexM3\ARM_GCC_541\Debug\usb_uart.o
 .debug_frame   0x000000d0      0x240 .\CortexM3\ARM_GCC_541\Debug\tty_utils.o
 .debug_frame   0x00000310      0x128 .\CortexM3\ARM_GCC_541\Debug\utils.o
 .debug_frame   0x00000438       0x60 .\CortexM3\ARM_GCC_541\Debug\func_list.o
 .debug_frame   0x00000498      0x13c .\CortexM3\ARM_GCC_541\Debug\main.o
 .debug_frame   0x000005d4      0x16c .\CortexM3\ARM_GCC_541\Debug\cyfitter_cfg.o
 .debug_frame   0x00000740       0xd8 .\CortexM3\ARM_GCC_541\Debug\Cm3Start.o
 .debug_frame   0x00000818      0x3c8 .\CortexM3\ARM_GCC_541\Debug\VGMPlayer_v0.6.a(USBUART.o)
 .debug_frame   0x00000be0      0x3ec .\CortexM3\ARM_GCC_541\Debug\VGMPlayer_v0.6.a(USBUART_cdc.o)
 .debug_frame   0x00000fcc      0x23c .\CortexM3\ARM_GCC_541\Debug\VGMPlayer_v0.6.a(USBUART_drv.o)
 .debug_frame   0x00001208       0xdc .\CortexM3\ARM_GCC_541\Debug\VGMPlayer_v0.6.a(USBUART_episr.o)
 .debug_frame   0x000012e4       0xbc .\CortexM3\ARM_GCC_541\Debug\VGMPlayer_v0.6.a(USBUART_pm.o)
 .debug_frame   0x000013a0      0x224 .\CortexM3\ARM_GCC_541\Debug\VGMPlayer_v0.6.a(USBUART_std.o)
 .debug_frame   0x000015c4       0x38 .\CortexM3\ARM_GCC_541\Debug\VGMPlayer_v0.6.a(USBUART_vnd.o)
 .debug_frame   0x000015fc       0xf4 .\CortexM3\ARM_GCC_541\Debug\VGMPlayer_v0.6.a(USBUART_Dp.o)
 .debug_frame   0x000016f0      0x3d0 .\CortexM3\ARM_GCC_541\Debug\VGMPlayer_v0.6.a(CyDmac.o)
 .debug_frame   0x00001ac0      0xc0c .\CortexM3\ARM_GCC_541\Debug\VGMPlayer_v0.6.a(CyLib.o)
 .debug_frame   0x000026cc      0x234 .\CortexM3\ARM_GCC_541\Debug\VGMPlayer_v0.6.a(cyPm.o)
 .debug_frame   0x00002900       0x58 .\CortexM3\ARM_GCC_541\Debug\VGMPlayer_v0.6.a(USBUART_ep3_dma.o)
 .debug_frame   0x00002958       0x58 .\CortexM3\ARM_GCC_541\Debug\VGMPlayer_v0.6.a(USBUART_ep2_dma.o)
 .debug_frame   0x000029b0       0x58 .\CortexM3\ARM_GCC_541\Debug\VGMPlayer_v0.6.a(USBUART_ep1_dma.o)
 .debug_frame   0x00002a08       0xa8 .\CortexM3\ARM_GCC_541\Debug\VGMPlayer_v0.6.a(YM_A1.o)
 .debug_frame   0x00002ab0       0xa8 .\CortexM3\ARM_GCC_541\Debug\VGMPlayer_v0.6.a(YM_A0.o)
 .debug_frame   0x00002b58       0xa8 .\CortexM3\ARM_GCC_541\Debug\VGMPlayer_v0.6.a(YM_RD.o)
 .debug_frame   0x00002c00       0xa8 .\CortexM3\ARM_GCC_541\Debug\VGMPlayer_v0.6.a(YM_WR.o)
 .debug_frame   0x00002ca8       0xa8 .\CortexM3\ARM_GCC_541\Debug\VGMPlayer_v0.6.a(YM_CS.o)
 .debug_frame   0x00002d50       0xa8 .\CortexM3\ARM_GCC_541\Debug\VGMPlayer_v0.6.a(YM_Data.o)
 .debug_frame   0x00002df8       0xa8 .\CortexM3\ARM_GCC_541\Debug\VGMPlayer_v0.6.a(YM_IC.o)
 .debug_frame   0x00002ea0      0x1e8 .\CortexM3\ARM_GCC_541\Debug\VGMPlayer_v0.6.a(isr_1.o)
 .debug_frame   0x00003088       0x38 .\CortexM3\ARM_GCC_541\Debug\VGMPlayer_v0.6.a(USBUART_cls.o)
 .debug_frame   0x000030c0      0x238 .\CortexM3\ARM_GCC_541\Debug\VGMPlayer_v0.6.a(CyFlash.o)
 .debug_frame   0x000032f8      0x228 .\CortexM3\ARM_GCC_541\Debug\VGMPlayer_v0.6.a(CySpc.o)
 .debug_frame   0x00003520       0x20 c:/program files (x86)/cypress/psoc creator/4.2/psoc creator/import/gnu/arm/5.4.1/bin/../lib/gcc/arm-none-eabi/5.4.1/../../../../arm-none-eabi/lib/armv7-m\libg_nano.a(lib_a-errno.o)
 .debug_frame   0x00003540       0x28 c:/program files (x86)/cypress/psoc creator/4.2/psoc creator/import/gnu/arm/5.4.1/bin/../lib/gcc/arm-none-eabi/5.4.1/../../../../arm-none-eabi/lib/armv7-m\libg_nano.a(lib_a-exit.o)
 .debug_frame   0x00003568       0x2c c:/program files (x86)/cypress/psoc creator/4.2/psoc creator/import/gnu/arm/5.4.1/bin/../lib/gcc/arm-none-eabi/5.4.1/../../../../arm-none-eabi/lib/armv7-m\libg_nano.a(lib_a-init.o)
 .debug_frame   0x00003594       0x28 c:/program files (x86)/cypress/psoc creator/4.2/psoc creator/import/gnu/arm/5.4.1/bin/../lib/gcc/arm-none-eabi/5.4.1/../../../../arm-none-eabi/lib/armv7-m\libg_nano.a(lib_a-memcpy-stub.o)
 .debug_frame   0x000035bc       0x20 c:/program files (x86)/cypress/psoc creator/4.2/psoc creator/import/gnu/arm/5.4.1/bin/../lib/gcc/arm-none-eabi/5.4.1/../../../../arm-none-eabi/lib/armv7-m\libg_nano.a(lib_a-memset.o)
 .debug_frame   0x000035dc       0x74 c:/program files (x86)/cypress/psoc creator/4.2/psoc creator/import/gnu/arm/5.4.1/bin/../lib/gcc/arm-none-eabi/5.4.1/../../../../arm-none-eabi/lib/armv7-m\libg_nano.a(lib_a-snprintf.o)
 .debug_frame   0x00003650       0x80 c:/program files (x86)/cypress/psoc creator/4.2/psoc creator/import/gnu/arm/5.4.1/bin/../lib/gcc/arm-none-eabi/5.4.1/../../../../arm-none-eabi/lib/armv7-m\libg_nano.a(lib_a-sscanf.o)
 .debug_frame   0x000036d0       0x88 c:/program files (x86)/cypress/psoc creator/4.2/psoc creator/import/gnu/arm/5.4.1/bin/../lib/gcc/arm-none-eabi/5.4.1/../../../../arm-none-eabi/lib/armv7-m\libg_nano.a(lib_a-stdio.o)
 .debug_frame   0x00003758       0x20 c:/program files (x86)/cypress/psoc creator/4.2/psoc creator/import/gnu/arm/5.4.1/bin/../lib/gcc/arm-none-eabi/5.4.1/../../../../arm-none-eabi/lib/armv7-m\libg_nano.a(lib_a-strcmp.o)
 .debug_frame   0x00003778       0x2c c:/program files (x86)/cypress/psoc creator/4.2/psoc creator/import/gnu/arm/5.4.1/bin/../lib/gcc/arm-none-eabi/5.4.1/../../../../arm-none-eabi/lib/armv7-m\libg_nano.a(lib_a-writer.o)
 .debug_frame   0x000037a4       0x2c c:/program files (x86)/cypress/psoc creator/4.2/psoc creator/import/gnu/arm/5.4.1/bin/../lib/gcc/arm-none-eabi/5.4.1/../../../../arm-none-eabi/lib/armv7-m\libg_nano.a(lib_a-closer.o)
 .debug_frame   0x000037d0       0x2c c:/program files (x86)/cypress/psoc creator/4.2/psoc creator/import/gnu/arm/5.4.1/bin/../lib/gcc/arm-none-eabi/5.4.1/../../../../arm-none-eabi/lib/armv7-m\libg_nano.a(lib_a-lseekr.o)
 .debug_frame   0x000037fc       0x90 c:/program files (x86)/cypress/psoc creator/4.2/psoc creator/import/gnu/arm/5.4.1/bin/../lib/gcc/arm-none-eabi/5.4.1/../../../../arm-none-eabi/lib/armv7-m\libg_nano.a(lib_a-nano-svfprintf.o)
 .debug_frame   0x0000388c       0x74 c:/program files (x86)/cypress/psoc creator/4.2/psoc creator/import/gnu/arm/5.4.1/bin/../lib/gcc/arm-none-eabi/5.4.1/../../../../arm-none-eabi/lib/armv7-m\libg_nano.a(lib_a-nano-svfscanf.o)
 .debug_frame   0x00003900       0x60 c:/program files (x86)/cypress/psoc creator/4.2/psoc creator/import/gnu/arm/5.4.1/bin/../lib/gcc/arm-none-eabi/5.4.1/../../../../arm-none-eabi/lib/armv7-m\libg_nano.a(lib_a-nano-vfprintf_i.o)
 .debug_frame   0x00003960       0x60 c:/program files (x86)/cypress/psoc creator/4.2/psoc creator/import/gnu/arm/5.4.1/bin/../lib/gcc/arm-none-eabi/5.4.1/../../../../arm-none-eabi/lib/armv7-m\libg_nano.a(lib_a-nano-vfscanf_i.o)
 .debug_frame   0x000039c0       0x2c c:/program files (x86)/cypress/psoc creator/4.2/psoc creator/import/gnu/arm/5.4.1/bin/../lib/gcc/arm-none-eabi/5.4.1/../../../../arm-none-eabi/lib/armv7-m\libg_nano.a(lib_a-readr.o)
 .debug_frame   0x000039ec       0x5c c:/program files (x86)/cypress/psoc creator/4.2/psoc creator/import/gnu/arm/5.4.1/bin/../lib/gcc/arm-none-eabi/5.4.1/../../../../arm-none-eabi/lib/armv7-m\libg_nano.a(lib_a-reent.o)
 .debug_frame   0x00003a48       0x2c c:/program files (x86)/cypress/psoc creator/4.2/psoc creator/import/gnu/arm/5.4.1/bin/../lib/gcc/arm-none-eabi/5.4.1/../../../../arm-none-eabi/lib/armv7-m\libg_nano.a(lib_a-sccl.o)
 .debug_frame   0x00003a74       0x44 c:/program files (x86)/cypress/psoc creator/4.2/psoc creator/import/gnu/arm/5.4.1/bin/../lib/gcc/arm-none-eabi/5.4.1/../../../../arm-none-eabi/lib/armv7-m\libg_nano.a(lib_a-strtol.o)
 .debug_frame   0x00003ab8       0x44 c:/program files (x86)/cypress/psoc creator/4.2/psoc creator/import/gnu/arm/5.4.1/bin/../lib/gcc/arm-none-eabi/5.4.1/../../../../arm-none-eabi/lib/armv7-m\libg_nano.a(lib_a-strtoul.o)
 .debug_frame   0x00003afc       0x60 c:/program files (x86)/cypress/psoc creator/4.2/psoc creator/import/gnu/arm/5.4.1/bin/../lib/gcc/arm-none-eabi/5.4.1/../../../../arm-none-eabi/lib/armv7-m\libg_nano.a(lib_a-ungetc.o)
 .debug_frame   0x00003b5c       0x68 c:/program files (x86)/cypress/psoc creator/4.2/psoc creator/import/gnu/arm/5.4.1/bin/../lib/gcc/arm-none-eabi/5.4.1/../../../../arm-none-eabi/lib/armv7-m\libg_nano.a(lib_a-fflush.o)
 .debug_frame   0x00003bc4      0x11c c:/program files (x86)/cypress/psoc creator/4.2/psoc creator/import/gnu/arm/5.4.1/bin/../lib/gcc/arm-none-eabi/5.4.1/../../../../arm-none-eabi/lib/armv7-m\libg_nano.a(lib_a-findfp.o)
 .debug_frame   0x00003ce0       0x54 c:/program files (x86)/cypress/psoc creator/4.2/psoc creator/import/gnu/arm/5.4.1/bin/../lib/gcc/arm-none-eabi/5.4.1/../../../../arm-none-eabi/lib/armv7-m\libg_nano.a(lib_a-fwalk.o)
 .debug_frame   0x00003d34       0x28 c:/program files (x86)/cypress/psoc creator/4.2/psoc creator/import/gnu/arm/5.4.1/bin/../lib/gcc/arm-none-eabi/5.4.1/../../../../arm-none-eabi/lib/armv7-m\libg_nano.a(lib_a-memchr-stub.o)
 .debug_frame   0x00003d5c       0x28 c:/program files (x86)/cypress/psoc creator/4.2/psoc creator/import/gnu/arm/5.4.1/bin/../lib/gcc/arm-none-eabi/5.4.1/../../../../arm-none-eabi/lib/armv7-m\libg_nano.a(lib_a-memmove.o)
 .debug_frame   0x00003d84       0x38 c:/program files (x86)/cypress/psoc creator/4.2/psoc creator/import/gnu/arm/5.4.1/bin/../lib/gcc/arm-none-eabi/5.4.1/../../../../arm-none-eabi/lib/armv7-m\libg_nano.a(lib_a-nano-freer.o)
 .debug_frame   0x00003dbc       0x2c c:/program files (x86)/cypress/psoc creator/4.2/psoc creator/import/gnu/arm/5.4.1/bin/../lib/gcc/arm-none-eabi/5.4.1/../../../../arm-none-eabi/lib/armv7-m\libg_nano.a(lib_a-nano-mallocr.o)
 .debug_frame   0x00003de8       0x3c c:/program files (x86)/cypress/psoc creator/4.2/psoc creator/import/gnu/arm/5.4.1/bin/../lib/gcc/arm-none-eabi/5.4.1/../../../../arm-none-eabi/lib/armv7-m\libg_nano.a(lib_a-nano-reallocr.o)
 .debug_frame   0x00003e24       0x2c c:/program files (x86)/cypress/psoc creator/4.2/psoc creator/import/gnu/arm/5.4.1/bin/../lib/gcc/arm-none-eabi/5.4.1/../../../../arm-none-eabi/lib/armv7-m\libg_nano.a(lib_a-sbrkr.o)
 .debug_frame   0x00003e50       0x30 c:/program files (x86)/cypress/psoc creator/4.2/psoc creator/import/gnu/arm/5.4.1/bin/../lib/gcc/arm-none-eabi/5.4.1/../../../../arm-none-eabi/lib/armv7-m\libg_nano.a(lib_a-mlock.o)
 .debug_frame   0x00003e80       0x20 c:/program files (x86)/cypress/psoc creator/4.2/psoc creator/import/gnu/arm/5.4.1/bin/../lib/gcc/arm-none-eabi/5.4.1/../../../../arm-none-eabi/lib/armv7-m\libg_nano.a(lib_a-nano-msizer.o)
 .debug_frame   0x00003ea0       0x20 c:/program files (x86)/cypress/psoc creator/4.2/psoc creator/import/gnu/arm/5.4.1/bin/../lib/gcc/arm-none-eabi/5.4.1/../../../../arm-none-eabi/lib/armv7-m\libnosys.a(close.o)
 .debug_frame   0x00003ec0       0x20 c:/program files (x86)/cypress/psoc creator/4.2/psoc creator/import/gnu/arm/5.4.1/bin/../lib/gcc/arm-none-eabi/5.4.1/../../../../arm-none-eabi/lib/armv7-m\libnosys.a(lseek.o)
 .debug_frame   0x00003ee0       0x20 c:/program files (x86)/cypress/psoc creator/4.2/psoc creator/import/gnu/arm/5.4.1/bin/../lib/gcc/arm-none-eabi/5.4.1/../../../../arm-none-eabi/lib/armv7-m\libnosys.a(read.o)
 .debug_frame   0x00003f00       0x20 c:/program files (x86)/cypress/psoc creator/4.2/psoc creator/import/gnu/arm/5.4.1/bin/../lib/gcc/arm-none-eabi/5.4.1/../../../../arm-none-eabi/lib/armv7-m\libnosys.a(write.o)

.debug_str      0x00000000     0x2ff9
 *(.debug_str)
 .debug_str     0x00000000      0x226 .\CortexM3\ARM_GCC_541\Debug\usb_uart.o
                                0x286 (size before relaxing)
 .debug_str     0x00000226       0xd8 .\CortexM3\ARM_GCC_541\Debug\tty_utils.o
                                0x2a8 (size before relaxing)
 .debug_str     0x000002fe       0xb0 .\CortexM3\ARM_GCC_541\Debug\utils.o
                                0x2a1 (size before relaxing)
 .debug_str     0x000003ae       0x1f .\CortexM3\ARM_GCC_541\Debug\func_list.o
                                0x212 (size before relaxing)
 .debug_str     0x000003cd      0x11d .\CortexM3\ARM_GCC_541\Debug\main.o
                                0x31e (size before relaxing)
 .debug_str     0x000004ea      0x163 .\CortexM3\ARM_GCC_541\Debug\cyfitter_cfg.o
                                0x320 (size before relaxing)
 .debug_str     0x0000064d       0x75 .\CortexM3\ARM_GCC_541\Debug\cymetadata.o
                                0x201 (size before relaxing)
 .debug_str     0x000006c2      0x11e .\CortexM3\ARM_GCC_541\Debug\Cm3Start.o
                                0x2f4 (size before relaxing)
 .debug_str     0x000007e0      0x46f .\CortexM3\ARM_GCC_541\Debug\VGMPlayer_v0.6.a(USBUART.o)
                                0x64a (size before relaxing)
 .debug_str     0x00000c4f      0x4d8 .\CortexM3\ARM_GCC_541\Debug\VGMPlayer_v0.6.a(USBUART_cdc.o)
                                0x737 (size before relaxing)
 .debug_str     0x00001127      0x296 .\CortexM3\ARM_GCC_541\Debug\VGMPlayer_v0.6.a(USBUART_drv.o)
                                0x617 (size before relaxing)
 .debug_str     0x000013bd       0xa7 .\CortexM3\ARM_GCC_541\Debug\VGMPlayer_v0.6.a(USBUART_episr.o)
                                0x379 (size before relaxing)
 .debug_str     0x00001464       0xac .\CortexM3\ARM_GCC_541\Debug\VGMPlayer_v0.6.a(USBUART_pm.o)
                                0x288 (size before relaxing)
 .debug_str     0x00001510      0x2a3 .\CortexM3\ARM_GCC_541\Debug\VGMPlayer_v0.6.a(USBUART_std.o)
                                0x75f (size before relaxing)
 .debug_str     0x000017b3       0x3e .\CortexM3\ARM_GCC_541\Debug\VGMPlayer_v0.6.a(USBUART_vnd.o)
                                0x20a (size before relaxing)
 .debug_str     0x000017f1       0xbe .\CortexM3\ARM_GCC_541\Debug\VGMPlayer_v0.6.a(USBUART_Dp.o)
                                0x25e (size before relaxing)
 .debug_str     0x000018af      0x358 .\CortexM3\ARM_GCC_541\Debug\VGMPlayer_v0.6.a(CyDmac.o)
                                0x53a (size before relaxing)
 .debug_str     0x00001c07      0x7ca .\CortexM3\ARM_GCC_541\Debug\VGMPlayer_v0.6.a(CyLib.o)
                                0xa07 (size before relaxing)
 .debug_str     0x000023d1      0x371 .\CortexM3\ARM_GCC_541\Debug\VGMPlayer_v0.6.a(cyPm.o)
                                0x560 (size before relaxing)
 .debug_str     0x00002742       0xab .\CortexM3\ARM_GCC_541\Debug\VGMPlayer_v0.6.a(USBUART_ep3_dma.o)
                                0x250 (size before relaxing)
 .debug_str     0x000027ed       0x70 .\CortexM3\ARM_GCC_541\Debug\VGMPlayer_v0.6.a(USBUART_ep2_dma.o)
                                0x250 (size before relaxing)
 .debug_str     0x0000285d       0x70 .\CortexM3\ARM_GCC_541\Debug\VGMPlayer_v0.6.a(USBUART_ep1_dma.o)
                                0x250 (size before relaxing)
 .debug_str     0x000028cd       0x5b .\CortexM3\ARM_GCC_541\Debug\VGMPlayer_v0.6.a(YM_A1.o)
                                0x1ff (size before relaxing)
 .debug_str     0x00002928       0x5b .\CortexM3\ARM_GCC_541\Debug\VGMPlayer_v0.6.a(YM_A0.o)
                                0x1ff (size before relaxing)
 .debug_str     0x00002983       0x5b .\CortexM3\ARM_GCC_541\Debug\VGMPlayer_v0.6.a(YM_RD.o)
                                0x1ff (size before relaxing)
 .debug_str     0x000029de       0x5b .\CortexM3\ARM_GCC_541\Debug\VGMPlayer_v0.6.a(YM_WR.o)
                                0x1ff (size before relaxing)
 .debug_str     0x00002a39       0x5b .\CortexM3\ARM_GCC_541\Debug\VGMPlayer_v0.6.a(YM_CS.o)
                                0x1ff (size before relaxing)
 .debug_str     0x00002a94       0x65 .\CortexM3\ARM_GCC_541\Debug\VGMPlayer_v0.6.a(YM_Data.o)
                                0x209 (size before relaxing)
 .debug_str     0x00002af9       0x5b .\CortexM3\ARM_GCC_541\Debug\VGMPlayer_v0.6.a(YM_IC.o)
                                0x1ff (size before relaxing)
 .debug_str     0x00002b54       0xe6 .\CortexM3\ARM_GCC_541\Debug\VGMPlayer_v0.6.a(isr_1.o)
                                0x2c3 (size before relaxing)
 .debug_str     0x00002c3a       0x3f .\CortexM3\ARM_GCC_541\Debug\VGMPlayer_v0.6.a(USBUART_cls.o)
                                0x2ac (size before relaxing)
 .debug_str     0x00002c79      0x104 .\CortexM3\ARM_GCC_541\Debug\VGMPlayer_v0.6.a(USBUART_descr.o)
                                0x376 (size before relaxing)
 .debug_str     0x00002d7d      0x14f .\CortexM3\ARM_GCC_541\Debug\VGMPlayer_v0.6.a(CyFlash.o)
                                0x324 (size before relaxing)
 .debug_str     0x00002ecc      0x12d .\CortexM3\ARM_GCC_541\Debug\VGMPlayer_v0.6.a(CySpc.o)
                                0x31e (size before relaxing)

.debug_loc
 *(.debug_loc)

.debug_macinfo
 *(.debug_macinfo)

.debug_ranges   0x00000000      0xbe8
 *(.debug_ranges)
 .debug_ranges  0x00000000       0x38 .\CortexM3\ARM_GCC_541\Debug\usb_uart.o
 .debug_ranges  0x00000038       0x80 .\CortexM3\ARM_GCC_541\Debug\tty_utils.o
 .debug_ranges  0x000000b8       0x50 .\CortexM3\ARM_GCC_541\Debug\utils.o
 .debug_ranges  0x00000108       0x18 .\CortexM3\ARM_GCC_541\Debug\func_list.o
 .debug_ranges  0x00000120       0x50 .\CortexM3\ARM_GCC_541\Debug\main.o
 .debug_ranges  0x00000170       0x50 .\CortexM3\ARM_GCC_541\Debug\cyfitter_cfg.o
 .debug_ranges  0x000001c0       0x38 .\CortexM3\ARM_GCC_541\Debug\Cm3Start.o
 .debug_ranges  0x000001f8       0xc8 .\CortexM3\ARM_GCC_541\Debug\VGMPlayer_v0.6.a(USBUART.o)
 .debug_ranges  0x000002c0       0xd8 .\CortexM3\ARM_GCC_541\Debug\VGMPlayer_v0.6.a(USBUART_cdc.o)
 .debug_ranges  0x00000398       0x88 .\CortexM3\ARM_GCC_541\Debug\VGMPlayer_v0.6.a(USBUART_drv.o)
 .debug_ranges  0x00000420       0x38 .\CortexM3\ARM_GCC_541\Debug\VGMPlayer_v0.6.a(USBUART_episr.o)
 .debug_ranges  0x00000458       0x30 .\CortexM3\ARM_GCC_541\Debug\VGMPlayer_v0.6.a(USBUART_pm.o)
 .debug_ranges  0x00000488       0x70 .\CortexM3\ARM_GCC_541\Debug\VGMPlayer_v0.6.a(USBUART_std.o)
 .debug_ranges  0x000004f8       0x10 .\CortexM3\ARM_GCC_541\Debug\VGMPlayer_v0.6.a(USBUART_vnd.o)
 .debug_ranges  0x00000508       0x38 .\CortexM3\ARM_GCC_541\Debug\VGMPlayer_v0.6.a(USBUART_Dp.o)
 .debug_ranges  0x00000540       0xc8 .\CortexM3\ARM_GCC_541\Debug\VGMPlayer_v0.6.a(CyDmac.o)
 .debug_ranges  0x00000608      0x290 .\CortexM3\ARM_GCC_541\Debug\VGMPlayer_v0.6.a(CyLib.o)
 .debug_ranges  0x00000898       0x88 .\CortexM3\ARM_GCC_541\Debug\VGMPlayer_v0.6.a(cyPm.o)
 .debug_ranges  0x00000920       0x18 .\CortexM3\ARM_GCC_541\Debug\VGMPlayer_v0.6.a(USBUART_ep3_dma.o)
 .debug_ranges  0x00000938       0x18 .\CortexM3\ARM_GCC_541\Debug\VGMPlayer_v0.6.a(USBUART_ep2_dma.o)
 .debug_ranges  0x00000950       0x18 .\CortexM3\ARM_GCC_541\Debug\VGMPlayer_v0.6.a(USBUART_ep1_dma.o)
 .debug_ranges  0x00000968       0x28 .\CortexM3\ARM_GCC_541\Debug\VGMPlayer_v0.6.a(YM_A1.o)
 .debug_ranges  0x00000990       0x28 .\CortexM3\ARM_GCC_541\Debug\VGMPlayer_v0.6.a(YM_A0.o)
 .debug_ranges  0x000009b8       0x28 .\CortexM3\ARM_GCC_541\Debug\VGMPlayer_v0.6.a(YM_RD.o)
 .debug_ranges  0x000009e0       0x28 .\CortexM3\ARM_GCC_541\Debug\VGMPlayer_v0.6.a(YM_WR.o)
 .debug_ranges  0x00000a08       0x28 .\CortexM3\ARM_GCC_541\Debug\VGMPlayer_v0.6.a(YM_CS.o)
 .debug_ranges  0x00000a30       0x28 .\CortexM3\ARM_GCC_541\Debug\VGMPlayer_v0.6.a(YM_Data.o)
 .debug_ranges  0x00000a58       0x28 .\CortexM3\ARM_GCC_541\Debug\VGMPlayer_v0.6.a(YM_IC.o)
 .debug_ranges  0x00000a80       0x70 .\CortexM3\ARM_GCC_541\Debug\VGMPlayer_v0.6.a(isr_1.o)
 .debug_ranges  0x00000af0       0x10 .\CortexM3\ARM_GCC_541\Debug\VGMPlayer_v0.6.a(USBUART_cls.o)
 .debug_ranges  0x00000b00       0x78 .\CortexM3\ARM_GCC_541\Debug\VGMPlayer_v0.6.a(CyFlash.o)
 .debug_ranges  0x00000b78       0x70 .\CortexM3\ARM_GCC_541\Debug\VGMPlayer_v0.6.a(CySpc.o)

.comment        0x00000000       0x6e
 .comment       0x00000000       0x6e .\CortexM3\ARM_GCC_541\Debug\usb_uart.o
                                 0x6f (size before relaxing)
 .comment       0x0000006e       0x6f .\CortexM3\ARM_GCC_541\Debug\tty_utils.o
 .comment       0x0000006e       0x6f .\CortexM3\ARM_GCC_541\Debug\utils.o
 .comment       0x0000006e       0x6f .\CortexM3\ARM_GCC_541\Debug\func_list.o
 .comment       0x0000006e       0x6f .\CortexM3\ARM_GCC_541\Debug\main.o
 .comment       0x0000006e       0x6f .\CortexM3\ARM_GCC_541\Debug\cyfitter_cfg.o
 .comment       0x0000006e       0x6f .\CortexM3\ARM_GCC_541\Debug\cymetadata.o
 .comment       0x0000006e       0x6f .\CortexM3\ARM_GCC_541\Debug\Cm3Start.o
 .comment       0x0000006e       0x6f .\CortexM3\ARM_GCC_541\Debug\VGMPlayer_v0.6.a(USBUART.o)
 .comment       0x0000006e       0x6f .\CortexM3\ARM_GCC_541\Debug\VGMPlayer_v0.6.a(USBUART_cdc.o)
 .comment       0x0000006e       0x6f .\CortexM3\ARM_GCC_541\Debug\VGMPlayer_v0.6.a(USBUART_drv.o)
 .comment       0x0000006e       0x6f .\CortexM3\ARM_GCC_541\Debug\VGMPlayer_v0.6.a(USBUART_episr.o)
 .comment       0x0000006e       0x6f .\CortexM3\ARM_GCC_541\Debug\VGMPlayer_v0.6.a(USBUART_pm.o)
 .comment       0x0000006e       0x6f .\CortexM3\ARM_GCC_541\Debug\VGMPlayer_v0.6.a(USBUART_std.o)
 .comment       0x0000006e       0x6f .\CortexM3\ARM_GCC_541\Debug\VGMPlayer_v0.6.a(USBUART_vnd.o)
 .comment       0x0000006e       0x6f .\CortexM3\ARM_GCC_541\Debug\VGMPlayer_v0.6.a(USBUART_Dp.o)
 .comment       0x0000006e       0x6f .\CortexM3\ARM_GCC_541\Debug\VGMPlayer_v0.6.a(CyDmac.o)
 .comment       0x0000006e       0x6f .\CortexM3\ARM_GCC_541\Debug\VGMPlayer_v0.6.a(CyLib.o)
 .comment       0x0000006e       0x6f .\CortexM3\ARM_GCC_541\Debug\VGMPlayer_v0.6.a(cyPm.o)
 .comment       0x0000006e       0x6f .\CortexM3\ARM_GCC_541\Debug\VGMPlayer_v0.6.a(USBUART_ep3_dma.o)
 .comment       0x0000006e       0x6f .\CortexM3\ARM_GCC_541\Debug\VGMPlayer_v0.6.a(USBUART_ep2_dma.o)
 .comment       0x0000006e       0x6f .\CortexM3\ARM_GCC_541\Debug\VGMPlayer_v0.6.a(USBUART_ep1_dma.o)
 .comment       0x0000006e       0x6f .\CortexM3\ARM_GCC_541\Debug\VGMPlayer_v0.6.a(YM_A1.o)
 .comment       0x0000006e       0x6f .\CortexM3\ARM_GCC_541\Debug\VGMPlayer_v0.6.a(YM_A0.o)
 .comment       0x0000006e       0x6f .\CortexM3\ARM_GCC_541\Debug\VGMPlayer_v0.6.a(YM_RD.o)
 .comment       0x0000006e       0x6f .\CortexM3\ARM_GCC_541\Debug\VGMPlayer_v0.6.a(YM_WR.o)
 .comment       0x0000006e       0x6f .\CortexM3\ARM_GCC_541\Debug\VGMPlayer_v0.6.a(YM_CS.o)
 .comment       0x0000006e       0x6f .\CortexM3\ARM_GCC_541\Debug\VGMPlayer_v0.6.a(YM_Data.o)
 .comment       0x0000006e       0x6f .\CortexM3\ARM_GCC_541\Debug\VGMPlayer_v0.6.a(YM_IC.o)
 .comment       0x0000006e       0x6f .\CortexM3\ARM_GCC_541\Debug\VGMPlayer_v0.6.a(isr_1.o)
 .comment       0x0000006e       0x6f .\CortexM3\ARM_GCC_541\Debug\VGMPlayer_v0.6.a(USBUART_cls.o)
 .comment       0x0000006e       0x6f .\CortexM3\ARM_GCC_541\Debug\VGMPlayer_v0.6.a(USBUART_descr.o)
 .comment       0x0000006e       0x6f .\CortexM3\ARM_GCC_541\Debug\VGMPlayer_v0.6.a(CyFlash.o)
 .comment       0x0000006e       0x6f .\CortexM3\ARM_GCC_541\Debug\VGMPlayer_v0.6.a(CySpc.o)

.debug_weaknames
 *(.debug_weaknames)

.debug_funcnames
 *(.debug_funcnames)

.debug_typenames
 *(.debug_typenames)

.debug_varnames
 *(.debug_varnames)

.note.gnu.arm.ident
 *(.note.gnu.arm.ident)

.ARM.attributes
                0x00000000       0x29
 *(.ARM.attributes)
 .ARM.attributes
                0x00000000       0x1d c:/program files (x86)/cypress/psoc creator/4.2/psoc creator/import/gnu/arm/5.4.1/bin/../lib/gcc/arm-none-eabi/5.4.1/armv7-m/crti.o
 .ARM.attributes
                0x0000001d       0x2d c:/program files (x86)/cypress/psoc creator/4.2/psoc creator/import/gnu/arm/5.4.1/bin/../lib/gcc/arm-none-eabi/5.4.1/armv7-m/crtbegin.o
 .ARM.attributes
                0x0000004a       0x1b c:/program files (x86)/cypress/psoc creator/4.2/psoc creator/import/gnu/arm/5.4.1/bin/../lib/gcc/arm-none-eabi/5.4.1/../../../../arm-none-eabi/lib/armv7-m/crt0.o
 .ARM.attributes
                0x00000065       0x33 .\CortexM3\ARM_GCC_541\Debug\usb_uart.o
 .ARM.attributes
                0x00000098       0x33 .\CortexM3\ARM_GCC_541\Debug\tty_utils.o
 .ARM.attributes
                0x000000cb       0x33 .\CortexM3\ARM_GCC_541\Debug\utils.o
 .ARM.attributes
                0x000000fe       0x33 .\CortexM3\ARM_GCC_541\Debug\func_list.o
 .ARM.attributes
                0x00000131       0x33 .\CortexM3\ARM_GCC_541\Debug\main.o
 .ARM.attributes
                0x00000164       0x33 .\CortexM3\ARM_GCC_541\Debug\cyfitter_cfg.o
 .ARM.attributes
                0x00000197       0x33 .\CortexM3\ARM_GCC_541\Debug\cymetadata.o
 .ARM.attributes
                0x000001ca       0x33 .\CortexM3\ARM_GCC_541\Debug\Cm3Start.o
 .ARM.attributes
                0x000001fd       0x33 .\CortexM3\ARM_GCC_541\Debug\VGMPlayer_v0.6.a(USBUART.o)
 .ARM.attributes
                0x00000230       0x33 .\CortexM3\ARM_GCC_541\Debug\VGMPlayer_v0.6.a(USBUART_cdc.o)
 .ARM.attributes
                0x00000263       0x33 .\CortexM3\ARM_GCC_541\Debug\VGMPlayer_v0.6.a(USBUART_drv.o)
 .ARM.attributes
                0x00000296       0x33 .\CortexM3\ARM_GCC_541\Debug\VGMPlayer_v0.6.a(USBUART_episr.o)
 .ARM.attributes
                0x000002c9       0x33 .\CortexM3\ARM_GCC_541\Debug\VGMPlayer_v0.6.a(USBUART_pm.o)
 .ARM.attributes
                0x000002fc       0x33 .\CortexM3\ARM_GCC_541\Debug\VGMPlayer_v0.6.a(USBUART_std.o)
 .ARM.attributes
                0x0000032f       0x33 .\CortexM3\ARM_GCC_541\Debug\VGMPlayer_v0.6.a(USBUART_vnd.o)
 .ARM.attributes
                0x00000362       0x33 .\CortexM3\ARM_GCC_541\Debug\VGMPlayer_v0.6.a(USBUART_Dp.o)
 .ARM.attributes
                0x00000395       0x33 .\CortexM3\ARM_GCC_541\Debug\VGMPlayer_v0.6.a(CyDmac.o)
 .ARM.attributes
                0x000003c8       0x33 .\CortexM3\ARM_GCC_541\Debug\VGMPlayer_v0.6.a(CyLib.o)
 .ARM.attributes
                0x000003fb       0x33 .\CortexM3\ARM_GCC_541\Debug\VGMPlayer_v0.6.a(cyPm.o)
 .ARM.attributes
                0x0000042e       0x33 .\CortexM3\ARM_GCC_541\Debug\VGMPlayer_v0.6.a(USBUART_ep3_dma.o)
 .ARM.attributes
                0x00000461       0x33 .\CortexM3\ARM_GCC_541\Debug\VGMPlayer_v0.6.a(USBUART_ep2_dma.o)
 .ARM.attributes
                0x00000494       0x33 .\CortexM3\ARM_GCC_541\Debug\VGMPlayer_v0.6.a(USBUART_ep1_dma.o)
 .ARM.attributes
                0x000004c7       0x33 .\CortexM3\ARM_GCC_541\Debug\VGMPlayer_v0.6.a(YM_A1.o)
 .ARM.attributes
                0x000004fa       0x33 .\CortexM3\ARM_GCC_541\Debug\VGMPlayer_v0.6.a(YM_A0.o)
 .ARM.attributes
                0x0000052d       0x33 .\CortexM3\ARM_GCC_541\Debug\VGMPlayer_v0.6.a(YM_RD.o)
 .ARM.attributes
                0x00000560       0x33 .\CortexM3\ARM_GCC_541\Debug\VGMPlayer_v0.6.a(YM_WR.o)
 .ARM.attributes
                0x00000593       0x33 .\CortexM3\ARM_GCC_541\Debug\VGMPlayer_v0.6.a(YM_CS.o)
 .ARM.attributes
                0x000005c6       0x33 .\CortexM3\ARM_GCC_541\Debug\VGMPlayer_v0.6.a(YM_Data.o)
 .ARM.attributes
                0x000005f9       0x33 .\CortexM3\ARM_GCC_541\Debug\VGMPlayer_v0.6.a(YM_IC.o)
 .ARM.attributes
                0x0000062c       0x33 .\CortexM3\ARM_GCC_541\Debug\VGMPlayer_v0.6.a(isr_1.o)
 .ARM.attributes
                0x0000065f       0x21 .\CortexM3\ARM_GCC_541\Debug\VGMPlayer_v0.6.a(CyBootAsmGnu.o)
 .ARM.attributes
                0x00000680       0x33 .\CortexM3\ARM_GCC_541\Debug\VGMPlayer_v0.6.a(USBUART_cls.o)
 .ARM.attributes
                0x000006b3       0x33 .\CortexM3\ARM_GCC_541\Debug\VGMPlayer_v0.6.a(USBUART_descr.o)
 .ARM.attributes
                0x000006e6       0x33 .\CortexM3\ARM_GCC_541\Debug\VGMPlayer_v0.6.a(CyFlash.o)
 .ARM.attributes
                0x00000719       0x33 .\CortexM3\ARM_GCC_541\Debug\VGMPlayer_v0.6.a(CySpc.o)
 .ARM.attributes
                0x0000074c       0x2d c:/program files (x86)/cypress/psoc creator/4.2/psoc creator/import/gnu/arm/5.4.1/bin/../lib/gcc/arm-none-eabi/5.4.1/../../../../arm-none-eabi/lib/armv7-m\libg_nano.a(lib_a-errno.o)
 .ARM.attributes
                0x00000779       0x2d c:/program files (x86)/cypress/psoc creator/4.2/psoc creator/import/gnu/arm/5.4.1/bin/../lib/gcc/arm-none-eabi/5.4.1/../../../../arm-none-eabi/lib/armv7-m\libg_nano.a(lib_a-exit.o)
 .ARM.attributes
                0x000007a6       0x2d c:/program files (x86)/cypress/psoc creator/4.2/psoc creator/import/gnu/arm/5.4.1/bin/../lib/gcc/arm-none-eabi/5.4.1/../../../../arm-none-eabi/lib/armv7-m\libg_nano.a(lib_a-impure.o)
 .ARM.attributes
                0x000007d3       0x2d c:/program files (x86)/cypress/psoc creator/4.2/psoc creator/import/gnu/arm/5.4.1/bin/../lib/gcc/arm-none-eabi/5.4.1/../../../../arm-none-eabi/lib/armv7-m\libg_nano.a(lib_a-init.o)
 .ARM.attributes
                0x00000800       0x2d c:/program files (x86)/cypress/psoc creator/4.2/psoc creator/import/gnu/arm/5.4.1/bin/../lib/gcc/arm-none-eabi/5.4.1/../../../../arm-none-eabi/lib/armv7-m\libg_nano.a(lib_a-memcpy-stub.o)
 .ARM.attributes
                0x0000082d       0x2d c:/program files (x86)/cypress/psoc creator/4.2/psoc creator/import/gnu/arm/5.4.1/bin/../lib/gcc/arm-none-eabi/5.4.1/../../../../arm-none-eabi/lib/armv7-m\libg_nano.a(lib_a-memset.o)
 .ARM.attributes
                0x0000085a       0x2d c:/program files (x86)/cypress/psoc creator/4.2/psoc creator/import/gnu/arm/5.4.1/bin/../lib/gcc/arm-none-eabi/5.4.1/../../../../arm-none-eabi/lib/armv7-m\libg_nano.a(lib_a-snprintf.o)
 .ARM.attributes
                0x00000887       0x2d c:/program files (x86)/cypress/psoc creator/4.2/psoc creator/import/gnu/arm/5.4.1/bin/../lib/gcc/arm-none-eabi/5.4.1/../../../../arm-none-eabi/lib/armv7-m\libg_nano.a(lib_a-sscanf.o)
 .ARM.attributes
                0x000008b4       0x2d c:/program files (x86)/cypress/psoc creator/4.2/psoc creator/import/gnu/arm/5.4.1/bin/../lib/gcc/arm-none-eabi/5.4.1/../../../../arm-none-eabi/lib/armv7-m\libg_nano.a(lib_a-stdio.o)
 .ARM.attributes
                0x000008e1       0x1b c:/program files (x86)/cypress/psoc creator/4.2/psoc creator/import/gnu/arm/5.4.1/bin/../lib/gcc/arm-none-eabi/5.4.1/../../../../arm-none-eabi/lib/armv7-m\libg_nano.a(lib_a-strcmp.o)
 .ARM.attributes
                0x000008fc       0x17 c:/program files (x86)/cypress/psoc creator/4.2/psoc creator/import/gnu/arm/5.4.1/bin/../lib/gcc/arm-none-eabi/5.4.1/../../../../arm-none-eabi/lib/armv7-m\libg_nano.a(lib_a-strlen.o)
 .ARM.attributes
                0x00000913       0x2d c:/program files (x86)/cypress/psoc creator/4.2/psoc creator/import/gnu/arm/5.4.1/bin/../lib/gcc/arm-none-eabi/5.4.1/../../../../arm-none-eabi/lib/armv7-m\libg_nano.a(lib_a-writer.o)
 .ARM.attributes
                0x00000940       0x2d c:/program files (x86)/cypress/psoc creator/4.2/psoc creator/import/gnu/arm/5.4.1/bin/../lib/gcc/arm-none-eabi/5.4.1/../../../../arm-none-eabi/lib/armv7-m\libg_nano.a(lib_a-closer.o)
 .ARM.attributes
                0x0000096d       0x2d c:/program files (x86)/cypress/psoc creator/4.2/psoc creator/import/gnu/arm/5.4.1/bin/../lib/gcc/arm-none-eabi/5.4.1/../../../../arm-none-eabi/lib/armv7-m\libg_nano.a(lib_a-lseekr.o)
 .ARM.attributes
                0x0000099a       0x2d c:/program files (x86)/cypress/psoc creator/4.2/psoc creator/import/gnu/arm/5.4.1/bin/../lib/gcc/arm-none-eabi/5.4.1/../../../../arm-none-eabi/lib/armv7-m\libg_nano.a(lib_a-nano-svfprintf.o)
 .ARM.attributes
                0x000009c7       0x2d c:/program files (x86)/cypress/psoc creator/4.2/psoc creator/import/gnu/arm/5.4.1/bin/../lib/gcc/arm-none-eabi/5.4.1/../../../../arm-none-eabi/lib/armv7-m\libg_nano.a(lib_a-nano-svfscanf.o)
 .ARM.attributes
                0x000009f4       0x2d c:/program files (x86)/cypress/psoc creator/4.2/psoc creator/import/gnu/arm/5.4.1/bin/../lib/gcc/arm-none-eabi/5.4.1/../../../../arm-none-eabi/lib/armv7-m\libg_nano.a(lib_a-nano-vfprintf_i.o)
 .ARM.attributes
                0x00000a21       0x2d c:/program files (x86)/cypress/psoc creator/4.2/psoc creator/import/gnu/arm/5.4.1/bin/../lib/gcc/arm-none-eabi/5.4.1/../../../../arm-none-eabi/lib/armv7-m\libg_nano.a(lib_a-nano-vfscanf_i.o)
 .ARM.attributes
                0x00000a4e       0x2d c:/program files (x86)/cypress/psoc creator/4.2/psoc creator/import/gnu/arm/5.4.1/bin/../lib/gcc/arm-none-eabi/5.4.1/../../../../arm-none-eabi/lib/armv7-m\libg_nano.a(lib_a-readr.o)
 .ARM.attributes
                0x00000a7b       0x2d c:/program files (x86)/cypress/psoc creator/4.2/psoc creator/import/gnu/arm/5.4.1/bin/../lib/gcc/arm-none-eabi/5.4.1/../../../../arm-none-eabi/lib/armv7-m\libg_nano.a(lib_a-reent.o)
 .ARM.attributes
                0x00000aa8       0x2d c:/program files (x86)/cypress/psoc creator/4.2/psoc creator/import/gnu/arm/5.4.1/bin/../lib/gcc/arm-none-eabi/5.4.1/../../../../arm-none-eabi/lib/armv7-m\libg_nano.a(lib_a-sccl.o)
 .ARM.attributes
                0x00000ad5       0x2d c:/program files (x86)/cypress/psoc creator/4.2/psoc creator/import/gnu/arm/5.4.1/bin/../lib/gcc/arm-none-eabi/5.4.1/../../../../arm-none-eabi/lib/armv7-m\libg_nano.a(lib_a-strtol.o)
 .ARM.attributes
                0x00000b02       0x2d c:/program files (x86)/cypress/psoc creator/4.2/psoc creator/import/gnu/arm/5.4.1/bin/../lib/gcc/arm-none-eabi/5.4.1/../../../../arm-none-eabi/lib/armv7-m\libg_nano.a(lib_a-strtoul.o)
 .ARM.attributes
                0x00000b2f       0x2d c:/program files (x86)/cypress/psoc creator/4.2/psoc creator/import/gnu/arm/5.4.1/bin/../lib/gcc/arm-none-eabi/5.4.1/../../../../arm-none-eabi/lib/armv7-m\libg_nano.a(lib_a-ungetc.o)
 .ARM.attributes
                0x00000b5c       0x2d c:/program files (x86)/cypress/psoc creator/4.2/psoc creator/import/gnu/arm/5.4.1/bin/../lib/gcc/arm-none-eabi/5.4.1/../../../../arm-none-eabi/lib/armv7-m\libg_nano.a(lib_a-ctype_.o)
 .ARM.attributes
                0x00000b89       0x2d c:/program files (x86)/cypress/psoc creator/4.2/psoc creator/import/gnu/arm/5.4.1/bin/../lib/gcc/arm-none-eabi/5.4.1/../../../../arm-none-eabi/lib/armv7-m\libg_nano.a(lib_a-fflush.o)
 .ARM.attributes
                0x00000bb6       0x2d c:/program files (x86)/cypress/psoc creator/4.2/psoc creator/import/gnu/arm/5.4.1/bin/../lib/gcc/arm-none-eabi/5.4.1/../../../../arm-none-eabi/lib/armv7-m\libg_nano.a(lib_a-findfp.o)
 .ARM.attributes
                0x00000be3       0x2d c:/program files (x86)/cypress/psoc creator/4.2/psoc creator/import/gnu/arm/5.4.1/bin/../lib/gcc/arm-none-eabi/5.4.1/../../../../arm-none-eabi/lib/armv7-m\libg_nano.a(lib_a-fwalk.o)
 .ARM.attributes
                0x00000c10       0x2d c:/program files (x86)/cypress/psoc creator/4.2/psoc creator/import/gnu/arm/5.4.1/bin/../lib/gcc/arm-none-eabi/5.4.1/../../../../arm-none-eabi/lib/armv7-m\libg_nano.a(lib_a-memchr-stub.o)
 .ARM.attributes
                0x00000c3d       0x2d c:/program files (x86)/cypress/psoc creator/4.2/psoc creator/import/gnu/arm/5.4.1/bin/../lib/gcc/arm-none-eabi/5.4.1/../../../../arm-none-eabi/lib/armv7-m\libg_nano.a(lib_a-memmove.o)
 .ARM.attributes
                0x00000c6a       0x2d c:/program files (x86)/cypress/psoc creator/4.2/psoc creator/import/gnu/arm/5.4.1/bin/../lib/gcc/arm-none-eabi/5.4.1/../../../../arm-none-eabi/lib/armv7-m\libg_nano.a(lib_a-nano-freer.o)
 .ARM.attributes
                0x00000c97       0x2d c:/program files (x86)/cypress/psoc creator/4.2/psoc creator/import/gnu/arm/5.4.1/bin/../lib/gcc/arm-none-eabi/5.4.1/../../../../arm-none-eabi/lib/armv7-m\libg_nano.a(lib_a-nano-mallocr.o)
 .ARM.attributes
                0x00000cc4       0x2d c:/program files (x86)/cypress/psoc creator/4.2/psoc creator/import/gnu/arm/5.4.1/bin/../lib/gcc/arm-none-eabi/5.4.1/../../../../arm-none-eabi/lib/armv7-m\libg_nano.a(lib_a-nano-reallocr.o)
 .ARM.attributes